[2025-06-27T00:00:26.353+0000] {taskinstance.py:1956} INFO - Dependencies all met for dep_context=non-requeueable deps ti=<TaskInstance: restaurant_etl_pipeline.update_olap_views scheduled__2025-06-26T18:00:00+00:00 [queued]>
[2025-06-27T00:00:26.360+0000] {taskinstance.py:1956} INFO - Dependencies all met for dep_context=requeueable deps ti=<TaskInstance: restaurant_etl_pipeline.update_olap_views scheduled__2025-06-26T18:00:00+00:00 [queued]>
[2025-06-27T00:00:26.361+0000] {taskinstance.py:2170} INFO - Starting attempt 1 of 3
[2025-06-27T00:00:26.371+0000] {taskinstance.py:2191} INFO - Executing <Task(PythonOperator): update_olap_views> on 2025-06-26 18:00:00+00:00
[2025-06-27T00:00:26.377+0000] {standard_task_runner.py:60} INFO - Started process 2959 to run task
[2025-06-27T00:00:26.379+0000] {standard_task_runner.py:87} INFO - Running: ['airflow', 'tasks', 'run', 'restaurant_etl_pipeline', 'update_olap_views', 'scheduled__2025-06-26T18:00:00+00:00', '--job-id', '91', '--raw', '--subdir', 'DAGS_FOLDER/restaurant_etl_dag.py', '--cfg-path', '/tmp/tmp5kpoka8c']
[2025-06-27T00:00:26.380+0000] {standard_task_runner.py:88} INFO - Job 91: Subtask update_olap_views
[2025-06-27T00:00:26.418+0000] {task_command.py:423} INFO - Running <TaskInstance: restaurant_etl_pipeline.update_olap_views scheduled__2025-06-26T18:00:00+00:00 [running]> on host d3028e9b49fd
[2025-06-27T00:00:26.474+0000] {taskinstance.py:2480} INFO - Exporting env vars: AIRFLOW_CTX_DAG_OWNER='restaurant-analytics' AIRFLOW_CTX_DAG_ID='restaurant_etl_pipeline' AIRFLOW_CTX_TASK_ID='update_olap_views' AIRFLOW_CTX_EXECUTION_DATE='2025-06-26T18:00:00+00:00' AIRFLOW_CTX_TRY_NUMBER='1' AIRFLOW_CTX_DAG_RUN_ID='scheduled__2025-06-26T18:00:00+00:00'
[2025-06-27T00:00:26.475+0000] {restaurant_etl_dag.py:466} INFO - 🔄 Actualizando vistas OLAP...
[2025-06-27T00:00:26.481+0000] {restaurant_etl_dag.py:494} INFO - ✅ Estadísticas de tablas actualizadas
[2025-06-27T00:00:26.483+0000] {restaurant_etl_dag.py:506} INFO - 📊 Vistas OLAP disponibles: 9
[2025-06-27T00:00:26.483+0000] {restaurant_etl_dag.py:508} INFO -    - vista_actividad_clientes_zona
[2025-06-27T00:00:26.484+0000] {restaurant_etl_dag.py:508} INFO -    - vista_dashboard_actividad_zona
[2025-06-27T00:00:26.484+0000] {restaurant_etl_dag.py:508} INFO -    - vista_dashboard_estadisticas_pedidos
[2025-06-27T00:00:26.485+0000] {restaurant_etl_dag.py:508} INFO -    - vista_dashboard_estadisticas_pedidos_v2
[2025-06-27T00:00:26.485+0000] {restaurant_etl_dag.py:508} INFO -    - vista_dashboard_estados_detallado
[2025-06-27T00:00:26.486+0000] {restaurant_etl_dag.py:508} INFO -    - vista_dashboard_ingresos_categoria
[2025-06-27T00:00:26.486+0000] {restaurant_etl_dag.py:508} INFO -    - vista_estadisticas_pedidos
[2025-06-27T00:00:26.487+0000] {restaurant_etl_dag.py:508} INFO -    - vista_estadisticas_reservas
[2025-06-27T00:00:26.487+0000] {restaurant_etl_dag.py:508} INFO -    - vista_ingresos_mes_categoria
[2025-06-27T00:00:26.487+0000] {restaurant_etl_dag.py:513} INFO - ✅ Vistas OLAP actualizadas
[2025-06-27T00:00:26.488+0000] {python.py:201} INFO - Done. Returned value was: {'status': 'success', 'views_count': 9}
[2025-06-27T00:00:26.503+0000] {taskinstance.py:1138} INFO - Marking task as SUCCESS. dag_id=restaurant_etl_pipeline, task_id=update_olap_views, execution_date=20250626T180000, start_date=20250627T000026, end_date=20250627T000026
[2025-06-27T00:00:26.552+0000] {local_task_job_runner.py:234} INFO - Task exited with return code 0
[2025-06-27T00:00:26.565+0000] {taskinstance.py:3280} INFO - 0 downstream tasks scheduled from follow-on schedule check
