[2025-06-26T04:49:40.509+0000] {taskinstance.py:1956} INFO - Dependencies all met for dep_context=non-requeueable deps ti=<TaskInstance: restaurant_maintenance.system_health_check scheduled__2025-06-25T02:00:00+00:00 [queued]>
[2025-06-26T04:49:40.516+0000] {taskinstance.py:1956} INFO - Dependencies all met for dep_context=requeueable deps ti=<TaskInstance: restaurant_maintenance.system_health_check scheduled__2025-06-25T02:00:00+00:00 [queued]>
[2025-06-26T04:49:40.517+0000] {taskinstance.py:2170} INFO - Starting attempt 1 of 2
[2025-06-26T04:49:40.529+0000] {taskinstance.py:2191} INFO - Executing <Task(PythonOperator): system_health_check> on 2025-06-25 02:00:00+00:00
[2025-06-26T04:49:40.535+0000] {standard_task_runner.py:60} INFO - Started process 360 to run task
[2025-06-26T04:49:40.538+0000] {standard_task_runner.py:87} INFO - Running: ['airflow', 'tasks', 'run', 'restaurant_maintenance', 'system_health_check', 'scheduled__2025-06-25T02:00:00+00:00', '--job-id', '4', '--raw', '--subdir', 'DAGS_FOLDER/maintenance_dag.py', '--cfg-path', '/tmp/tmp5yd08fw8']
[2025-06-26T04:49:40.542+0000] {standard_task_runner.py:88} INFO - Job 4: Subtask system_health_check
[2025-06-26T04:49:40.636+0000] {task_command.py:423} INFO - Running <TaskInstance: restaurant_maintenance.system_health_check scheduled__2025-06-25T02:00:00+00:00 [running]> on host 9410cd1047e7
[2025-06-26T04:49:40.730+0000] {taskinstance.py:2480} INFO - Exporting env vars: AIRFLOW_CTX_DAG_OWNER='restaurant-admin' AIRFLOW_CTX_DAG_ID='restaurant_maintenance' AIRFLOW_CTX_TASK_ID='system_health_check' AIRFLOW_CTX_EXECUTION_DATE='2025-06-25T02:00:00+00:00' AIRFLOW_CTX_TRY_NUMBER='1' AIRFLOW_CTX_DAG_RUN_ID='scheduled__2025-06-25T02:00:00+00:00'
[2025-06-26T04:49:40.733+0000] {maintenance_dag.py:46} INFO - 🏥 Verificando salud del sistema...
[2025-06-26T04:49:40.757+0000] {maintenance_dag.py:88} ERROR - ❌ Error en verificación de salud: The conn_id `postgres_restaurant` isn't defined
[2025-06-26T04:49:40.769+0000] {taskinstance.py:2698} ERROR - Task failed with exception
Traceback (most recent call last):
  File "/home/airflow/.local/lib/python3.11/site-packages/airflow/models/taskinstance.py", line 433, in _execute_task
    result = execute_callable(context=context, **execute_callable_kwargs)
             ^^^^^^^^^^^^^^^^^^^^^^^^^^^^^^^^^^^^^^^^^^^^^^^^^^^^^^^^^^^^
  File "/home/airflow/.local/lib/python3.11/site-packages/airflow/operators/python.py", line 199, in execute
    return_value = self.execute_callable()
                   ^^^^^^^^^^^^^^^^^^^^^^^
  File "/home/airflow/.local/lib/python3.11/site-packages/airflow/operators/python.py", line 216, in execute_callable
    return self.python_callable(*self.op_args, **self.op_kwargs)
           ^^^^^^^^^^^^^^^^^^^^^^^^^^^^^^^^^^^^^^^^^^^^^^^^^^^^^
  File "/opt/airflow/dags/maintenance_dag.py", line 68, in system_health_check
    activity = pg_hook.get_first(sql_last_activity)
               ^^^^^^^^^^^^^^^^^^^^^^^^^^^^^^^^^^^^
  File "/home/airflow/.local/lib/python3.11/site-packages/airflow/providers/common/sql/hooks/sql.py", line 270, in get_first
    return self.run(sql=sql, parameters=parameters, handler=fetch_one_handler)
           ^^^^^^^^^^^^^^^^^^^^^^^^^^^^^^^^^^^^^^^^^^^^^^^^^^^^^^^^^^^^^^^^^^^
  File "/home/airflow/.local/lib/python3.11/site-packages/airflow/providers/common/sql/hooks/sql.py", line 391, in run
    with closing(self.get_conn()) as conn:
                 ^^^^^^^^^^^^^^^
  File "/home/airflow/.local/lib/python3.11/site-packages/airflow/providers/postgres/hooks/postgres.py", line 128, in get_conn
    conn = deepcopy(self.connection or self.get_connection(conn_id))
                                       ^^^^^^^^^^^^^^^^^^^^^^^^^^^^
  File "/home/airflow/.local/lib/python3.11/site-packages/airflow/hooks/base.py", line 82, in get_connection
    conn = Connection.get_connection_from_secrets(conn_id)
           ^^^^^^^^^^^^^^^^^^^^^^^^^^^^^^^^^^^^^^^^^^^^^^^
  File "/home/airflow/.local/lib/python3.11/site-packages/airflow/models/connection.py", line 479, in get_connection_from_secrets
    raise AirflowNotFoundException(f"The conn_id `{conn_id}` isn't defined")
airflow.exceptions.AirflowNotFoundException: The conn_id `postgres_restaurant` isn't defined
[2025-06-26T04:49:40.778+0000] {taskinstance.py:1138} INFO - Marking task as UP_FOR_RETRY. dag_id=restaurant_maintenance, task_id=system_health_check, execution_date=20250625T020000, start_date=20250626T044940, end_date=20250626T044940
[2025-06-26T04:49:40.789+0000] {standard_task_runner.py:107} ERROR - Failed to execute job 4 for task system_health_check (The conn_id `postgres_restaurant` isn't defined; 360)
[2025-06-26T04:49:40.835+0000] {local_task_job_runner.py:234} INFO - Task exited with return code 1
[2025-06-26T04:49:40.855+0000] {taskinstance.py:3280} INFO - 0 downstream tasks scheduled from follow-on schedule check
