[2025-06-26T04:49:37.184+0000] {taskinstance.py:1956} INFO - Dependencies all met for dep_context=non-requeueable deps ti=<TaskInstance: restaurant_etl_pipeline.check_data_quality scheduled__2025-06-25T00:00:00+00:00 [queued]>
[2025-06-26T04:49:37.198+0000] {taskinstance.py:1956} INFO - Dependencies all met for dep_context=requeueable deps ti=<TaskInstance: restaurant_etl_pipeline.check_data_quality scheduled__2025-06-25T00:00:00+00:00 [queued]>
[2025-06-26T04:49:37.199+0000] {taskinstance.py:2170} INFO - Starting attempt 1 of 3
[2025-06-26T04:49:37.217+0000] {taskinstance.py:2191} INFO - Executing <Task(PythonOperator): check_data_quality> on 2025-06-25 00:00:00+00:00
[2025-06-26T04:49:37.226+0000] {standard_task_runner.py:60} INFO - Started process 356 to run task
[2025-06-26T04:49:37.242+0000] {standard_task_runner.py:87} INFO - Running: ['airflow', 'tasks', 'run', 'restaurant_etl_pipeline', 'check_data_quality', 'scheduled__2025-06-25T00:00:00+00:00', '--job-id', '2', '--raw', '--subdir', 'DAGS_FOLDER/restaurant_etl_dag.py', '--cfg-path', '/tmp/tmpy2gxqmeh']
[2025-06-26T04:49:37.260+0000] {standard_task_runner.py:88} INFO - Job 2: Subtask check_data_quality
[2025-06-26T04:49:37.333+0000] {task_command.py:423} INFO - Running <TaskInstance: restaurant_etl_pipeline.check_data_quality scheduled__2025-06-25T00:00:00+00:00 [running]> on host 9410cd1047e7
[2025-06-26T04:49:37.480+0000] {taskinstance.py:2480} INFO - Exporting env vars: AIRFLOW_CTX_DAG_OWNER='restaurant-analytics' AIRFLOW_CTX_DAG_ID='restaurant_etl_pipeline' AIRFLOW_CTX_TASK_ID='check_data_quality' AIRFLOW_CTX_EXECUTION_DATE='2025-06-25T00:00:00+00:00' AIRFLOW_CTX_TRY_NUMBER='1' AIRFLOW_CTX_DAG_RUN_ID='scheduled__2025-06-25T00:00:00+00:00'
[2025-06-26T04:49:37.485+0000] {restaurant_etl_dag.py:58} INFO - 🔍 Verificando calidad de datos...
[2025-06-26T04:49:37.497+0000] {restaurant_etl_dag.py:106} ERROR - ❌ Error en verificación de calidad: The conn_id `postgres_restaurant` isn't defined
[2025-06-26T04:49:37.508+0000] {taskinstance.py:2698} ERROR - Task failed with exception
Traceback (most recent call last):
  File "/home/airflow/.local/lib/python3.11/site-packages/airflow/models/taskinstance.py", line 433, in _execute_task
    result = execute_callable(context=context, **execute_callable_kwargs)
             ^^^^^^^^^^^^^^^^^^^^^^^^^^^^^^^^^^^^^^^^^^^^^^^^^^^^^^^^^^^^
  File "/home/airflow/.local/lib/python3.11/site-packages/airflow/operators/python.py", line 199, in execute
    return_value = self.execute_callable()
                   ^^^^^^^^^^^^^^^^^^^^^^^
  File "/home/airflow/.local/lib/python3.11/site-packages/airflow/operators/python.py", line 216, in execute_callable
    return self.python_callable(*self.op_args, **self.op_kwargs)
           ^^^^^^^^^^^^^^^^^^^^^^^^^^^^^^^^^^^^^^^^^^^^^^^^^^^^^
  File "/opt/airflow/dags/restaurant_etl_dag.py", line 70, in check_data_quality
    recent_orders = pg_hook.get_first(sql_check_recent_data)[0]
                    ^^^^^^^^^^^^^^^^^^^^^^^^^^^^^^^^^^^^^^^^
  File "/home/airflow/.local/lib/python3.11/site-packages/airflow/providers/common/sql/hooks/sql.py", line 270, in get_first
    return self.run(sql=sql, parameters=parameters, handler=fetch_one_handler)
           ^^^^^^^^^^^^^^^^^^^^^^^^^^^^^^^^^^^^^^^^^^^^^^^^^^^^^^^^^^^^^^^^^^^
  File "/home/airflow/.local/lib/python3.11/site-packages/airflow/providers/common/sql/hooks/sql.py", line 391, in run
    with closing(self.get_conn()) as conn:
                 ^^^^^^^^^^^^^^^
  File "/home/airflow/.local/lib/python3.11/site-packages/airflow/providers/postgres/hooks/postgres.py", line 128, in get_conn
    conn = deepcopy(self.connection or self.get_connection(conn_id))
                                       ^^^^^^^^^^^^^^^^^^^^^^^^^^^^
  File "/home/airflow/.local/lib/python3.11/site-packages/airflow/hooks/base.py", line 82, in get_connection
    conn = Connection.get_connection_from_secrets(conn_id)
           ^^^^^^^^^^^^^^^^^^^^^^^^^^^^^^^^^^^^^^^^^^^^^^^
  File "/home/airflow/.local/lib/python3.11/site-packages/airflow/models/connection.py", line 479, in get_connection_from_secrets
    raise AirflowNotFoundException(f"The conn_id `{conn_id}` isn't defined")
airflow.exceptions.AirflowNotFoundException: The conn_id `postgres_restaurant` isn't defined
[2025-06-26T04:49:37.519+0000] {taskinstance.py:1138} INFO - Marking task as UP_FOR_RETRY. dag_id=restaurant_etl_pipeline, task_id=check_data_quality, execution_date=20250625T000000, start_date=20250626T044937, end_date=20250626T044937
[2025-06-26T04:49:37.533+0000] {standard_task_runner.py:107} ERROR - Failed to execute job 2 for task check_data_quality (The conn_id `postgres_restaurant` isn't defined; 356)
[2025-06-26T04:49:37.547+0000] {local_task_job_runner.py:234} INFO - Task exited with return code 1
[2025-06-26T04:49:37.568+0000] {taskinstance.py:3280} INFO - 0 downstream tasks scheduled from follow-on schedule check
