[2025-06-26T22:26:04.389+0000] {taskinstance.py:1956} INFO - Dependencies all met for dep_context=non-requeueable deps ti=<TaskInstance: restaurant_etl_pipeline.extract_data_postgres manual__2025-06-26T22:26:02.656132+00:00 [queued]>
[2025-06-26T22:26:04.395+0000] {taskinstance.py:1956} INFO - Dependencies all met for dep_context=requeueable deps ti=<TaskInstance: restaurant_etl_pipeline.extract_data_postgres manual__2025-06-26T22:26:02.656132+00:00 [queued]>
[2025-06-26T22:26:04.396+0000] {taskinstance.py:2170} INFO - Starting attempt 1 of 3
[2025-06-26T22:26:04.404+0000] {taskinstance.py:2191} INFO - Executing <Task(PythonOperator): extract_data_postgres> on 2025-06-26 22:26:02.656132+00:00
[2025-06-26T22:26:04.410+0000] {standard_task_runner.py:60} INFO - Started process 391 to run task
[2025-06-26T22:26:04.412+0000] {standard_task_runner.py:87} INFO - Running: ['airflow', 'tasks', 'run', 'restaurant_etl_pipeline', 'extract_data_postgres', 'manual__2025-06-26T22:26:02.656132+00:00', '--job-id', '58', '--raw', '--subdir', 'DAGS_FOLDER/restaurant_etl_dag.py', '--cfg-path', '/tmp/tmpzm10kav_']
[2025-06-26T22:26:04.413+0000] {standard_task_runner.py:88} INFO - Job 58: Subtask extract_data_postgres
[2025-06-26T22:26:04.447+0000] {task_command.py:423} INFO - Running <TaskInstance: restaurant_etl_pipeline.extract_data_postgres manual__2025-06-26T22:26:02.656132+00:00 [running]> on host d3028e9b49fd
[2025-06-26T22:26:04.509+0000] {taskinstance.py:2480} INFO - Exporting env vars: AIRFLOW_CTX_DAG_OWNER='restaurant-analytics' AIRFLOW_CTX_DAG_ID='restaurant_etl_pipeline' AIRFLOW_CTX_TASK_ID='extract_data_postgres' AIRFLOW_CTX_EXECUTION_DATE='2025-06-26T22:26:02.656132+00:00' AIRFLOW_CTX_TRY_NUMBER='1' AIRFLOW_CTX_DAG_RUN_ID='manual__2025-06-26T22:26:02.656132+00:00'
[2025-06-26T22:26:04.510+0000] {restaurant_etl_dag.py:109} INFO - 📤 Extrayendo datos de PostgreSQL...
[2025-06-26T22:26:04.515+0000] {restaurant_etl_dag.py:140} INFO - 📊 Datos mensuales extraídos: 0 registros
[2025-06-26T22:26:04.516+0000] {restaurant_etl_dag.py:155} INFO - 🍽️ Productos por categoría:
[2025-06-26T22:26:04.516+0000] {restaurant_etl_dag.py:157} INFO -    Platos Principales: 5 productos
[2025-06-26T22:26:04.517+0000] {restaurant_etl_dag.py:157} INFO -    Postres: 3 productos
[2025-06-26T22:26:04.517+0000] {restaurant_etl_dag.py:157} INFO -    Bebidas: 3 productos
[2025-06-26T22:26:04.517+0000] {restaurant_etl_dag.py:157} INFO -    Entradas: 3 productos
[2025-06-26T22:26:04.517+0000] {restaurant_etl_dag.py:157} INFO -    Especiales: 2 productos
[2025-06-26T22:26:04.517+0000] {restaurant_etl_dag.py:157} INFO -    Ensaladas: 2 productos
[2025-06-26T22:26:04.518+0000] {restaurant_etl_dag.py:162} INFO - ✅ Extracción de datos completada exitosamente
[2025-06-26T22:26:04.518+0000] {python.py:201} INFO - Done. Returned value was: {'monthly_summary': [], 'products_by_category': [('Platos Principales', 5), ('Postres', 3), ('Bebidas', 3), ('Entradas', 3), ('Especiales', 2), ('Ensaladas', 2)], 'extraction_timestamp': '2025-06-26T22:26:04.518340', 'status': 'success'}
[2025-06-26T22:26:04.535+0000] {taskinstance.py:1138} INFO - Marking task as SUCCESS. dag_id=restaurant_etl_pipeline, task_id=extract_data_postgres, execution_date=20250626T222602, start_date=20250626T222604, end_date=20250626T222604
[2025-06-26T22:26:04.584+0000] {local_task_job_runner.py:234} INFO - Task exited with return code 0
[2025-06-26T22:26:04.603+0000] {taskinstance.py:3280} INFO - 1 downstream tasks scheduled from follow-on schedule check
