[2025-06-26T22:39:45.479+0000] {taskinstance.py:1956} INFO - Dependencies all met for dep_context=non-requeueable deps ti=<TaskInstance: restaurant_maintenance.generate_daily_report manual__2025-06-26T22:29:41.147255+00:00 [queued]>
[2025-06-26T22:39:45.486+0000] {taskinstance.py:1956} INFO - Dependencies all met for dep_context=requeueable deps ti=<TaskInstance: restaurant_maintenance.generate_daily_report manual__2025-06-26T22:29:41.147255+00:00 [queued]>
[2025-06-26T22:39:45.487+0000] {taskinstance.py:2170} INFO - Starting attempt 1 of 2
[2025-06-26T22:39:45.501+0000] {taskinstance.py:2191} INFO - Executing <Task(PythonOperator): generate_daily_report> on 2025-06-26 22:29:41.147255+00:00
[2025-06-26T22:39:45.509+0000] {standard_task_runner.py:60} INFO - Started process 422 to run task
[2025-06-26T22:39:45.511+0000] {standard_task_runner.py:87} INFO - Running: ['airflow', 'tasks', 'run', 'restaurant_maintenance', 'generate_daily_report', 'manual__2025-06-26T22:29:41.147255+00:00', '--job-id', '76', '--raw', '--subdir', 'DAGS_FOLDER/maintenance_dag.py', '--cfg-path', '/tmp/tmpr2bimxc1']
[2025-06-26T22:39:45.513+0000] {standard_task_runner.py:88} INFO - Job 76: Subtask generate_daily_report
[2025-06-26T22:39:45.571+0000] {task_command.py:423} INFO - Running <TaskInstance: restaurant_maintenance.generate_daily_report manual__2025-06-26T22:29:41.147255+00:00 [running]> on host d3028e9b49fd
[2025-06-26T22:39:45.637+0000] {taskinstance.py:2480} INFO - Exporting env vars: AIRFLOW_CTX_DAG_OWNER='restaurant-admin' AIRFLOW_CTX_DAG_ID='restaurant_maintenance' AIRFLOW_CTX_TASK_ID='generate_daily_report' AIRFLOW_CTX_EXECUTION_DATE='2025-06-26T22:29:41.147255+00:00' AIRFLOW_CTX_TRY_NUMBER='1' AIRFLOW_CTX_DAG_RUN_ID='manual__2025-06-26T22:29:41.147255+00:00'
[2025-06-26T22:39:45.639+0000] {maintenance_dag.py:326} INFO - 📊 Generando reporte diario...
[2025-06-26T22:39:45.647+0000] {maintenance_dag.py:413} INFO - 📈 REPORTE DIARIO GENERADO
[2025-06-26T22:39:45.648+0000] {maintenance_dag.py:414} INFO - ==================================================
[2025-06-26T22:39:45.648+0000] {maintenance_dag.py:415} INFO - 📅 Fecha: 2025-06-25 00:00:00
[2025-06-26T22:39:45.649+0000] {maintenance_dag.py:416} INFO - 📊 Pedidos totales: 0
[2025-06-26T22:39:45.649+0000] {maintenance_dag.py:417} INFO - ✅ Pedidos completados: 0
[2025-06-26T22:39:45.650+0000] {maintenance_dag.py:418} INFO - ❌ Pedidos cancelados: 0
[2025-06-26T22:39:45.650+0000] {maintenance_dag.py:419} INFO - 💰 Ingresos del día: $0.00
[2025-06-26T22:39:45.650+0000] {maintenance_dag.py:420} INFO - 👥 Clientes activos: 0
[2025-06-26T22:39:45.651+0000] {maintenance_dag.py:421} INFO - 🎫 Ticket promedio: $0.00
[2025-06-26T22:39:45.651+0000] {maintenance_dag.py:433} INFO - ==================================================
[2025-06-26T22:39:45.651+0000] {python.py:201} INFO - Done. Returned value was: {'fecha': '2025-06-25 00:00:00', 'pedidos_totales': 0, 'pedidos_completados': 0, 'pedidos_cancelados': 0, 'ingresos_dia': 0, 'clientes_activos': 0, 'ticket_promedio': 0, 'productos_top': [], 'actividad_por_zona': []}
[2025-06-26T22:39:45.672+0000] {taskinstance.py:1138} INFO - Marking task as SUCCESS. dag_id=restaurant_maintenance, task_id=generate_daily_report, execution_date=20250626T222941, start_date=20250626T223945, end_date=20250626T223945
[2025-06-26T22:39:45.724+0000] {local_task_job_runner.py:234} INFO - Task exited with return code 0
[2025-06-26T22:39:45.740+0000] {taskinstance.py:3280} INFO - 1 downstream tasks scheduled from follow-on schedule check
