[2025-06-26T22:36:57.179+0000] {taskinstance.py:1956} INFO - Dependencies all met for dep_context=non-requeueable deps ti=<TaskInstance: restaurant_maintenance.generate_daily_report manual__2025-06-26T22:36:54.444308+00:00 [queued]>
[2025-06-26T22:36:57.187+0000] {taskinstance.py:1956} INFO - Dependencies all met for dep_context=requeueable deps ti=<TaskInstance: restaurant_maintenance.generate_daily_report manual__2025-06-26T22:36:54.444308+00:00 [queued]>
[2025-06-26T22:36:57.187+0000] {taskinstance.py:2170} INFO - Starting attempt 1 of 2
[2025-06-26T22:36:57.198+0000] {taskinstance.py:2191} INFO - Executing <Task(PythonOperator): generate_daily_report> on 2025-06-26 22:36:54.444308+00:00
[2025-06-26T22:36:57.205+0000] {standard_task_runner.py:60} INFO - Started process 321 to run task
[2025-06-26T22:36:57.207+0000] {standard_task_runner.py:87} INFO - Running: ['airflow', 'tasks', 'run', 'restaurant_maintenance', 'generate_daily_report', 'manual__2025-06-26T22:36:54.444308+00:00', '--job-id', '70', '--raw', '--subdir', 'DAGS_FOLDER/maintenance_dag.py', '--cfg-path', '/tmp/tmpnp74bk_l']
[2025-06-26T22:36:57.209+0000] {standard_task_runner.py:88} INFO - Job 70: Subtask generate_daily_report
[2025-06-26T22:36:57.252+0000] {task_command.py:423} INFO - Running <TaskInstance: restaurant_maintenance.generate_daily_report manual__2025-06-26T22:36:54.444308+00:00 [running]> on host d3028e9b49fd
[2025-06-26T22:36:57.312+0000] {taskinstance.py:2480} INFO - Exporting env vars: AIRFLOW_CTX_DAG_OWNER='restaurant-admin' AIRFLOW_CTX_DAG_ID='restaurant_maintenance' AIRFLOW_CTX_TASK_ID='generate_daily_report' AIRFLOW_CTX_EXECUTION_DATE='2025-06-26T22:36:54.444308+00:00' AIRFLOW_CTX_TRY_NUMBER='1' AIRFLOW_CTX_DAG_RUN_ID='manual__2025-06-26T22:36:54.444308+00:00'
[2025-06-26T22:36:57.314+0000] {maintenance_dag.py:326} INFO - 📊 Generando reporte diario...
[2025-06-26T22:36:57.321+0000] {maintenance_dag.py:413} INFO - 📈 REPORTE DIARIO GENERADO
[2025-06-26T22:36:57.323+0000] {maintenance_dag.py:414} INFO - ==================================================
[2025-06-26T22:36:57.323+0000] {maintenance_dag.py:415} INFO - 📅 Fecha: 2025-06-25 00:00:00
[2025-06-26T22:36:57.324+0000] {maintenance_dag.py:416} INFO - 📊 Pedidos totales: 0
[2025-06-26T22:36:57.324+0000] {maintenance_dag.py:417} INFO - ✅ Pedidos completados: 0
[2025-06-26T22:36:57.324+0000] {maintenance_dag.py:418} INFO - ❌ Pedidos cancelados: 0
[2025-06-26T22:36:57.325+0000] {maintenance_dag.py:419} INFO - 💰 Ingresos del día: $0.00
[2025-06-26T22:36:57.325+0000] {maintenance_dag.py:420} INFO - 👥 Clientes activos: 0
[2025-06-26T22:36:57.325+0000] {maintenance_dag.py:421} INFO - 🎫 Ticket promedio: $0.00
[2025-06-26T22:36:57.326+0000] {maintenance_dag.py:433} INFO - ==================================================
[2025-06-26T22:36:57.327+0000] {python.py:201} INFO - Done. Returned value was: {'fecha': '2025-06-25 00:00:00', 'pedidos_totales': 0, 'pedidos_completados': 0, 'pedidos_cancelados': 0, 'ingresos_dia': 0, 'clientes_activos': 0, 'ticket_promedio': 0, 'productos_top': [], 'actividad_por_zona': []}
[2025-06-26T22:36:57.343+0000] {taskinstance.py:1138} INFO - Marking task as SUCCESS. dag_id=restaurant_maintenance, task_id=generate_daily_report, execution_date=20250626T223654, start_date=20250626T223657, end_date=20250626T223657
[2025-06-26T22:36:57.380+0000] {local_task_job_runner.py:234} INFO - Task exited with return code 0
[2025-06-26T22:36:57.394+0000] {taskinstance.py:3280} INFO - 1 downstream tasks scheduled from follow-on schedule check
