[2025-06-27T02:06:38.278+0000] {taskinstance.py:1956} INFO - Dependencies all met for dep_context=non-requeueable deps ti=<TaskInstance: restaurant_maintenance.check_disk_space scheduled__2025-06-26T02:00:00+00:00 [queued]>
[2025-06-27T02:06:38.290+0000] {taskinstance.py:1956} INFO - Dependencies all met for dep_context=requeueable deps ti=<TaskInstance: restaurant_maintenance.check_disk_space scheduled__2025-06-26T02:00:00+00:00 [queued]>
[2025-06-27T02:06:38.296+0000] {taskinstance.py:2170} INFO - Starting attempt 1 of 2
[2025-06-27T02:06:38.319+0000] {taskinstance.py:2191} INFO - Executing <Task(BashOperator): check_disk_space> on 2025-06-26 02:00:00+00:00
[2025-06-27T02:06:38.329+0000] {standard_task_runner.py:60} INFO - Started process 3958 to run task
[2025-06-27T02:06:38.331+0000] {standard_task_runner.py:87} INFO - Running: ['airflow', 'tasks', 'run', 'restaurant_maintenance', 'check_disk_space', 'scheduled__2025-06-26T02:00:00+00:00', '--job-id', '97', '--raw', '--subdir', 'DAGS_FOLDER/maintenance_dag.py', '--cfg-path', '/tmp/tmpuh2_ca85']
[2025-06-27T02:06:38.336+0000] {standard_task_runner.py:88} INFO - Job 97: Subtask check_disk_space
[2025-06-27T02:06:38.421+0000] {task_command.py:423} INFO - Running <TaskInstance: restaurant_maintenance.check_disk_space scheduled__2025-06-26T02:00:00+00:00 [running]> on host d3028e9b49fd
[2025-06-27T02:06:38.509+0000] {taskinstance.py:2480} INFO - Exporting env vars: AIRFLOW_CTX_DAG_OWNER='restaurant-admin' AIRFLOW_CTX_DAG_ID='restaurant_maintenance' AIRFLOW_CTX_TASK_ID='check_disk_space' AIRFLOW_CTX_EXECUTION_DATE='2025-06-26T02:00:00+00:00' AIRFLOW_CTX_TRY_NUMBER='1' AIRFLOW_CTX_DAG_RUN_ID='scheduled__2025-06-26T02:00:00+00:00'
[2025-06-27T02:06:38.515+0000] {subprocess.py:63} INFO - Tmp dir root location: /tmp
[2025-06-27T02:06:38.523+0000] {subprocess.py:75} INFO - Running command: ['/usr/bin/bash', '-c', '\n    echo "🗂️ Verificando espacio en disco..."\n    df -h\n    echo "📊 Uso de memoria:"\n    free -h\n    echo "✅ Verificación de recursos completada"\n    ']
[2025-06-27T02:06:38.546+0000] {subprocess.py:86} INFO - Output:
[2025-06-27T02:06:38.581+0000] {subprocess.py:93} INFO - 🗂️ Verificando espacio en disco...
[2025-06-27T02:06:38.671+0000] {subprocess.py:93} INFO - Filesystem      Size  Used Avail Use% Mounted on
[2025-06-27T02:06:38.687+0000] {subprocess.py:93} INFO - overlay        1007G   41G  915G   5% /
[2025-06-27T02:06:38.710+0000] {subprocess.py:93} INFO - tmpfs            64M     0   64M   0% /dev
[2025-06-27T02:06:38.727+0000] {subprocess.py:93} INFO - tmpfs           3.8G     0  3.8G   0% /sys/fs/cgroup
[2025-06-27T02:06:38.749+0000] {subprocess.py:93} INFO - shm              64M     0   64M   0% /dev/shm
[2025-06-27T02:06:38.772+0000] {subprocess.py:93} INFO - /dev/sdd       1007G   41G  915G   5% /etc/hosts
[2025-06-27T02:06:38.783+0000] {subprocess.py:93} INFO - C:\             931G  715G  217G  77% /opt/airflow/dags
[2025-06-27T02:06:38.801+0000] {subprocess.py:93} INFO - none            3.8G  708K  3.8G   1% /run/docker.sock
[2025-06-27T02:06:38.828+0000] {subprocess.py:93} INFO - tmpfs           3.8G     0  3.8G   0% /proc/acpi
[2025-06-27T02:06:38.900+0000] {subprocess.py:93} INFO - tmpfs           3.8G     0  3.8G   0% /sys/firmware
[2025-06-27T02:06:38.928+0000] {subprocess.py:93} INFO - 📊 Uso de memoria:
[2025-06-27T02:06:38.951+0000] {subprocess.py:93} INFO - /usr/bin/bash: line 5: free: command not found
[2025-06-27T02:06:38.969+0000] {subprocess.py:93} INFO - ✅ Verificación de recursos completada
[2025-06-27T02:06:38.977+0000] {subprocess.py:97} INFO - Command exited with return code 0
[2025-06-27T02:06:39.028+0000] {taskinstance.py:1138} INFO - Marking task as SUCCESS. dag_id=restaurant_maintenance, task_id=check_disk_space, execution_date=20250626T020000, start_date=20250627T020638, end_date=20250627T020639
[2025-06-27T02:06:39.110+0000] {local_task_job_runner.py:234} INFO - Task exited with return code 0
[2025-06-27T02:06:39.143+0000] {taskinstance.py:3280} INFO - 0 downstream tasks scheduled from follow-on schedule check
