[2025-06-27T00:00:29.574+0000] {processor.py:161} INFO - Started process (PID=2960) to work on /opt/airflow/dags/maintenance_dag.py
[2025-06-27T00:00:29.577+0000] {processor.py:830} INFO - Processing file /opt/airflow/dags/maintenance_dag.py for tasks to queue
[2025-06-27T00:00:29.578+0000] {logging_mixin.py:188} INFO - [2025-06-27T00:00:29.578+0000] {dagbag.py:538} INFO - Filling up the DagBag from /opt/airflow/dags/maintenance_dag.py
[2025-06-27T00:00:29.608+0000] {processor.py:840} INFO - DAG(s) 'restaurant_maintenance' retrieved from /opt/airflow/dags/maintenance_dag.py
[2025-06-27T00:00:29.753+0000] {logging_mixin.py:188} INFO - [2025-06-27T00:00:29.753+0000] {dag.py:3036} INFO - Sync 1 DAGs
[2025-06-27T00:00:29.768+0000] {logging_mixin.py:188} INFO - [2025-06-27T00:00:29.768+0000] {dag.py:3823} INFO - Setting next_dagrun for restaurant_maintenance to 2025-06-26 02:00:00+00:00, run_after=2025-06-27 02:00:00+00:00
[2025-06-27T00:00:29.785+0000] {processor.py:183} INFO - Processing /opt/airflow/dags/maintenance_dag.py took 0.214 seconds
[2025-06-27T00:00:59.865+0000] {processor.py:161} INFO - Started process (PID=2976) to work on /opt/airflow/dags/maintenance_dag.py
[2025-06-27T00:00:59.867+0000] {processor.py:830} INFO - Processing file /opt/airflow/dags/maintenance_dag.py for tasks to queue
[2025-06-27T00:00:59.867+0000] {logging_mixin.py:188} INFO - [2025-06-27T00:00:59.867+0000] {dagbag.py:538} INFO - Filling up the DagBag from /opt/airflow/dags/maintenance_dag.py
[2025-06-27T00:00:59.890+0000] {processor.py:840} INFO - DAG(s) 'restaurant_maintenance' retrieved from /opt/airflow/dags/maintenance_dag.py
[2025-06-27T00:00:59.913+0000] {logging_mixin.py:188} INFO - [2025-06-27T00:00:59.912+0000] {dag.py:3036} INFO - Sync 1 DAGs
[2025-06-27T00:00:59.931+0000] {logging_mixin.py:188} INFO - [2025-06-27T00:00:59.931+0000] {dag.py:3823} INFO - Setting next_dagrun for restaurant_maintenance to 2025-06-26 02:00:00+00:00, run_after=2025-06-27 02:00:00+00:00
[2025-06-27T00:00:59.950+0000] {processor.py:183} INFO - Processing /opt/airflow/dags/maintenance_dag.py took 0.087 seconds
[2025-06-27T00:01:30.179+0000] {processor.py:161} INFO - Started process (PID=2992) to work on /opt/airflow/dags/maintenance_dag.py
[2025-06-27T00:01:30.180+0000] {processor.py:830} INFO - Processing file /opt/airflow/dags/maintenance_dag.py for tasks to queue
[2025-06-27T00:01:30.180+0000] {logging_mixin.py:188} INFO - [2025-06-27T00:01:30.180+0000] {dagbag.py:538} INFO - Filling up the DagBag from /opt/airflow/dags/maintenance_dag.py
[2025-06-27T00:01:30.196+0000] {processor.py:840} INFO - DAG(s) 'restaurant_maintenance' retrieved from /opt/airflow/dags/maintenance_dag.py
[2025-06-27T00:01:30.218+0000] {logging_mixin.py:188} INFO - [2025-06-27T00:01:30.218+0000] {dag.py:3036} INFO - Sync 1 DAGs
[2025-06-27T00:01:30.233+0000] {logging_mixin.py:188} INFO - [2025-06-27T00:01:30.233+0000] {dag.py:3823} INFO - Setting next_dagrun for restaurant_maintenance to 2025-06-26 02:00:00+00:00, run_after=2025-06-27 02:00:00+00:00
[2025-06-27T00:01:30.250+0000] {processor.py:183} INFO - Processing /opt/airflow/dags/maintenance_dag.py took 0.073 seconds
[2025-06-27T00:02:00.657+0000] {processor.py:161} INFO - Started process (PID=3008) to work on /opt/airflow/dags/maintenance_dag.py
[2025-06-27T00:02:00.658+0000] {processor.py:830} INFO - Processing file /opt/airflow/dags/maintenance_dag.py for tasks to queue
[2025-06-27T00:02:00.658+0000] {logging_mixin.py:188} INFO - [2025-06-27T00:02:00.658+0000] {dagbag.py:538} INFO - Filling up the DagBag from /opt/airflow/dags/maintenance_dag.py
[2025-06-27T00:02:00.676+0000] {processor.py:840} INFO - DAG(s) 'restaurant_maintenance' retrieved from /opt/airflow/dags/maintenance_dag.py
[2025-06-27T00:02:00.697+0000] {logging_mixin.py:188} INFO - [2025-06-27T00:02:00.697+0000] {dag.py:3036} INFO - Sync 1 DAGs
[2025-06-27T00:02:00.713+0000] {logging_mixin.py:188} INFO - [2025-06-27T00:02:00.713+0000] {dag.py:3823} INFO - Setting next_dagrun for restaurant_maintenance to 2025-06-26 02:00:00+00:00, run_after=2025-06-27 02:00:00+00:00
[2025-06-27T00:02:00.731+0000] {processor.py:183} INFO - Processing /opt/airflow/dags/maintenance_dag.py took 0.076 seconds
[2025-06-27T00:02:30.940+0000] {processor.py:161} INFO - Started process (PID=3024) to work on /opt/airflow/dags/maintenance_dag.py
[2025-06-27T00:02:30.942+0000] {processor.py:830} INFO - Processing file /opt/airflow/dags/maintenance_dag.py for tasks to queue
[2025-06-27T00:02:30.943+0000] {logging_mixin.py:188} INFO - [2025-06-27T00:02:30.942+0000] {dagbag.py:538} INFO - Filling up the DagBag from /opt/airflow/dags/maintenance_dag.py
[2025-06-27T00:02:30.959+0000] {processor.py:840} INFO - DAG(s) 'restaurant_maintenance' retrieved from /opt/airflow/dags/maintenance_dag.py
[2025-06-27T00:02:30.980+0000] {logging_mixin.py:188} INFO - [2025-06-27T00:02:30.980+0000] {dag.py:3036} INFO - Sync 1 DAGs
[2025-06-27T00:02:30.995+0000] {logging_mixin.py:188} INFO - [2025-06-27T00:02:30.995+0000] {dag.py:3823} INFO - Setting next_dagrun for restaurant_maintenance to 2025-06-26 02:00:00+00:00, run_after=2025-06-27 02:00:00+00:00
[2025-06-27T00:02:31.011+0000] {processor.py:183} INFO - Processing /opt/airflow/dags/maintenance_dag.py took 0.074 seconds
[2025-06-27T00:03:01.184+0000] {processor.py:161} INFO - Started process (PID=3040) to work on /opt/airflow/dags/maintenance_dag.py
[2025-06-27T00:03:01.185+0000] {processor.py:830} INFO - Processing file /opt/airflow/dags/maintenance_dag.py for tasks to queue
[2025-06-27T00:03:01.187+0000] {logging_mixin.py:188} INFO - [2025-06-27T00:03:01.186+0000] {dagbag.py:538} INFO - Filling up the DagBag from /opt/airflow/dags/maintenance_dag.py
[2025-06-27T00:03:01.204+0000] {processor.py:840} INFO - DAG(s) 'restaurant_maintenance' retrieved from /opt/airflow/dags/maintenance_dag.py
[2025-06-27T00:03:01.227+0000] {logging_mixin.py:188} INFO - [2025-06-27T00:03:01.226+0000] {dag.py:3036} INFO - Sync 1 DAGs
[2025-06-27T00:03:01.244+0000] {logging_mixin.py:188} INFO - [2025-06-27T00:03:01.244+0000] {dag.py:3823} INFO - Setting next_dagrun for restaurant_maintenance to 2025-06-26 02:00:00+00:00, run_after=2025-06-27 02:00:00+00:00
[2025-06-27T00:03:01.261+0000] {processor.py:183} INFO - Processing /opt/airflow/dags/maintenance_dag.py took 0.079 seconds
[2025-06-27T00:03:31.458+0000] {processor.py:161} INFO - Started process (PID=3056) to work on /opt/airflow/dags/maintenance_dag.py
[2025-06-27T00:03:31.458+0000] {processor.py:830} INFO - Processing file /opt/airflow/dags/maintenance_dag.py for tasks to queue
[2025-06-27T00:03:31.459+0000] {logging_mixin.py:188} INFO - [2025-06-27T00:03:31.459+0000] {dagbag.py:538} INFO - Filling up the DagBag from /opt/airflow/dags/maintenance_dag.py
[2025-06-27T00:03:31.477+0000] {processor.py:840} INFO - DAG(s) 'restaurant_maintenance' retrieved from /opt/airflow/dags/maintenance_dag.py
[2025-06-27T00:03:31.497+0000] {logging_mixin.py:188} INFO - [2025-06-27T00:03:31.497+0000] {dag.py:3036} INFO - Sync 1 DAGs
[2025-06-27T00:03:31.512+0000] {logging_mixin.py:188} INFO - [2025-06-27T00:03:31.512+0000] {dag.py:3823} INFO - Setting next_dagrun for restaurant_maintenance to 2025-06-26 02:00:00+00:00, run_after=2025-06-27 02:00:00+00:00
[2025-06-27T00:03:31.528+0000] {processor.py:183} INFO - Processing /opt/airflow/dags/maintenance_dag.py took 0.072 seconds
[2025-06-27T00:04:01.825+0000] {processor.py:161} INFO - Started process (PID=3072) to work on /opt/airflow/dags/maintenance_dag.py
[2025-06-27T00:04:01.826+0000] {processor.py:830} INFO - Processing file /opt/airflow/dags/maintenance_dag.py for tasks to queue
[2025-06-27T00:04:01.828+0000] {logging_mixin.py:188} INFO - [2025-06-27T00:04:01.827+0000] {dagbag.py:538} INFO - Filling up the DagBag from /opt/airflow/dags/maintenance_dag.py
[2025-06-27T00:04:01.849+0000] {processor.py:840} INFO - DAG(s) 'restaurant_maintenance' retrieved from /opt/airflow/dags/maintenance_dag.py
[2025-06-27T00:04:01.874+0000] {logging_mixin.py:188} INFO - [2025-06-27T00:04:01.874+0000] {dag.py:3036} INFO - Sync 1 DAGs
[2025-06-27T00:04:01.891+0000] {logging_mixin.py:188} INFO - [2025-06-27T00:04:01.891+0000] {dag.py:3823} INFO - Setting next_dagrun for restaurant_maintenance to 2025-06-26 02:00:00+00:00, run_after=2025-06-27 02:00:00+00:00
[2025-06-27T00:04:01.907+0000] {processor.py:183} INFO - Processing /opt/airflow/dags/maintenance_dag.py took 0.085 seconds
[2025-06-27T00:04:32.072+0000] {processor.py:161} INFO - Started process (PID=3087) to work on /opt/airflow/dags/maintenance_dag.py
[2025-06-27T00:04:32.072+0000] {processor.py:830} INFO - Processing file /opt/airflow/dags/maintenance_dag.py for tasks to queue
[2025-06-27T00:04:32.073+0000] {logging_mixin.py:188} INFO - [2025-06-27T00:04:32.073+0000] {dagbag.py:538} INFO - Filling up the DagBag from /opt/airflow/dags/maintenance_dag.py
[2025-06-27T00:04:32.090+0000] {processor.py:840} INFO - DAG(s) 'restaurant_maintenance' retrieved from /opt/airflow/dags/maintenance_dag.py
[2025-06-27T00:04:32.112+0000] {logging_mixin.py:188} INFO - [2025-06-27T00:04:32.112+0000] {dag.py:3036} INFO - Sync 1 DAGs
[2025-06-27T00:04:32.130+0000] {logging_mixin.py:188} INFO - [2025-06-27T00:04:32.130+0000] {dag.py:3823} INFO - Setting next_dagrun for restaurant_maintenance to 2025-06-26 02:00:00+00:00, run_after=2025-06-27 02:00:00+00:00
[2025-06-27T00:04:32.147+0000] {processor.py:183} INFO - Processing /opt/airflow/dags/maintenance_dag.py took 0.078 seconds
[2025-06-27T00:05:02.365+0000] {processor.py:161} INFO - Started process (PID=3103) to work on /opt/airflow/dags/maintenance_dag.py
[2025-06-27T00:05:02.366+0000] {processor.py:830} INFO - Processing file /opt/airflow/dags/maintenance_dag.py for tasks to queue
[2025-06-27T00:05:02.367+0000] {logging_mixin.py:188} INFO - [2025-06-27T00:05:02.367+0000] {dagbag.py:538} INFO - Filling up the DagBag from /opt/airflow/dags/maintenance_dag.py
[2025-06-27T00:05:02.384+0000] {processor.py:840} INFO - DAG(s) 'restaurant_maintenance' retrieved from /opt/airflow/dags/maintenance_dag.py
[2025-06-27T00:05:02.406+0000] {logging_mixin.py:188} INFO - [2025-06-27T00:05:02.406+0000] {dag.py:3036} INFO - Sync 1 DAGs
[2025-06-27T00:05:02.424+0000] {logging_mixin.py:188} INFO - [2025-06-27T00:05:02.424+0000] {dag.py:3823} INFO - Setting next_dagrun for restaurant_maintenance to 2025-06-26 02:00:00+00:00, run_after=2025-06-27 02:00:00+00:00
[2025-06-27T00:05:02.442+0000] {processor.py:183} INFO - Processing /opt/airflow/dags/maintenance_dag.py took 0.082 seconds
[2025-06-27T00:05:32.610+0000] {processor.py:161} INFO - Started process (PID=3119) to work on /opt/airflow/dags/maintenance_dag.py
[2025-06-27T00:05:32.611+0000] {processor.py:830} INFO - Processing file /opt/airflow/dags/maintenance_dag.py for tasks to queue
[2025-06-27T00:05:32.614+0000] {logging_mixin.py:188} INFO - [2025-06-27T00:05:32.613+0000] {dagbag.py:538} INFO - Filling up the DagBag from /opt/airflow/dags/maintenance_dag.py
[2025-06-27T00:05:32.636+0000] {processor.py:840} INFO - DAG(s) 'restaurant_maintenance' retrieved from /opt/airflow/dags/maintenance_dag.py
[2025-06-27T00:05:32.658+0000] {logging_mixin.py:188} INFO - [2025-06-27T00:05:32.658+0000] {dag.py:3036} INFO - Sync 1 DAGs
[2025-06-27T00:05:32.677+0000] {logging_mixin.py:188} INFO - [2025-06-27T00:05:32.677+0000] {dag.py:3823} INFO - Setting next_dagrun for restaurant_maintenance to 2025-06-26 02:00:00+00:00, run_after=2025-06-27 02:00:00+00:00
[2025-06-27T00:05:32.697+0000] {processor.py:183} INFO - Processing /opt/airflow/dags/maintenance_dag.py took 0.090 seconds
[2025-06-27T00:06:02.918+0000] {processor.py:161} INFO - Started process (PID=3135) to work on /opt/airflow/dags/maintenance_dag.py
[2025-06-27T00:06:02.919+0000] {processor.py:830} INFO - Processing file /opt/airflow/dags/maintenance_dag.py for tasks to queue
[2025-06-27T00:06:02.920+0000] {logging_mixin.py:188} INFO - [2025-06-27T00:06:02.919+0000] {dagbag.py:538} INFO - Filling up the DagBag from /opt/airflow/dags/maintenance_dag.py
[2025-06-27T00:06:02.940+0000] {processor.py:840} INFO - DAG(s) 'restaurant_maintenance' retrieved from /opt/airflow/dags/maintenance_dag.py
[2025-06-27T00:06:02.964+0000] {logging_mixin.py:188} INFO - [2025-06-27T00:06:02.964+0000] {dag.py:3036} INFO - Sync 1 DAGs
[2025-06-27T00:06:02.981+0000] {logging_mixin.py:188} INFO - [2025-06-27T00:06:02.981+0000] {dag.py:3823} INFO - Setting next_dagrun for restaurant_maintenance to 2025-06-26 02:00:00+00:00, run_after=2025-06-27 02:00:00+00:00
[2025-06-27T00:06:02.997+0000] {processor.py:183} INFO - Processing /opt/airflow/dags/maintenance_dag.py took 0.082 seconds
[2025-06-27T00:06:33.297+0000] {processor.py:161} INFO - Started process (PID=3151) to work on /opt/airflow/dags/maintenance_dag.py
[2025-06-27T00:06:33.299+0000] {processor.py:830} INFO - Processing file /opt/airflow/dags/maintenance_dag.py for tasks to queue
[2025-06-27T00:06:33.299+0000] {logging_mixin.py:188} INFO - [2025-06-27T00:06:33.299+0000] {dagbag.py:538} INFO - Filling up the DagBag from /opt/airflow/dags/maintenance_dag.py
[2025-06-27T00:06:33.316+0000] {processor.py:840} INFO - DAG(s) 'restaurant_maintenance' retrieved from /opt/airflow/dags/maintenance_dag.py
[2025-06-27T00:06:33.337+0000] {logging_mixin.py:188} INFO - [2025-06-27T00:06:33.337+0000] {dag.py:3036} INFO - Sync 1 DAGs
[2025-06-27T00:06:33.356+0000] {logging_mixin.py:188} INFO - [2025-06-27T00:06:33.355+0000] {dag.py:3823} INFO - Setting next_dagrun for restaurant_maintenance to 2025-06-26 02:00:00+00:00, run_after=2025-06-27 02:00:00+00:00
[2025-06-27T00:06:33.381+0000] {processor.py:183} INFO - Processing /opt/airflow/dags/maintenance_dag.py took 0.086 seconds
[2025-06-27T00:07:03.548+0000] {processor.py:161} INFO - Started process (PID=3167) to work on /opt/airflow/dags/maintenance_dag.py
[2025-06-27T00:07:03.549+0000] {processor.py:830} INFO - Processing file /opt/airflow/dags/maintenance_dag.py for tasks to queue
[2025-06-27T00:07:03.550+0000] {logging_mixin.py:188} INFO - [2025-06-27T00:07:03.550+0000] {dagbag.py:538} INFO - Filling up the DagBag from /opt/airflow/dags/maintenance_dag.py
[2025-06-27T00:07:03.569+0000] {processor.py:840} INFO - DAG(s) 'restaurant_maintenance' retrieved from /opt/airflow/dags/maintenance_dag.py
[2025-06-27T00:07:03.591+0000] {logging_mixin.py:188} INFO - [2025-06-27T00:07:03.591+0000] {dag.py:3036} INFO - Sync 1 DAGs
[2025-06-27T00:07:03.609+0000] {logging_mixin.py:188} INFO - [2025-06-27T00:07:03.609+0000] {dag.py:3823} INFO - Setting next_dagrun for restaurant_maintenance to 2025-06-26 02:00:00+00:00, run_after=2025-06-27 02:00:00+00:00
[2025-06-27T00:07:03.625+0000] {processor.py:183} INFO - Processing /opt/airflow/dags/maintenance_dag.py took 0.079 seconds
[2025-06-27T00:07:33.839+0000] {processor.py:161} INFO - Started process (PID=3183) to work on /opt/airflow/dags/maintenance_dag.py
[2025-06-27T00:07:33.840+0000] {processor.py:830} INFO - Processing file /opt/airflow/dags/maintenance_dag.py for tasks to queue
[2025-06-27T00:07:33.841+0000] {logging_mixin.py:188} INFO - [2025-06-27T00:07:33.840+0000] {dagbag.py:538} INFO - Filling up the DagBag from /opt/airflow/dags/maintenance_dag.py
[2025-06-27T00:07:33.858+0000] {processor.py:840} INFO - DAG(s) 'restaurant_maintenance' retrieved from /opt/airflow/dags/maintenance_dag.py
[2025-06-27T00:07:33.880+0000] {logging_mixin.py:188} INFO - [2025-06-27T00:07:33.880+0000] {dag.py:3036} INFO - Sync 1 DAGs
[2025-06-27T00:07:33.897+0000] {logging_mixin.py:188} INFO - [2025-06-27T00:07:33.896+0000] {dag.py:3823} INFO - Setting next_dagrun for restaurant_maintenance to 2025-06-26 02:00:00+00:00, run_after=2025-06-27 02:00:00+00:00
[2025-06-27T00:07:33.913+0000] {processor.py:183} INFO - Processing /opt/airflow/dags/maintenance_dag.py took 0.076 seconds
[2025-06-27T00:08:04.182+0000] {processor.py:161} INFO - Started process (PID=3199) to work on /opt/airflow/dags/maintenance_dag.py
[2025-06-27T00:08:04.183+0000] {processor.py:830} INFO - Processing file /opt/airflow/dags/maintenance_dag.py for tasks to queue
[2025-06-27T00:08:04.184+0000] {logging_mixin.py:188} INFO - [2025-06-27T00:08:04.183+0000] {dagbag.py:538} INFO - Filling up the DagBag from /opt/airflow/dags/maintenance_dag.py
[2025-06-27T00:08:04.249+0000] {processor.py:840} INFO - DAG(s) 'restaurant_maintenance' retrieved from /opt/airflow/dags/maintenance_dag.py
[2025-06-27T00:08:04.330+0000] {logging_mixin.py:188} INFO - [2025-06-27T00:08:04.330+0000] {dag.py:3036} INFO - Sync 1 DAGs
[2025-06-27T00:08:04.353+0000] {logging_mixin.py:188} INFO - [2025-06-27T00:08:04.353+0000] {dag.py:3823} INFO - Setting next_dagrun for restaurant_maintenance to 2025-06-26 02:00:00+00:00, run_after=2025-06-27 02:00:00+00:00
[2025-06-27T00:08:04.370+0000] {processor.py:183} INFO - Processing /opt/airflow/dags/maintenance_dag.py took 0.191 seconds
[2025-06-27T00:08:34.424+0000] {processor.py:161} INFO - Started process (PID=3215) to work on /opt/airflow/dags/maintenance_dag.py
[2025-06-27T00:08:34.425+0000] {processor.py:830} INFO - Processing file /opt/airflow/dags/maintenance_dag.py for tasks to queue
[2025-06-27T00:08:34.426+0000] {logging_mixin.py:188} INFO - [2025-06-27T00:08:34.426+0000] {dagbag.py:538} INFO - Filling up the DagBag from /opt/airflow/dags/maintenance_dag.py
[2025-06-27T00:08:34.447+0000] {processor.py:840} INFO - DAG(s) 'restaurant_maintenance' retrieved from /opt/airflow/dags/maintenance_dag.py
[2025-06-27T00:08:34.468+0000] {logging_mixin.py:188} INFO - [2025-06-27T00:08:34.467+0000] {dag.py:3036} INFO - Sync 1 DAGs
[2025-06-27T00:08:34.483+0000] {logging_mixin.py:188} INFO - [2025-06-27T00:08:34.483+0000] {dag.py:3823} INFO - Setting next_dagrun for restaurant_maintenance to 2025-06-26 02:00:00+00:00, run_after=2025-06-27 02:00:00+00:00
[2025-06-27T00:08:34.497+0000] {processor.py:183} INFO - Processing /opt/airflow/dags/maintenance_dag.py took 0.076 seconds
[2025-06-27T00:09:04.695+0000] {processor.py:161} INFO - Started process (PID=3231) to work on /opt/airflow/dags/maintenance_dag.py
[2025-06-27T00:09:04.697+0000] {processor.py:830} INFO - Processing file /opt/airflow/dags/maintenance_dag.py for tasks to queue
[2025-06-27T00:09:04.699+0000] {logging_mixin.py:188} INFO - [2025-06-27T00:09:04.699+0000] {dagbag.py:538} INFO - Filling up the DagBag from /opt/airflow/dags/maintenance_dag.py
[2025-06-27T00:09:04.723+0000] {processor.py:840} INFO - DAG(s) 'restaurant_maintenance' retrieved from /opt/airflow/dags/maintenance_dag.py
[2025-06-27T00:09:04.745+0000] {logging_mixin.py:188} INFO - [2025-06-27T00:09:04.744+0000] {dag.py:3036} INFO - Sync 1 DAGs
[2025-06-27T00:09:04.760+0000] {logging_mixin.py:188} INFO - [2025-06-27T00:09:04.759+0000] {dag.py:3823} INFO - Setting next_dagrun for restaurant_maintenance to 2025-06-26 02:00:00+00:00, run_after=2025-06-27 02:00:00+00:00
[2025-06-27T00:09:04.775+0000] {processor.py:183} INFO - Processing /opt/airflow/dags/maintenance_dag.py took 0.083 seconds
[2025-06-27T00:09:35.000+0000] {processor.py:161} INFO - Started process (PID=3247) to work on /opt/airflow/dags/maintenance_dag.py
[2025-06-27T00:09:35.011+0000] {processor.py:830} INFO - Processing file /opt/airflow/dags/maintenance_dag.py for tasks to queue
[2025-06-27T00:09:35.013+0000] {logging_mixin.py:188} INFO - [2025-06-27T00:09:35.012+0000] {dagbag.py:538} INFO - Filling up the DagBag from /opt/airflow/dags/maintenance_dag.py
[2025-06-27T00:09:35.038+0000] {processor.py:840} INFO - DAG(s) 'restaurant_maintenance' retrieved from /opt/airflow/dags/maintenance_dag.py
[2025-06-27T00:09:35.059+0000] {logging_mixin.py:188} INFO - [2025-06-27T00:09:35.059+0000] {dag.py:3036} INFO - Sync 1 DAGs
[2025-06-27T00:09:35.075+0000] {logging_mixin.py:188} INFO - [2025-06-27T00:09:35.075+0000] {dag.py:3823} INFO - Setting next_dagrun for restaurant_maintenance to 2025-06-26 02:00:00+00:00, run_after=2025-06-27 02:00:00+00:00
[2025-06-27T00:09:35.089+0000] {processor.py:183} INFO - Processing /opt/airflow/dags/maintenance_dag.py took 0.093 seconds
[2025-06-27T00:10:05.223+0000] {processor.py:161} INFO - Started process (PID=3269) to work on /opt/airflow/dags/maintenance_dag.py
[2025-06-27T00:10:05.224+0000] {processor.py:830} INFO - Processing file /opt/airflow/dags/maintenance_dag.py for tasks to queue
[2025-06-27T00:10:05.225+0000] {logging_mixin.py:188} INFO - [2025-06-27T00:10:05.225+0000] {dagbag.py:538} INFO - Filling up the DagBag from /opt/airflow/dags/maintenance_dag.py
[2025-06-27T00:10:05.243+0000] {processor.py:840} INFO - DAG(s) 'restaurant_maintenance' retrieved from /opt/airflow/dags/maintenance_dag.py
[2025-06-27T00:10:05.264+0000] {logging_mixin.py:188} INFO - [2025-06-27T00:10:05.263+0000] {dag.py:3036} INFO - Sync 1 DAGs
[2025-06-27T00:10:05.280+0000] {logging_mixin.py:188} INFO - [2025-06-27T00:10:05.280+0000] {dag.py:3823} INFO - Setting next_dagrun for restaurant_maintenance to 2025-06-26 02:00:00+00:00, run_after=2025-06-27 02:00:00+00:00
[2025-06-27T00:10:05.298+0000] {processor.py:183} INFO - Processing /opt/airflow/dags/maintenance_dag.py took 0.077 seconds
[2025-06-27T00:10:35.558+0000] {processor.py:161} INFO - Started process (PID=3285) to work on /opt/airflow/dags/maintenance_dag.py
[2025-06-27T00:10:35.559+0000] {processor.py:830} INFO - Processing file /opt/airflow/dags/maintenance_dag.py for tasks to queue
[2025-06-27T00:10:35.560+0000] {logging_mixin.py:188} INFO - [2025-06-27T00:10:35.559+0000] {dagbag.py:538} INFO - Filling up the DagBag from /opt/airflow/dags/maintenance_dag.py
[2025-06-27T00:10:35.581+0000] {processor.py:840} INFO - DAG(s) 'restaurant_maintenance' retrieved from /opt/airflow/dags/maintenance_dag.py
[2025-06-27T00:10:35.607+0000] {logging_mixin.py:188} INFO - [2025-06-27T00:10:35.607+0000] {dag.py:3036} INFO - Sync 1 DAGs
[2025-06-27T00:10:36.363+0000] {logging_mixin.py:188} INFO - [2025-06-27T00:10:36.362+0000] {dag.py:3823} INFO - Setting next_dagrun for restaurant_maintenance to 2025-06-26 02:00:00+00:00, run_after=2025-06-27 02:00:00+00:00
[2025-06-27T00:10:36.382+0000] {processor.py:183} INFO - Processing /opt/airflow/dags/maintenance_dag.py took 0.828 seconds
[2025-06-27T00:11:06.886+0000] {processor.py:161} INFO - Started process (PID=3306) to work on /opt/airflow/dags/maintenance_dag.py
[2025-06-27T00:11:06.887+0000] {processor.py:830} INFO - Processing file /opt/airflow/dags/maintenance_dag.py for tasks to queue
[2025-06-27T00:11:06.888+0000] {logging_mixin.py:188} INFO - [2025-06-27T00:11:06.888+0000] {dagbag.py:538} INFO - Filling up the DagBag from /opt/airflow/dags/maintenance_dag.py
[2025-06-27T00:11:06.912+0000] {processor.py:840} INFO - DAG(s) 'restaurant_maintenance' retrieved from /opt/airflow/dags/maintenance_dag.py
[2025-06-27T00:11:06.935+0000] {logging_mixin.py:188} INFO - [2025-06-27T00:11:06.935+0000] {dag.py:3036} INFO - Sync 1 DAGs
[2025-06-27T00:11:06.954+0000] {logging_mixin.py:188} INFO - [2025-06-27T00:11:06.953+0000] {dag.py:3823} INFO - Setting next_dagrun for restaurant_maintenance to 2025-06-26 02:00:00+00:00, run_after=2025-06-27 02:00:00+00:00
[2025-06-27T00:11:06.970+0000] {processor.py:183} INFO - Processing /opt/airflow/dags/maintenance_dag.py took 0.087 seconds
[2025-06-27T00:11:37.191+0000] {processor.py:161} INFO - Started process (PID=3322) to work on /opt/airflow/dags/maintenance_dag.py
[2025-06-27T00:11:37.192+0000] {processor.py:830} INFO - Processing file /opt/airflow/dags/maintenance_dag.py for tasks to queue
[2025-06-27T00:11:37.193+0000] {logging_mixin.py:188} INFO - [2025-06-27T00:11:37.193+0000] {dagbag.py:538} INFO - Filling up the DagBag from /opt/airflow/dags/maintenance_dag.py
[2025-06-27T00:11:37.213+0000] {processor.py:840} INFO - DAG(s) 'restaurant_maintenance' retrieved from /opt/airflow/dags/maintenance_dag.py
[2025-06-27T00:11:37.234+0000] {logging_mixin.py:188} INFO - [2025-06-27T00:11:37.234+0000] {dag.py:3036} INFO - Sync 1 DAGs
[2025-06-27T00:11:37.251+0000] {logging_mixin.py:188} INFO - [2025-06-27T00:11:37.251+0000] {dag.py:3823} INFO - Setting next_dagrun for restaurant_maintenance to 2025-06-26 02:00:00+00:00, run_after=2025-06-27 02:00:00+00:00
[2025-06-27T00:11:37.417+0000] {processor.py:183} INFO - Processing /opt/airflow/dags/maintenance_dag.py took 0.228 seconds
[2025-06-27T00:12:07.629+0000] {processor.py:161} INFO - Started process (PID=3338) to work on /opt/airflow/dags/maintenance_dag.py
[2025-06-27T00:12:07.630+0000] {processor.py:830} INFO - Processing file /opt/airflow/dags/maintenance_dag.py for tasks to queue
[2025-06-27T00:12:07.631+0000] {logging_mixin.py:188} INFO - [2025-06-27T00:12:07.630+0000] {dagbag.py:538} INFO - Filling up the DagBag from /opt/airflow/dags/maintenance_dag.py
[2025-06-27T00:12:07.647+0000] {processor.py:840} INFO - DAG(s) 'restaurant_maintenance' retrieved from /opt/airflow/dags/maintenance_dag.py
[2025-06-27T00:12:07.668+0000] {logging_mixin.py:188} INFO - [2025-06-27T00:12:07.668+0000] {dag.py:3036} INFO - Sync 1 DAGs
[2025-06-27T00:12:07.685+0000] {logging_mixin.py:188} INFO - [2025-06-27T00:12:07.685+0000] {dag.py:3823} INFO - Setting next_dagrun for restaurant_maintenance to 2025-06-26 02:00:00+00:00, run_after=2025-06-27 02:00:00+00:00
[2025-06-27T00:12:07.700+0000] {processor.py:183} INFO - Processing /opt/airflow/dags/maintenance_dag.py took 0.073 seconds
[2025-06-27T00:12:37.872+0000] {processor.py:161} INFO - Started process (PID=3354) to work on /opt/airflow/dags/maintenance_dag.py
[2025-06-27T00:12:37.873+0000] {processor.py:830} INFO - Processing file /opt/airflow/dags/maintenance_dag.py for tasks to queue
[2025-06-27T00:12:37.873+0000] {logging_mixin.py:188} INFO - [2025-06-27T00:12:37.873+0000] {dagbag.py:538} INFO - Filling up the DagBag from /opt/airflow/dags/maintenance_dag.py
[2025-06-27T00:12:37.891+0000] {processor.py:840} INFO - DAG(s) 'restaurant_maintenance' retrieved from /opt/airflow/dags/maintenance_dag.py
[2025-06-27T00:12:38.001+0000] {logging_mixin.py:188} INFO - [2025-06-27T00:12:38.001+0000] {dag.py:3036} INFO - Sync 1 DAGs
[2025-06-27T00:12:38.014+0000] {logging_mixin.py:188} INFO - [2025-06-27T00:12:38.014+0000] {dag.py:3823} INFO - Setting next_dagrun for restaurant_maintenance to 2025-06-26 02:00:00+00:00, run_after=2025-06-27 02:00:00+00:00
[2025-06-27T00:12:38.028+0000] {processor.py:183} INFO - Processing /opt/airflow/dags/maintenance_dag.py took 0.158 seconds
[2025-06-27T00:13:08.411+0000] {processor.py:161} INFO - Started process (PID=3371) to work on /opt/airflow/dags/maintenance_dag.py
[2025-06-27T00:13:08.412+0000] {processor.py:830} INFO - Processing file /opt/airflow/dags/maintenance_dag.py for tasks to queue
[2025-06-27T00:13:08.412+0000] {logging_mixin.py:188} INFO - [2025-06-27T00:13:08.412+0000] {dagbag.py:538} INFO - Filling up the DagBag from /opt/airflow/dags/maintenance_dag.py
[2025-06-27T00:13:08.427+0000] {processor.py:840} INFO - DAG(s) 'restaurant_maintenance' retrieved from /opt/airflow/dags/maintenance_dag.py
[2025-06-27T00:13:08.447+0000] {logging_mixin.py:188} INFO - [2025-06-27T00:13:08.447+0000] {dag.py:3036} INFO - Sync 1 DAGs
[2025-06-27T00:13:08.461+0000] {logging_mixin.py:188} INFO - [2025-06-27T00:13:08.461+0000] {dag.py:3823} INFO - Setting next_dagrun for restaurant_maintenance to 2025-06-26 02:00:00+00:00, run_after=2025-06-27 02:00:00+00:00
[2025-06-27T00:13:08.475+0000] {processor.py:183} INFO - Processing /opt/airflow/dags/maintenance_dag.py took 0.067 seconds
[2025-06-27T00:13:38.744+0000] {processor.py:161} INFO - Started process (PID=3387) to work on /opt/airflow/dags/maintenance_dag.py
[2025-06-27T00:13:38.745+0000] {processor.py:830} INFO - Processing file /opt/airflow/dags/maintenance_dag.py for tasks to queue
[2025-06-27T00:13:38.745+0000] {logging_mixin.py:188} INFO - [2025-06-27T00:13:38.745+0000] {dagbag.py:538} INFO - Filling up the DagBag from /opt/airflow/dags/maintenance_dag.py
[2025-06-27T00:13:38.765+0000] {processor.py:840} INFO - DAG(s) 'restaurant_maintenance' retrieved from /opt/airflow/dags/maintenance_dag.py
[2025-06-27T00:13:38.785+0000] {logging_mixin.py:188} INFO - [2025-06-27T00:13:38.785+0000] {dag.py:3036} INFO - Sync 1 DAGs
[2025-06-27T00:13:38.801+0000] {logging_mixin.py:188} INFO - [2025-06-27T00:13:38.801+0000] {dag.py:3823} INFO - Setting next_dagrun for restaurant_maintenance to 2025-06-26 02:00:00+00:00, run_after=2025-06-27 02:00:00+00:00
[2025-06-27T00:13:38.815+0000] {processor.py:183} INFO - Processing /opt/airflow/dags/maintenance_dag.py took 0.074 seconds
[2025-06-27T00:14:09.032+0000] {processor.py:161} INFO - Started process (PID=3403) to work on /opt/airflow/dags/maintenance_dag.py
[2025-06-27T00:14:09.033+0000] {processor.py:830} INFO - Processing file /opt/airflow/dags/maintenance_dag.py for tasks to queue
[2025-06-27T00:14:09.033+0000] {logging_mixin.py:188} INFO - [2025-06-27T00:14:09.033+0000] {dagbag.py:538} INFO - Filling up the DagBag from /opt/airflow/dags/maintenance_dag.py
[2025-06-27T00:14:09.051+0000] {processor.py:840} INFO - DAG(s) 'restaurant_maintenance' retrieved from /opt/airflow/dags/maintenance_dag.py
[2025-06-27T00:14:09.072+0000] {logging_mixin.py:188} INFO - [2025-06-27T00:14:09.072+0000] {dag.py:3036} INFO - Sync 1 DAGs
[2025-06-27T00:14:09.088+0000] {logging_mixin.py:188} INFO - [2025-06-27T00:14:09.087+0000] {dag.py:3823} INFO - Setting next_dagrun for restaurant_maintenance to 2025-06-26 02:00:00+00:00, run_after=2025-06-27 02:00:00+00:00
[2025-06-27T00:14:09.102+0000] {processor.py:183} INFO - Processing /opt/airflow/dags/maintenance_dag.py took 0.073 seconds
[2025-06-27T00:14:39.325+0000] {processor.py:161} INFO - Started process (PID=3419) to work on /opt/airflow/dags/maintenance_dag.py
[2025-06-27T00:14:39.326+0000] {processor.py:830} INFO - Processing file /opt/airflow/dags/maintenance_dag.py for tasks to queue
[2025-06-27T00:14:39.327+0000] {logging_mixin.py:188} INFO - [2025-06-27T00:14:39.327+0000] {dagbag.py:538} INFO - Filling up the DagBag from /opt/airflow/dags/maintenance_dag.py
[2025-06-27T00:14:39.344+0000] {processor.py:840} INFO - DAG(s) 'restaurant_maintenance' retrieved from /opt/airflow/dags/maintenance_dag.py
[2025-06-27T00:14:39.365+0000] {logging_mixin.py:188} INFO - [2025-06-27T00:14:39.364+0000] {dag.py:3036} INFO - Sync 1 DAGs
[2025-06-27T00:14:39.379+0000] {logging_mixin.py:188} INFO - [2025-06-27T00:14:39.379+0000] {dag.py:3823} INFO - Setting next_dagrun for restaurant_maintenance to 2025-06-26 02:00:00+00:00, run_after=2025-06-27 02:00:00+00:00
[2025-06-27T00:14:39.392+0000] {processor.py:183} INFO - Processing /opt/airflow/dags/maintenance_dag.py took 0.069 seconds
[2025-06-27T00:15:09.647+0000] {processor.py:161} INFO - Started process (PID=3435) to work on /opt/airflow/dags/maintenance_dag.py
[2025-06-27T00:15:09.649+0000] {processor.py:830} INFO - Processing file /opt/airflow/dags/maintenance_dag.py for tasks to queue
[2025-06-27T00:15:09.649+0000] {logging_mixin.py:188} INFO - [2025-06-27T00:15:09.649+0000] {dagbag.py:538} INFO - Filling up the DagBag from /opt/airflow/dags/maintenance_dag.py
[2025-06-27T00:15:09.668+0000] {processor.py:840} INFO - DAG(s) 'restaurant_maintenance' retrieved from /opt/airflow/dags/maintenance_dag.py
[2025-06-27T00:15:09.694+0000] {logging_mixin.py:188} INFO - [2025-06-27T00:15:09.694+0000] {dag.py:3036} INFO - Sync 1 DAGs
[2025-06-27T00:15:09.714+0000] {logging_mixin.py:188} INFO - [2025-06-27T00:15:09.714+0000] {dag.py:3823} INFO - Setting next_dagrun for restaurant_maintenance to 2025-06-26 02:00:00+00:00, run_after=2025-06-27 02:00:00+00:00
[2025-06-27T00:15:09.732+0000] {processor.py:183} INFO - Processing /opt/airflow/dags/maintenance_dag.py took 0.091 seconds
[2025-06-27T00:15:39.917+0000] {processor.py:161} INFO - Started process (PID=3451) to work on /opt/airflow/dags/maintenance_dag.py
[2025-06-27T00:15:39.918+0000] {processor.py:830} INFO - Processing file /opt/airflow/dags/maintenance_dag.py for tasks to queue
[2025-06-27T00:15:39.919+0000] {logging_mixin.py:188} INFO - [2025-06-27T00:15:39.919+0000] {dagbag.py:538} INFO - Filling up the DagBag from /opt/airflow/dags/maintenance_dag.py
[2025-06-27T00:15:39.933+0000] {processor.py:840} INFO - DAG(s) 'restaurant_maintenance' retrieved from /opt/airflow/dags/maintenance_dag.py
[2025-06-27T00:15:39.952+0000] {logging_mixin.py:188} INFO - [2025-06-27T00:15:39.952+0000] {dag.py:3036} INFO - Sync 1 DAGs
[2025-06-27T00:15:39.968+0000] {logging_mixin.py:188} INFO - [2025-06-27T00:15:39.967+0000] {dag.py:3823} INFO - Setting next_dagrun for restaurant_maintenance to 2025-06-26 02:00:00+00:00, run_after=2025-06-27 02:00:00+00:00
[2025-06-27T00:15:39.987+0000] {processor.py:183} INFO - Processing /opt/airflow/dags/maintenance_dag.py took 0.072 seconds
[2025-06-27T00:16:10.182+0000] {processor.py:161} INFO - Started process (PID=3467) to work on /opt/airflow/dags/maintenance_dag.py
[2025-06-27T00:16:10.182+0000] {processor.py:830} INFO - Processing file /opt/airflow/dags/maintenance_dag.py for tasks to queue
[2025-06-27T00:16:10.183+0000] {logging_mixin.py:188} INFO - [2025-06-27T00:16:10.183+0000] {dagbag.py:538} INFO - Filling up the DagBag from /opt/airflow/dags/maintenance_dag.py
[2025-06-27T00:16:10.200+0000] {processor.py:840} INFO - DAG(s) 'restaurant_maintenance' retrieved from /opt/airflow/dags/maintenance_dag.py
[2025-06-27T00:16:10.221+0000] {logging_mixin.py:188} INFO - [2025-06-27T00:16:10.221+0000] {dag.py:3036} INFO - Sync 1 DAGs
[2025-06-27T00:16:10.236+0000] {logging_mixin.py:188} INFO - [2025-06-27T00:16:10.235+0000] {dag.py:3823} INFO - Setting next_dagrun for restaurant_maintenance to 2025-06-26 02:00:00+00:00, run_after=2025-06-27 02:00:00+00:00
[2025-06-27T00:16:10.252+0000] {processor.py:183} INFO - Processing /opt/airflow/dags/maintenance_dag.py took 0.073 seconds
[2025-06-27T00:16:40.460+0000] {processor.py:161} INFO - Started process (PID=3483) to work on /opt/airflow/dags/maintenance_dag.py
[2025-06-27T00:16:40.461+0000] {processor.py:830} INFO - Processing file /opt/airflow/dags/maintenance_dag.py for tasks to queue
[2025-06-27T00:16:40.462+0000] {logging_mixin.py:188} INFO - [2025-06-27T00:16:40.461+0000] {dagbag.py:538} INFO - Filling up the DagBag from /opt/airflow/dags/maintenance_dag.py
[2025-06-27T00:16:40.476+0000] {processor.py:840} INFO - DAG(s) 'restaurant_maintenance' retrieved from /opt/airflow/dags/maintenance_dag.py
[2025-06-27T00:16:40.495+0000] {logging_mixin.py:188} INFO - [2025-06-27T00:16:40.495+0000] {dag.py:3036} INFO - Sync 1 DAGs
[2025-06-27T00:16:40.511+0000] {logging_mixin.py:188} INFO - [2025-06-27T00:16:40.511+0000] {dag.py:3823} INFO - Setting next_dagrun for restaurant_maintenance to 2025-06-26 02:00:00+00:00, run_after=2025-06-27 02:00:00+00:00
[2025-06-27T00:16:40.529+0000] {processor.py:183} INFO - Processing /opt/airflow/dags/maintenance_dag.py took 0.072 seconds
[2025-06-27T00:17:10.727+0000] {processor.py:161} INFO - Started process (PID=3499) to work on /opt/airflow/dags/maintenance_dag.py
[2025-06-27T00:17:10.728+0000] {processor.py:830} INFO - Processing file /opt/airflow/dags/maintenance_dag.py for tasks to queue
[2025-06-27T00:17:10.728+0000] {logging_mixin.py:188} INFO - [2025-06-27T00:17:10.728+0000] {dagbag.py:538} INFO - Filling up the DagBag from /opt/airflow/dags/maintenance_dag.py
[2025-06-27T00:17:10.743+0000] {processor.py:840} INFO - DAG(s) 'restaurant_maintenance' retrieved from /opt/airflow/dags/maintenance_dag.py
[2025-06-27T00:17:10.765+0000] {logging_mixin.py:188} INFO - [2025-06-27T00:17:10.765+0000] {dag.py:3036} INFO - Sync 1 DAGs
[2025-06-27T00:17:10.781+0000] {logging_mixin.py:188} INFO - [2025-06-27T00:17:10.780+0000] {dag.py:3823} INFO - Setting next_dagrun for restaurant_maintenance to 2025-06-26 02:00:00+00:00, run_after=2025-06-27 02:00:00+00:00
[2025-06-27T00:17:10.797+0000] {processor.py:183} INFO - Processing /opt/airflow/dags/maintenance_dag.py took 0.072 seconds
[2025-06-27T00:17:40.971+0000] {processor.py:161} INFO - Started process (PID=3515) to work on /opt/airflow/dags/maintenance_dag.py
[2025-06-27T00:17:40.971+0000] {processor.py:830} INFO - Processing file /opt/airflow/dags/maintenance_dag.py for tasks to queue
[2025-06-27T00:17:40.972+0000] {logging_mixin.py:188} INFO - [2025-06-27T00:17:40.972+0000] {dagbag.py:538} INFO - Filling up the DagBag from /opt/airflow/dags/maintenance_dag.py
[2025-06-27T00:17:40.987+0000] {processor.py:840} INFO - DAG(s) 'restaurant_maintenance' retrieved from /opt/airflow/dags/maintenance_dag.py
[2025-06-27T00:17:41.009+0000] {logging_mixin.py:188} INFO - [2025-06-27T00:17:41.009+0000] {dag.py:3036} INFO - Sync 1 DAGs
[2025-06-27T00:17:41.028+0000] {logging_mixin.py:188} INFO - [2025-06-27T00:17:41.028+0000] {dag.py:3823} INFO - Setting next_dagrun for restaurant_maintenance to 2025-06-26 02:00:00+00:00, run_after=2025-06-27 02:00:00+00:00
[2025-06-27T00:17:41.043+0000] {processor.py:183} INFO - Processing /opt/airflow/dags/maintenance_dag.py took 0.075 seconds
[2025-06-27T00:18:11.248+0000] {processor.py:161} INFO - Started process (PID=3531) to work on /opt/airflow/dags/maintenance_dag.py
[2025-06-27T00:18:11.249+0000] {processor.py:830} INFO - Processing file /opt/airflow/dags/maintenance_dag.py for tasks to queue
[2025-06-27T00:18:11.250+0000] {logging_mixin.py:188} INFO - [2025-06-27T00:18:11.250+0000] {dagbag.py:538} INFO - Filling up the DagBag from /opt/airflow/dags/maintenance_dag.py
[2025-06-27T00:18:11.266+0000] {processor.py:840} INFO - DAG(s) 'restaurant_maintenance' retrieved from /opt/airflow/dags/maintenance_dag.py
[2025-06-27T00:18:11.284+0000] {logging_mixin.py:188} INFO - [2025-06-27T00:18:11.284+0000] {dag.py:3036} INFO - Sync 1 DAGs
[2025-06-27T00:18:11.298+0000] {logging_mixin.py:188} INFO - [2025-06-27T00:18:11.298+0000] {dag.py:3823} INFO - Setting next_dagrun for restaurant_maintenance to 2025-06-26 02:00:00+00:00, run_after=2025-06-27 02:00:00+00:00
[2025-06-27T00:18:11.318+0000] {processor.py:183} INFO - Processing /opt/airflow/dags/maintenance_dag.py took 0.072 seconds
[2025-06-27T00:18:41.567+0000] {processor.py:161} INFO - Started process (PID=3547) to work on /opt/airflow/dags/maintenance_dag.py
[2025-06-27T00:18:41.567+0000] {processor.py:830} INFO - Processing file /opt/airflow/dags/maintenance_dag.py for tasks to queue
[2025-06-27T00:18:41.568+0000] {logging_mixin.py:188} INFO - [2025-06-27T00:18:41.568+0000] {dagbag.py:538} INFO - Filling up the DagBag from /opt/airflow/dags/maintenance_dag.py
[2025-06-27T00:18:41.582+0000] {processor.py:840} INFO - DAG(s) 'restaurant_maintenance' retrieved from /opt/airflow/dags/maintenance_dag.py
[2025-06-27T00:18:41.601+0000] {logging_mixin.py:188} INFO - [2025-06-27T00:18:41.601+0000] {dag.py:3036} INFO - Sync 1 DAGs
[2025-06-27T00:18:41.616+0000] {logging_mixin.py:188} INFO - [2025-06-27T00:18:41.615+0000] {dag.py:3823} INFO - Setting next_dagrun for restaurant_maintenance to 2025-06-26 02:00:00+00:00, run_after=2025-06-27 02:00:00+00:00
[2025-06-27T00:18:41.631+0000] {processor.py:183} INFO - Processing /opt/airflow/dags/maintenance_dag.py took 0.067 seconds
[2025-06-27T00:19:11.851+0000] {processor.py:161} INFO - Started process (PID=3563) to work on /opt/airflow/dags/maintenance_dag.py
[2025-06-27T00:19:11.853+0000] {processor.py:830} INFO - Processing file /opt/airflow/dags/maintenance_dag.py for tasks to queue
[2025-06-27T00:19:11.855+0000] {logging_mixin.py:188} INFO - [2025-06-27T00:19:11.855+0000] {dagbag.py:538} INFO - Filling up the DagBag from /opt/airflow/dags/maintenance_dag.py
[2025-06-27T00:19:11.872+0000] {processor.py:840} INFO - DAG(s) 'restaurant_maintenance' retrieved from /opt/airflow/dags/maintenance_dag.py
[2025-06-27T00:19:11.899+0000] {logging_mixin.py:188} INFO - [2025-06-27T00:19:11.899+0000] {dag.py:3036} INFO - Sync 1 DAGs
[2025-06-27T00:19:11.919+0000] {logging_mixin.py:188} INFO - [2025-06-27T00:19:11.918+0000] {dag.py:3823} INFO - Setting next_dagrun for restaurant_maintenance to 2025-06-26 02:00:00+00:00, run_after=2025-06-27 02:00:00+00:00
[2025-06-27T00:19:11.936+0000] {processor.py:183} INFO - Processing /opt/airflow/dags/maintenance_dag.py took 0.088 seconds
[2025-06-27T00:19:42.141+0000] {processor.py:161} INFO - Started process (PID=3579) to work on /opt/airflow/dags/maintenance_dag.py
[2025-06-27T00:19:42.142+0000] {processor.py:830} INFO - Processing file /opt/airflow/dags/maintenance_dag.py for tasks to queue
[2025-06-27T00:19:42.143+0000] {logging_mixin.py:188} INFO - [2025-06-27T00:19:42.142+0000] {dagbag.py:538} INFO - Filling up the DagBag from /opt/airflow/dags/maintenance_dag.py
[2025-06-27T00:19:42.157+0000] {processor.py:840} INFO - DAG(s) 'restaurant_maintenance' retrieved from /opt/airflow/dags/maintenance_dag.py
[2025-06-27T00:19:42.176+0000] {logging_mixin.py:188} INFO - [2025-06-27T00:19:42.176+0000] {dag.py:3036} INFO - Sync 1 DAGs
[2025-06-27T00:19:42.190+0000] {logging_mixin.py:188} INFO - [2025-06-27T00:19:42.190+0000] {dag.py:3823} INFO - Setting next_dagrun for restaurant_maintenance to 2025-06-26 02:00:00+00:00, run_after=2025-06-27 02:00:00+00:00
[2025-06-27T00:19:42.202+0000] {processor.py:183} INFO - Processing /opt/airflow/dags/maintenance_dag.py took 0.064 seconds
[2025-06-27T00:20:12.408+0000] {processor.py:161} INFO - Started process (PID=3595) to work on /opt/airflow/dags/maintenance_dag.py
[2025-06-27T00:20:12.409+0000] {processor.py:830} INFO - Processing file /opt/airflow/dags/maintenance_dag.py for tasks to queue
[2025-06-27T00:20:12.409+0000] {logging_mixin.py:188} INFO - [2025-06-27T00:20:12.409+0000] {dagbag.py:538} INFO - Filling up the DagBag from /opt/airflow/dags/maintenance_dag.py
[2025-06-27T00:20:12.424+0000] {processor.py:840} INFO - DAG(s) 'restaurant_maintenance' retrieved from /opt/airflow/dags/maintenance_dag.py
[2025-06-27T00:20:12.442+0000] {logging_mixin.py:188} INFO - [2025-06-27T00:20:12.442+0000] {dag.py:3036} INFO - Sync 1 DAGs
[2025-06-27T00:20:12.457+0000] {logging_mixin.py:188} INFO - [2025-06-27T00:20:12.457+0000] {dag.py:3823} INFO - Setting next_dagrun for restaurant_maintenance to 2025-06-26 02:00:00+00:00, run_after=2025-06-27 02:00:00+00:00
[2025-06-27T00:20:12.473+0000] {processor.py:183} INFO - Processing /opt/airflow/dags/maintenance_dag.py took 0.068 seconds
[2025-06-27T00:20:42.648+0000] {processor.py:161} INFO - Started process (PID=3611) to work on /opt/airflow/dags/maintenance_dag.py
[2025-06-27T00:20:42.649+0000] {processor.py:830} INFO - Processing file /opt/airflow/dags/maintenance_dag.py for tasks to queue
[2025-06-27T00:20:42.650+0000] {logging_mixin.py:188} INFO - [2025-06-27T00:20:42.649+0000] {dagbag.py:538} INFO - Filling up the DagBag from /opt/airflow/dags/maintenance_dag.py
[2025-06-27T00:20:42.667+0000] {processor.py:840} INFO - DAG(s) 'restaurant_maintenance' retrieved from /opt/airflow/dags/maintenance_dag.py
[2025-06-27T00:20:42.688+0000] {logging_mixin.py:188} INFO - [2025-06-27T00:20:42.688+0000] {dag.py:3036} INFO - Sync 1 DAGs
[2025-06-27T00:20:42.704+0000] {logging_mixin.py:188} INFO - [2025-06-27T00:20:42.704+0000] {dag.py:3823} INFO - Setting next_dagrun for restaurant_maintenance to 2025-06-26 02:00:00+00:00, run_after=2025-06-27 02:00:00+00:00
[2025-06-27T00:20:42.719+0000] {processor.py:183} INFO - Processing /opt/airflow/dags/maintenance_dag.py took 0.075 seconds
[2025-06-27T00:21:12.901+0000] {processor.py:161} INFO - Started process (PID=3627) to work on /opt/airflow/dags/maintenance_dag.py
[2025-06-27T00:21:12.901+0000] {processor.py:830} INFO - Processing file /opt/airflow/dags/maintenance_dag.py for tasks to queue
[2025-06-27T00:21:12.902+0000] {logging_mixin.py:188} INFO - [2025-06-27T00:21:12.902+0000] {dagbag.py:538} INFO - Filling up the DagBag from /opt/airflow/dags/maintenance_dag.py
[2025-06-27T00:21:12.917+0000] {processor.py:840} INFO - DAG(s) 'restaurant_maintenance' retrieved from /opt/airflow/dags/maintenance_dag.py
[2025-06-27T00:21:12.937+0000] {logging_mixin.py:188} INFO - [2025-06-27T00:21:12.936+0000] {dag.py:3036} INFO - Sync 1 DAGs
[2025-06-27T00:21:12.952+0000] {logging_mixin.py:188} INFO - [2025-06-27T00:21:12.951+0000] {dag.py:3823} INFO - Setting next_dagrun for restaurant_maintenance to 2025-06-26 02:00:00+00:00, run_after=2025-06-27 02:00:00+00:00
[2025-06-27T00:21:12.967+0000] {processor.py:183} INFO - Processing /opt/airflow/dags/maintenance_dag.py took 0.069 seconds
[2025-06-27T00:21:43.181+0000] {processor.py:161} INFO - Started process (PID=3643) to work on /opt/airflow/dags/maintenance_dag.py
[2025-06-27T00:21:43.181+0000] {processor.py:830} INFO - Processing file /opt/airflow/dags/maintenance_dag.py for tasks to queue
[2025-06-27T00:21:43.182+0000] {logging_mixin.py:188} INFO - [2025-06-27T00:21:43.182+0000] {dagbag.py:538} INFO - Filling up the DagBag from /opt/airflow/dags/maintenance_dag.py
[2025-06-27T00:21:43.199+0000] {processor.py:840} INFO - DAG(s) 'restaurant_maintenance' retrieved from /opt/airflow/dags/maintenance_dag.py
[2025-06-27T00:21:43.219+0000] {logging_mixin.py:188} INFO - [2025-06-27T00:21:43.219+0000] {dag.py:3036} INFO - Sync 1 DAGs
[2025-06-27T00:21:43.234+0000] {logging_mixin.py:188} INFO - [2025-06-27T00:21:43.234+0000] {dag.py:3823} INFO - Setting next_dagrun for restaurant_maintenance to 2025-06-26 02:00:00+00:00, run_after=2025-06-27 02:00:00+00:00
[2025-06-27T00:21:43.248+0000] {processor.py:183} INFO - Processing /opt/airflow/dags/maintenance_dag.py took 0.070 seconds
[2025-06-27T00:22:13.467+0000] {processor.py:161} INFO - Started process (PID=3659) to work on /opt/airflow/dags/maintenance_dag.py
[2025-06-27T00:22:13.468+0000] {processor.py:830} INFO - Processing file /opt/airflow/dags/maintenance_dag.py for tasks to queue
[2025-06-27T00:22:13.469+0000] {logging_mixin.py:188} INFO - [2025-06-27T00:22:13.468+0000] {dagbag.py:538} INFO - Filling up the DagBag from /opt/airflow/dags/maintenance_dag.py
[2025-06-27T00:22:13.483+0000] {processor.py:840} INFO - DAG(s) 'restaurant_maintenance' retrieved from /opt/airflow/dags/maintenance_dag.py
[2025-06-27T00:22:13.501+0000] {logging_mixin.py:188} INFO - [2025-06-27T00:22:13.501+0000] {dag.py:3036} INFO - Sync 1 DAGs
[2025-06-27T00:22:13.516+0000] {logging_mixin.py:188} INFO - [2025-06-27T00:22:13.516+0000] {dag.py:3823} INFO - Setting next_dagrun for restaurant_maintenance to 2025-06-26 02:00:00+00:00, run_after=2025-06-27 02:00:00+00:00
[2025-06-27T00:22:13.532+0000] {processor.py:183} INFO - Processing /opt/airflow/dags/maintenance_dag.py took 0.067 seconds
[2025-06-27T00:22:43.755+0000] {processor.py:161} INFO - Started process (PID=3675) to work on /opt/airflow/dags/maintenance_dag.py
[2025-06-27T00:22:43.756+0000] {processor.py:830} INFO - Processing file /opt/airflow/dags/maintenance_dag.py for tasks to queue
[2025-06-27T00:22:43.757+0000] {logging_mixin.py:188} INFO - [2025-06-27T00:22:43.756+0000] {dagbag.py:538} INFO - Filling up the DagBag from /opt/airflow/dags/maintenance_dag.py
[2025-06-27T00:22:43.771+0000] {processor.py:840} INFO - DAG(s) 'restaurant_maintenance' retrieved from /opt/airflow/dags/maintenance_dag.py
[2025-06-27T00:22:43.789+0000] {logging_mixin.py:188} INFO - [2025-06-27T00:22:43.789+0000] {dag.py:3036} INFO - Sync 1 DAGs
[2025-06-27T00:22:43.804+0000] {logging_mixin.py:188} INFO - [2025-06-27T00:22:43.804+0000] {dag.py:3823} INFO - Setting next_dagrun for restaurant_maintenance to 2025-06-26 02:00:00+00:00, run_after=2025-06-27 02:00:00+00:00
[2025-06-27T00:22:43.823+0000] {processor.py:183} INFO - Processing /opt/airflow/dags/maintenance_dag.py took 0.070 seconds
[2025-06-27T00:23:14.072+0000] {processor.py:161} INFO - Started process (PID=3691) to work on /opt/airflow/dags/maintenance_dag.py
[2025-06-27T00:23:14.073+0000] {processor.py:830} INFO - Processing file /opt/airflow/dags/maintenance_dag.py for tasks to queue
[2025-06-27T00:23:14.074+0000] {logging_mixin.py:188} INFO - [2025-06-27T00:23:14.073+0000] {dagbag.py:538} INFO - Filling up the DagBag from /opt/airflow/dags/maintenance_dag.py
[2025-06-27T00:23:14.094+0000] {processor.py:840} INFO - DAG(s) 'restaurant_maintenance' retrieved from /opt/airflow/dags/maintenance_dag.py
[2025-06-27T00:23:14.113+0000] {logging_mixin.py:188} INFO - [2025-06-27T00:23:14.113+0000] {dag.py:3036} INFO - Sync 1 DAGs
[2025-06-27T00:23:14.128+0000] {logging_mixin.py:188} INFO - [2025-06-27T00:23:14.128+0000] {dag.py:3823} INFO - Setting next_dagrun for restaurant_maintenance to 2025-06-26 02:00:00+00:00, run_after=2025-06-27 02:00:00+00:00
[2025-06-27T00:23:14.144+0000] {processor.py:183} INFO - Processing /opt/airflow/dags/maintenance_dag.py took 0.075 seconds
[2025-06-27T00:23:44.384+0000] {processor.py:161} INFO - Started process (PID=3707) to work on /opt/airflow/dags/maintenance_dag.py
[2025-06-27T00:23:44.385+0000] {processor.py:830} INFO - Processing file /opt/airflow/dags/maintenance_dag.py for tasks to queue
[2025-06-27T00:23:44.386+0000] {logging_mixin.py:188} INFO - [2025-06-27T00:23:44.386+0000] {dagbag.py:538} INFO - Filling up the DagBag from /opt/airflow/dags/maintenance_dag.py
[2025-06-27T00:23:44.405+0000] {processor.py:840} INFO - DAG(s) 'restaurant_maintenance' retrieved from /opt/airflow/dags/maintenance_dag.py
[2025-06-27T00:23:44.430+0000] {logging_mixin.py:188} INFO - [2025-06-27T00:23:44.429+0000] {dag.py:3036} INFO - Sync 1 DAGs
[2025-06-27T00:23:44.449+0000] {logging_mixin.py:188} INFO - [2025-06-27T00:23:44.449+0000] {dag.py:3823} INFO - Setting next_dagrun for restaurant_maintenance to 2025-06-26 02:00:00+00:00, run_after=2025-06-27 02:00:00+00:00
[2025-06-27T00:23:44.466+0000] {processor.py:183} INFO - Processing /opt/airflow/dags/maintenance_dag.py took 0.084 seconds
[2025-06-27T00:24:14.674+0000] {processor.py:161} INFO - Started process (PID=3723) to work on /opt/airflow/dags/maintenance_dag.py
[2025-06-27T00:24:14.675+0000] {processor.py:830} INFO - Processing file /opt/airflow/dags/maintenance_dag.py for tasks to queue
[2025-06-27T00:24:14.676+0000] {logging_mixin.py:188} INFO - [2025-06-27T00:24:14.675+0000] {dagbag.py:538} INFO - Filling up the DagBag from /opt/airflow/dags/maintenance_dag.py
[2025-06-27T00:24:14.691+0000] {processor.py:840} INFO - DAG(s) 'restaurant_maintenance' retrieved from /opt/airflow/dags/maintenance_dag.py
[2025-06-27T00:24:14.709+0000] {logging_mixin.py:188} INFO - [2025-06-27T00:24:14.709+0000] {dag.py:3036} INFO - Sync 1 DAGs
[2025-06-27T00:24:14.724+0000] {logging_mixin.py:188} INFO - [2025-06-27T00:24:14.723+0000] {dag.py:3823} INFO - Setting next_dagrun for restaurant_maintenance to 2025-06-26 02:00:00+00:00, run_after=2025-06-27 02:00:00+00:00
[2025-06-27T00:24:14.739+0000] {processor.py:183} INFO - Processing /opt/airflow/dags/maintenance_dag.py took 0.068 seconds
[2025-06-27T00:24:44.959+0000] {processor.py:161} INFO - Started process (PID=3739) to work on /opt/airflow/dags/maintenance_dag.py
[2025-06-27T00:24:44.959+0000] {processor.py:830} INFO - Processing file /opt/airflow/dags/maintenance_dag.py for tasks to queue
[2025-06-27T00:24:44.960+0000] {logging_mixin.py:188} INFO - [2025-06-27T00:24:44.960+0000] {dagbag.py:538} INFO - Filling up the DagBag from /opt/airflow/dags/maintenance_dag.py
[2025-06-27T00:24:44.974+0000] {processor.py:840} INFO - DAG(s) 'restaurant_maintenance' retrieved from /opt/airflow/dags/maintenance_dag.py
[2025-06-27T00:24:44.994+0000] {logging_mixin.py:188} INFO - [2025-06-27T00:24:44.994+0000] {dag.py:3036} INFO - Sync 1 DAGs
[2025-06-27T00:24:45.009+0000] {logging_mixin.py:188} INFO - [2025-06-27T00:24:45.008+0000] {dag.py:3823} INFO - Setting next_dagrun for restaurant_maintenance to 2025-06-26 02:00:00+00:00, run_after=2025-06-27 02:00:00+00:00
[2025-06-27T00:24:45.024+0000] {processor.py:183} INFO - Processing /opt/airflow/dags/maintenance_dag.py took 0.068 seconds
[2025-06-27T00:25:15.255+0000] {processor.py:161} INFO - Started process (PID=3755) to work on /opt/airflow/dags/maintenance_dag.py
[2025-06-27T00:25:15.256+0000] {processor.py:830} INFO - Processing file /opt/airflow/dags/maintenance_dag.py for tasks to queue
[2025-06-27T00:25:15.257+0000] {logging_mixin.py:188} INFO - [2025-06-27T00:25:15.257+0000] {dagbag.py:538} INFO - Filling up the DagBag from /opt/airflow/dags/maintenance_dag.py
[2025-06-27T00:25:15.271+0000] {processor.py:840} INFO - DAG(s) 'restaurant_maintenance' retrieved from /opt/airflow/dags/maintenance_dag.py
[2025-06-27T00:25:15.291+0000] {logging_mixin.py:188} INFO - [2025-06-27T00:25:15.290+0000] {dag.py:3036} INFO - Sync 1 DAGs
[2025-06-27T00:25:15.306+0000] {logging_mixin.py:188} INFO - [2025-06-27T00:25:15.306+0000] {dag.py:3823} INFO - Setting next_dagrun for restaurant_maintenance to 2025-06-26 02:00:00+00:00, run_after=2025-06-27 02:00:00+00:00
[2025-06-27T00:25:15.323+0000] {processor.py:183} INFO - Processing /opt/airflow/dags/maintenance_dag.py took 0.070 seconds
[2025-06-27T00:25:45.535+0000] {processor.py:161} INFO - Started process (PID=3771) to work on /opt/airflow/dags/maintenance_dag.py
[2025-06-27T00:25:45.536+0000] {processor.py:830} INFO - Processing file /opt/airflow/dags/maintenance_dag.py for tasks to queue
[2025-06-27T00:25:45.537+0000] {logging_mixin.py:188} INFO - [2025-06-27T00:25:45.537+0000] {dagbag.py:538} INFO - Filling up the DagBag from /opt/airflow/dags/maintenance_dag.py
[2025-06-27T00:25:45.550+0000] {processor.py:840} INFO - DAG(s) 'restaurant_maintenance' retrieved from /opt/airflow/dags/maintenance_dag.py
[2025-06-27T00:25:45.569+0000] {logging_mixin.py:188} INFO - [2025-06-27T00:25:45.569+0000] {dag.py:3036} INFO - Sync 1 DAGs
[2025-06-27T00:25:45.584+0000] {logging_mixin.py:188} INFO - [2025-06-27T00:25:45.584+0000] {dag.py:3823} INFO - Setting next_dagrun for restaurant_maintenance to 2025-06-26 02:00:00+00:00, run_after=2025-06-27 02:00:00+00:00
[2025-06-27T00:25:45.601+0000] {processor.py:183} INFO - Processing /opt/airflow/dags/maintenance_dag.py took 0.068 seconds
[2025-06-27T00:26:15.837+0000] {processor.py:161} INFO - Started process (PID=3787) to work on /opt/airflow/dags/maintenance_dag.py
[2025-06-27T00:26:15.838+0000] {processor.py:830} INFO - Processing file /opt/airflow/dags/maintenance_dag.py for tasks to queue
[2025-06-27T00:26:15.839+0000] {logging_mixin.py:188} INFO - [2025-06-27T00:26:15.839+0000] {dagbag.py:538} INFO - Filling up the DagBag from /opt/airflow/dags/maintenance_dag.py
[2025-06-27T00:26:15.853+0000] {processor.py:840} INFO - DAG(s) 'restaurant_maintenance' retrieved from /opt/airflow/dags/maintenance_dag.py
[2025-06-27T00:26:15.872+0000] {logging_mixin.py:188} INFO - [2025-06-27T00:26:15.871+0000] {dag.py:3036} INFO - Sync 1 DAGs
[2025-06-27T00:26:15.887+0000] {logging_mixin.py:188} INFO - [2025-06-27T00:26:15.887+0000] {dag.py:3823} INFO - Setting next_dagrun for restaurant_maintenance to 2025-06-26 02:00:00+00:00, run_after=2025-06-27 02:00:00+00:00
[2025-06-27T00:26:15.902+0000] {processor.py:183} INFO - Processing /opt/airflow/dags/maintenance_dag.py took 0.067 seconds
[2025-06-27T00:26:46.129+0000] {processor.py:161} INFO - Started process (PID=3803) to work on /opt/airflow/dags/maintenance_dag.py
[2025-06-27T00:26:46.129+0000] {processor.py:830} INFO - Processing file /opt/airflow/dags/maintenance_dag.py for tasks to queue
[2025-06-27T00:26:46.130+0000] {logging_mixin.py:188} INFO - [2025-06-27T00:26:46.130+0000] {dagbag.py:538} INFO - Filling up the DagBag from /opt/airflow/dags/maintenance_dag.py
[2025-06-27T00:26:46.144+0000] {processor.py:840} INFO - DAG(s) 'restaurant_maintenance' retrieved from /opt/airflow/dags/maintenance_dag.py
[2025-06-27T00:26:46.166+0000] {logging_mixin.py:188} INFO - [2025-06-27T00:26:46.165+0000] {dag.py:3036} INFO - Sync 1 DAGs
[2025-06-27T00:26:46.185+0000] {logging_mixin.py:188} INFO - [2025-06-27T00:26:46.184+0000] {dag.py:3823} INFO - Setting next_dagrun for restaurant_maintenance to 2025-06-26 02:00:00+00:00, run_after=2025-06-27 02:00:00+00:00
[2025-06-27T00:26:46.201+0000] {processor.py:183} INFO - Processing /opt/airflow/dags/maintenance_dag.py took 0.075 seconds
[2025-06-27T00:27:16.427+0000] {processor.py:161} INFO - Started process (PID=3819) to work on /opt/airflow/dags/maintenance_dag.py
[2025-06-27T00:27:16.427+0000] {processor.py:830} INFO - Processing file /opt/airflow/dags/maintenance_dag.py for tasks to queue
[2025-06-27T00:27:16.429+0000] {logging_mixin.py:188} INFO - [2025-06-27T00:27:16.428+0000] {dagbag.py:538} INFO - Filling up the DagBag from /opt/airflow/dags/maintenance_dag.py
[2025-06-27T00:27:16.444+0000] {processor.py:840} INFO - DAG(s) 'restaurant_maintenance' retrieved from /opt/airflow/dags/maintenance_dag.py
[2025-06-27T00:27:16.462+0000] {logging_mixin.py:188} INFO - [2025-06-27T00:27:16.462+0000] {dag.py:3036} INFO - Sync 1 DAGs
[2025-06-27T00:27:16.477+0000] {logging_mixin.py:188} INFO - [2025-06-27T00:27:16.477+0000] {dag.py:3823} INFO - Setting next_dagrun for restaurant_maintenance to 2025-06-26 02:00:00+00:00, run_after=2025-06-27 02:00:00+00:00
[2025-06-27T00:27:16.492+0000] {processor.py:183} INFO - Processing /opt/airflow/dags/maintenance_dag.py took 0.067 seconds
[2025-06-27T00:27:46.721+0000] {processor.py:161} INFO - Started process (PID=3835) to work on /opt/airflow/dags/maintenance_dag.py
[2025-06-27T00:27:46.722+0000] {processor.py:830} INFO - Processing file /opt/airflow/dags/maintenance_dag.py for tasks to queue
[2025-06-27T00:27:46.723+0000] {logging_mixin.py:188} INFO - [2025-06-27T00:27:46.722+0000] {dagbag.py:538} INFO - Filling up the DagBag from /opt/airflow/dags/maintenance_dag.py
[2025-06-27T00:27:46.736+0000] {processor.py:840} INFO - DAG(s) 'restaurant_maintenance' retrieved from /opt/airflow/dags/maintenance_dag.py
[2025-06-27T00:27:46.755+0000] {logging_mixin.py:188} INFO - [2025-06-27T00:27:46.755+0000] {dag.py:3036} INFO - Sync 1 DAGs
[2025-06-27T00:27:46.770+0000] {logging_mixin.py:188} INFO - [2025-06-27T00:27:46.770+0000] {dag.py:3823} INFO - Setting next_dagrun for restaurant_maintenance to 2025-06-26 02:00:00+00:00, run_after=2025-06-27 02:00:00+00:00
[2025-06-27T00:27:46.785+0000] {processor.py:183} INFO - Processing /opt/airflow/dags/maintenance_dag.py took 0.067 seconds
[2025-06-27T00:28:17.009+0000] {processor.py:161} INFO - Started process (PID=3851) to work on /opt/airflow/dags/maintenance_dag.py
[2025-06-27T00:28:17.010+0000] {processor.py:830} INFO - Processing file /opt/airflow/dags/maintenance_dag.py for tasks to queue
[2025-06-27T00:28:17.011+0000] {logging_mixin.py:188} INFO - [2025-06-27T00:28:17.010+0000] {dagbag.py:538} INFO - Filling up the DagBag from /opt/airflow/dags/maintenance_dag.py
[2025-06-27T00:28:17.028+0000] {processor.py:840} INFO - DAG(s) 'restaurant_maintenance' retrieved from /opt/airflow/dags/maintenance_dag.py
[2025-06-27T00:28:17.048+0000] {logging_mixin.py:188} INFO - [2025-06-27T00:28:17.048+0000] {dag.py:3036} INFO - Sync 1 DAGs
[2025-06-27T00:28:17.063+0000] {logging_mixin.py:188} INFO - [2025-06-27T00:28:17.063+0000] {dag.py:3823} INFO - Setting next_dagrun for restaurant_maintenance to 2025-06-26 02:00:00+00:00, run_after=2025-06-27 02:00:00+00:00
[2025-06-27T00:28:17.077+0000] {processor.py:183} INFO - Processing /opt/airflow/dags/maintenance_dag.py took 0.071 seconds
[2025-06-27T00:28:47.273+0000] {processor.py:161} INFO - Started process (PID=3867) to work on /opt/airflow/dags/maintenance_dag.py
[2025-06-27T00:28:47.274+0000] {processor.py:830} INFO - Processing file /opt/airflow/dags/maintenance_dag.py for tasks to queue
[2025-06-27T00:28:47.274+0000] {logging_mixin.py:188} INFO - [2025-06-27T00:28:47.274+0000] {dagbag.py:538} INFO - Filling up the DagBag from /opt/airflow/dags/maintenance_dag.py
[2025-06-27T00:28:47.289+0000] {processor.py:840} INFO - DAG(s) 'restaurant_maintenance' retrieved from /opt/airflow/dags/maintenance_dag.py
[2025-06-27T00:28:47.308+0000] {logging_mixin.py:188} INFO - [2025-06-27T00:28:47.308+0000] {dag.py:3036} INFO - Sync 1 DAGs
[2025-06-27T00:28:47.322+0000] {logging_mixin.py:188} INFO - [2025-06-27T00:28:47.322+0000] {dag.py:3823} INFO - Setting next_dagrun for restaurant_maintenance to 2025-06-26 02:00:00+00:00, run_after=2025-06-27 02:00:00+00:00
[2025-06-27T00:28:47.339+0000] {processor.py:183} INFO - Processing /opt/airflow/dags/maintenance_dag.py took 0.069 seconds
[2025-06-27T00:29:17.573+0000] {processor.py:161} INFO - Started process (PID=3883) to work on /opt/airflow/dags/maintenance_dag.py
[2025-06-27T00:29:17.574+0000] {processor.py:830} INFO - Processing file /opt/airflow/dags/maintenance_dag.py for tasks to queue
[2025-06-27T00:29:17.574+0000] {logging_mixin.py:188} INFO - [2025-06-27T00:29:17.574+0000] {dagbag.py:538} INFO - Filling up the DagBag from /opt/airflow/dags/maintenance_dag.py
[2025-06-27T00:29:17.591+0000] {processor.py:840} INFO - DAG(s) 'restaurant_maintenance' retrieved from /opt/airflow/dags/maintenance_dag.py
[2025-06-27T00:29:17.611+0000] {logging_mixin.py:188} INFO - [2025-06-27T00:29:17.611+0000] {dag.py:3036} INFO - Sync 1 DAGs
[2025-06-27T00:29:17.626+0000] {logging_mixin.py:188} INFO - [2025-06-27T00:29:17.626+0000] {dag.py:3823} INFO - Setting next_dagrun for restaurant_maintenance to 2025-06-26 02:00:00+00:00, run_after=2025-06-27 02:00:00+00:00
[2025-06-27T00:29:17.642+0000] {processor.py:183} INFO - Processing /opt/airflow/dags/maintenance_dag.py took 0.072 seconds
[2025-06-27T00:29:47.901+0000] {processor.py:161} INFO - Started process (PID=3898) to work on /opt/airflow/dags/maintenance_dag.py
[2025-06-27T00:29:47.902+0000] {processor.py:830} INFO - Processing file /opt/airflow/dags/maintenance_dag.py for tasks to queue
[2025-06-27T00:29:47.903+0000] {logging_mixin.py:188} INFO - [2025-06-27T00:29:47.903+0000] {dagbag.py:538} INFO - Filling up the DagBag from /opt/airflow/dags/maintenance_dag.py
[2025-06-27T00:29:47.917+0000] {processor.py:840} INFO - DAG(s) 'restaurant_maintenance' retrieved from /opt/airflow/dags/maintenance_dag.py
[2025-06-27T00:29:47.935+0000] {logging_mixin.py:188} INFO - [2025-06-27T00:29:47.935+0000] {dag.py:3036} INFO - Sync 1 DAGs
[2025-06-27T00:29:47.950+0000] {logging_mixin.py:188} INFO - [2025-06-27T00:29:47.950+0000] {dag.py:3823} INFO - Setting next_dagrun for restaurant_maintenance to 2025-06-26 02:00:00+00:00, run_after=2025-06-27 02:00:00+00:00
[2025-06-27T00:29:47.966+0000] {processor.py:183} INFO - Processing /opt/airflow/dags/maintenance_dag.py took 0.067 seconds
[2025-06-27T00:30:18.181+0000] {processor.py:161} INFO - Started process (PID=3914) to work on /opt/airflow/dags/maintenance_dag.py
[2025-06-27T00:30:18.182+0000] {processor.py:830} INFO - Processing file /opt/airflow/dags/maintenance_dag.py for tasks to queue
[2025-06-27T00:30:18.183+0000] {logging_mixin.py:188} INFO - [2025-06-27T00:30:18.183+0000] {dagbag.py:538} INFO - Filling up the DagBag from /opt/airflow/dags/maintenance_dag.py
[2025-06-27T00:30:18.197+0000] {processor.py:840} INFO - DAG(s) 'restaurant_maintenance' retrieved from /opt/airflow/dags/maintenance_dag.py
[2025-06-27T00:30:18.216+0000] {logging_mixin.py:188} INFO - [2025-06-27T00:30:18.216+0000] {dag.py:3036} INFO - Sync 1 DAGs
[2025-06-27T00:30:18.231+0000] {logging_mixin.py:188} INFO - [2025-06-27T00:30:18.231+0000] {dag.py:3823} INFO - Setting next_dagrun for restaurant_maintenance to 2025-06-26 02:00:00+00:00, run_after=2025-06-27 02:00:00+00:00
[2025-06-27T00:30:18.245+0000] {processor.py:183} INFO - Processing /opt/airflow/dags/maintenance_dag.py took 0.066 seconds
[2025-06-27T00:30:48.437+0000] {processor.py:161} INFO - Started process (PID=3930) to work on /opt/airflow/dags/maintenance_dag.py
[2025-06-27T00:30:48.439+0000] {processor.py:830} INFO - Processing file /opt/airflow/dags/maintenance_dag.py for tasks to queue
[2025-06-27T00:30:48.439+0000] {logging_mixin.py:188} INFO - [2025-06-27T00:30:48.439+0000] {dagbag.py:538} INFO - Filling up the DagBag from /opt/airflow/dags/maintenance_dag.py
[2025-06-27T00:30:48.455+0000] {processor.py:840} INFO - DAG(s) 'restaurant_maintenance' retrieved from /opt/airflow/dags/maintenance_dag.py
[2025-06-27T00:30:48.474+0000] {logging_mixin.py:188} INFO - [2025-06-27T00:30:48.474+0000] {dag.py:3036} INFO - Sync 1 DAGs
[2025-06-27T00:30:48.490+0000] {logging_mixin.py:188} INFO - [2025-06-27T00:30:48.490+0000] {dag.py:3823} INFO - Setting next_dagrun for restaurant_maintenance to 2025-06-26 02:00:00+00:00, run_after=2025-06-27 02:00:00+00:00
[2025-06-27T00:30:48.506+0000] {processor.py:183} INFO - Processing /opt/airflow/dags/maintenance_dag.py took 0.072 seconds
[2025-06-27T02:06:26.504+0000] {processor.py:161} INFO - Started process (PID=3938) to work on /opt/airflow/dags/maintenance_dag.py
[2025-06-27T02:06:26.506+0000] {processor.py:830} INFO - Processing file /opt/airflow/dags/maintenance_dag.py for tasks to queue
[2025-06-27T02:06:26.507+0000] {logging_mixin.py:188} INFO - [2025-06-27T02:06:26.507+0000] {dagbag.py:538} INFO - Filling up the DagBag from /opt/airflow/dags/maintenance_dag.py
[2025-06-27T02:06:26.568+0000] {processor.py:840} INFO - DAG(s) 'restaurant_maintenance' retrieved from /opt/airflow/dags/maintenance_dag.py
[2025-06-27T02:06:26.596+0000] {logging_mixin.py:188} INFO - [2025-06-27T02:06:26.596+0000] {dag.py:3036} INFO - Sync 1 DAGs
[2025-06-27T02:06:26.620+0000] {logging_mixin.py:188} INFO - [2025-06-27T02:06:26.619+0000] {dag.py:3823} INFO - Setting next_dagrun for restaurant_maintenance to 2025-06-27 02:00:00+00:00, run_after=2025-06-28 02:00:00+00:00
[2025-06-27T02:06:26.642+0000] {processor.py:183} INFO - Processing /opt/airflow/dags/maintenance_dag.py took 0.142 seconds
[2025-06-27T02:06:57.005+0000] {processor.py:161} INFO - Started process (PID=3968) to work on /opt/airflow/dags/maintenance_dag.py
[2025-06-27T02:06:57.007+0000] {processor.py:830} INFO - Processing file /opt/airflow/dags/maintenance_dag.py for tasks to queue
[2025-06-27T02:06:57.008+0000] {logging_mixin.py:188} INFO - [2025-06-27T02:06:57.007+0000] {dagbag.py:538} INFO - Filling up the DagBag from /opt/airflow/dags/maintenance_dag.py
[2025-06-27T02:06:57.138+0000] {processor.py:840} INFO - DAG(s) 'restaurant_maintenance' retrieved from /opt/airflow/dags/maintenance_dag.py
[2025-06-27T02:06:57.168+0000] {logging_mixin.py:188} INFO - [2025-06-27T02:06:57.168+0000] {dag.py:3036} INFO - Sync 1 DAGs
[2025-06-27T02:06:57.190+0000] {logging_mixin.py:188} INFO - [2025-06-27T02:06:57.190+0000] {dag.py:3823} INFO - Setting next_dagrun for restaurant_maintenance to 2025-06-27 02:00:00+00:00, run_after=2025-06-28 02:00:00+00:00
[2025-06-27T02:06:57.266+0000] {processor.py:183} INFO - Processing /opt/airflow/dags/maintenance_dag.py took 0.263 seconds
[2025-06-27T02:11:57.083+0000] {processor.py:161} INFO - Started process (PID=223) to work on /opt/airflow/dags/maintenance_dag.py
[2025-06-27T02:11:57.084+0000] {processor.py:830} INFO - Processing file /opt/airflow/dags/maintenance_dag.py for tasks to queue
[2025-06-27T02:11:57.086+0000] {logging_mixin.py:188} INFO - [2025-06-27T02:11:57.085+0000] {dagbag.py:538} INFO - Filling up the DagBag from /opt/airflow/dags/maintenance_dag.py
[2025-06-27T02:11:57.134+0000] {processor.py:840} INFO - DAG(s) 'restaurant_maintenance' retrieved from /opt/airflow/dags/maintenance_dag.py
[2025-06-27T02:11:57.169+0000] {logging_mixin.py:188} INFO - [2025-06-27T02:11:57.168+0000] {dag.py:3036} INFO - Sync 1 DAGs
[2025-06-27T02:11:57.194+0000] {logging_mixin.py:188} INFO - [2025-06-27T02:11:57.194+0000] {dag.py:3823} INFO - Setting next_dagrun for restaurant_maintenance to 2025-06-26 02:00:00+00:00, run_after=2025-06-27 02:00:00+00:00
[2025-06-27T02:11:57.218+0000] {processor.py:183} INFO - Processing /opt/airflow/dags/maintenance_dag.py took 0.140 seconds
[2025-06-27T02:12:27.442+0000] {processor.py:161} INFO - Started process (PID=239) to work on /opt/airflow/dags/maintenance_dag.py
[2025-06-27T02:12:27.444+0000] {processor.py:830} INFO - Processing file /opt/airflow/dags/maintenance_dag.py for tasks to queue
[2025-06-27T02:12:27.446+0000] {logging_mixin.py:188} INFO - [2025-06-27T02:12:27.446+0000] {dagbag.py:538} INFO - Filling up the DagBag from /opt/airflow/dags/maintenance_dag.py
[2025-06-27T02:12:27.517+0000] {processor.py:840} INFO - DAG(s) 'restaurant_maintenance' retrieved from /opt/airflow/dags/maintenance_dag.py
[2025-06-27T02:12:28.069+0000] {logging_mixin.py:188} INFO - [2025-06-27T02:12:28.069+0000] {dag.py:3036} INFO - Sync 1 DAGs
[2025-06-27T02:12:28.105+0000] {logging_mixin.py:188} INFO - [2025-06-27T02:12:28.105+0000] {dag.py:3823} INFO - Setting next_dagrun for restaurant_maintenance to 2025-06-26 02:00:00+00:00, run_after=2025-06-27 02:00:00+00:00
[2025-06-27T02:12:28.158+0000] {processor.py:183} INFO - Processing /opt/airflow/dags/maintenance_dag.py took 0.723 seconds
[2025-06-27T02:12:58.526+0000] {processor.py:161} INFO - Started process (PID=255) to work on /opt/airflow/dags/maintenance_dag.py
[2025-06-27T02:12:58.529+0000] {processor.py:830} INFO - Processing file /opt/airflow/dags/maintenance_dag.py for tasks to queue
[2025-06-27T02:12:58.531+0000] {logging_mixin.py:188} INFO - [2025-06-27T02:12:58.530+0000] {dagbag.py:538} INFO - Filling up the DagBag from /opt/airflow/dags/maintenance_dag.py
[2025-06-27T02:12:58.583+0000] {processor.py:840} INFO - DAG(s) 'restaurant_maintenance' retrieved from /opt/airflow/dags/maintenance_dag.py
[2025-06-27T02:12:58.651+0000] {logging_mixin.py:188} INFO - [2025-06-27T02:12:58.650+0000] {dag.py:3036} INFO - Sync 1 DAGs
[2025-06-27T02:12:58.689+0000] {logging_mixin.py:188} INFO - [2025-06-27T02:12:58.689+0000] {dag.py:3823} INFO - Setting next_dagrun for restaurant_maintenance to 2025-06-26 02:00:00+00:00, run_after=2025-06-27 02:00:00+00:00
[2025-06-27T02:12:58.722+0000] {processor.py:183} INFO - Processing /opt/airflow/dags/maintenance_dag.py took 0.203 seconds
