[2025-06-27T00:00:29.599+0000] {processor.py:161} INFO - Started process (PID=2963) to work on /opt/airflow/dags/restaurant_etl_dag.py
[2025-06-27T00:00:29.600+0000] {processor.py:830} INFO - Processing file /opt/airflow/dags/restaurant_etl_dag.py for tasks to queue
[2025-06-27T00:00:29.601+0000] {logging_mixin.py:188} INFO - [2025-06-27T00:00:29.601+0000] {dagbag.py:538} INFO - Filling up the DagBag from /opt/airflow/dags/restaurant_etl_dag.py
[2025-06-27T00:00:29.621+0000] {processor.py:840} INFO - DAG(s) 'restaurant_etl_pipeline' retrieved from /opt/airflow/dags/restaurant_etl_dag.py
[2025-06-27T00:00:29.753+0000] {logging_mixin.py:188} INFO - [2025-06-27T00:00:29.753+0000] {dag.py:3036} INFO - Sync 1 DAGs
[2025-06-27T00:00:29.768+0000] {logging_mixin.py:188} INFO - [2025-06-27T00:00:29.768+0000] {dag.py:3823} INFO - Setting next_dagrun for restaurant_etl_pipeline to 2025-06-27 00:00:00+00:00, run_after=2025-06-27 06:00:00+00:00
[2025-06-27T00:00:29.786+0000] {processor.py:183} INFO - Processing /opt/airflow/dags/restaurant_etl_dag.py took 0.189 seconds
[2025-06-27T00:00:59.878+0000] {processor.py:161} INFO - Started process (PID=2979) to work on /opt/airflow/dags/restaurant_etl_dag.py
[2025-06-27T00:00:59.878+0000] {processor.py:830} INFO - Processing file /opt/airflow/dags/restaurant_etl_dag.py for tasks to queue
[2025-06-27T00:00:59.879+0000] {logging_mixin.py:188} INFO - [2025-06-27T00:00:59.879+0000] {dagbag.py:538} INFO - Filling up the DagBag from /opt/airflow/dags/restaurant_etl_dag.py
[2025-06-27T00:00:59.896+0000] {processor.py:840} INFO - DAG(s) 'restaurant_etl_pipeline' retrieved from /opt/airflow/dags/restaurant_etl_dag.py
[2025-06-27T00:00:59.917+0000] {logging_mixin.py:188} INFO - [2025-06-27T00:00:59.917+0000] {dag.py:3036} INFO - Sync 1 DAGs
[2025-06-27T00:00:59.935+0000] {logging_mixin.py:188} INFO - [2025-06-27T00:00:59.935+0000] {dag.py:3823} INFO - Setting next_dagrun for restaurant_etl_pipeline to 2025-06-27 00:00:00+00:00, run_after=2025-06-27 06:00:00+00:00
[2025-06-27T00:00:59.956+0000] {processor.py:183} INFO - Processing /opt/airflow/dags/restaurant_etl_dag.py took 0.081 seconds
[2025-06-27T00:01:30.189+0000] {processor.py:161} INFO - Started process (PID=2995) to work on /opt/airflow/dags/restaurant_etl_dag.py
[2025-06-27T00:01:30.189+0000] {processor.py:830} INFO - Processing file /opt/airflow/dags/restaurant_etl_dag.py for tasks to queue
[2025-06-27T00:01:30.190+0000] {logging_mixin.py:188} INFO - [2025-06-27T00:01:30.190+0000] {dagbag.py:538} INFO - Filling up the DagBag from /opt/airflow/dags/restaurant_etl_dag.py
[2025-06-27T00:01:30.212+0000] {processor.py:840} INFO - DAG(s) 'restaurant_etl_pipeline' retrieved from /opt/airflow/dags/restaurant_etl_dag.py
[2025-06-27T00:01:30.232+0000] {logging_mixin.py:188} INFO - [2025-06-27T00:01:30.232+0000] {dag.py:3036} INFO - Sync 1 DAGs
[2025-06-27T00:01:30.247+0000] {logging_mixin.py:188} INFO - [2025-06-27T00:01:30.246+0000] {dag.py:3823} INFO - Setting next_dagrun for restaurant_etl_pipeline to 2025-06-27 00:00:00+00:00, run_after=2025-06-27 06:00:00+00:00
[2025-06-27T00:01:30.260+0000] {processor.py:183} INFO - Processing /opt/airflow/dags/restaurant_etl_dag.py took 0.074 seconds
[2025-06-27T00:02:00.669+0000] {processor.py:161} INFO - Started process (PID=3011) to work on /opt/airflow/dags/restaurant_etl_dag.py
[2025-06-27T00:02:00.670+0000] {processor.py:830} INFO - Processing file /opt/airflow/dags/restaurant_etl_dag.py for tasks to queue
[2025-06-27T00:02:00.670+0000] {logging_mixin.py:188} INFO - [2025-06-27T00:02:00.670+0000] {dagbag.py:538} INFO - Filling up the DagBag from /opt/airflow/dags/restaurant_etl_dag.py
[2025-06-27T00:02:00.685+0000] {processor.py:840} INFO - DAG(s) 'restaurant_etl_pipeline' retrieved from /opt/airflow/dags/restaurant_etl_dag.py
[2025-06-27T00:02:00.705+0000] {logging_mixin.py:188} INFO - [2025-06-27T00:02:00.705+0000] {dag.py:3036} INFO - Sync 1 DAGs
[2025-06-27T00:02:00.720+0000] {logging_mixin.py:188} INFO - [2025-06-27T00:02:00.720+0000] {dag.py:3823} INFO - Setting next_dagrun for restaurant_etl_pipeline to 2025-06-27 00:00:00+00:00, run_after=2025-06-27 06:00:00+00:00
[2025-06-27T00:02:00.737+0000] {processor.py:183} INFO - Processing /opt/airflow/dags/restaurant_etl_dag.py took 0.070 seconds
[2025-06-27T00:02:30.949+0000] {processor.py:161} INFO - Started process (PID=3027) to work on /opt/airflow/dags/restaurant_etl_dag.py
[2025-06-27T00:02:30.950+0000] {processor.py:830} INFO - Processing file /opt/airflow/dags/restaurant_etl_dag.py for tasks to queue
[2025-06-27T00:02:30.951+0000] {logging_mixin.py:188} INFO - [2025-06-27T00:02:30.951+0000] {dagbag.py:538} INFO - Filling up the DagBag from /opt/airflow/dags/restaurant_etl_dag.py
[2025-06-27T00:02:30.965+0000] {processor.py:840} INFO - DAG(s) 'restaurant_etl_pipeline' retrieved from /opt/airflow/dags/restaurant_etl_dag.py
[2025-06-27T00:02:30.986+0000] {logging_mixin.py:188} INFO - [2025-06-27T00:02:30.985+0000] {dag.py:3036} INFO - Sync 1 DAGs
[2025-06-27T00:02:31.000+0000] {logging_mixin.py:188} INFO - [2025-06-27T00:02:31.000+0000] {dag.py:3823} INFO - Setting next_dagrun for restaurant_etl_pipeline to 2025-06-27 00:00:00+00:00, run_after=2025-06-27 06:00:00+00:00
[2025-06-27T00:02:31.013+0000] {processor.py:183} INFO - Processing /opt/airflow/dags/restaurant_etl_dag.py took 0.066 seconds
[2025-06-27T00:03:01.195+0000] {processor.py:161} INFO - Started process (PID=3043) to work on /opt/airflow/dags/restaurant_etl_dag.py
[2025-06-27T00:03:01.196+0000] {processor.py:830} INFO - Processing file /opt/airflow/dags/restaurant_etl_dag.py for tasks to queue
[2025-06-27T00:03:01.197+0000] {logging_mixin.py:188} INFO - [2025-06-27T00:03:01.197+0000] {dagbag.py:538} INFO - Filling up the DagBag from /opt/airflow/dags/restaurant_etl_dag.py
[2025-06-27T00:03:01.215+0000] {processor.py:840} INFO - DAG(s) 'restaurant_etl_pipeline' retrieved from /opt/airflow/dags/restaurant_etl_dag.py
[2025-06-27T00:03:01.238+0000] {logging_mixin.py:188} INFO - [2025-06-27T00:03:01.238+0000] {dag.py:3036} INFO - Sync 1 DAGs
[2025-06-27T00:03:01.254+0000] {logging_mixin.py:188} INFO - [2025-06-27T00:03:01.254+0000] {dag.py:3823} INFO - Setting next_dagrun for restaurant_etl_pipeline to 2025-06-27 00:00:00+00:00, run_after=2025-06-27 06:00:00+00:00
[2025-06-27T00:03:01.273+0000] {processor.py:183} INFO - Processing /opt/airflow/dags/restaurant_etl_dag.py took 0.079 seconds
[2025-06-27T00:03:31.471+0000] {processor.py:161} INFO - Started process (PID=3059) to work on /opt/airflow/dags/restaurant_etl_dag.py
[2025-06-27T00:03:31.472+0000] {processor.py:830} INFO - Processing file /opt/airflow/dags/restaurant_etl_dag.py for tasks to queue
[2025-06-27T00:03:31.473+0000] {logging_mixin.py:188} INFO - [2025-06-27T00:03:31.473+0000] {dagbag.py:538} INFO - Filling up the DagBag from /opt/airflow/dags/restaurant_etl_dag.py
[2025-06-27T00:03:31.488+0000] {processor.py:840} INFO - DAG(s) 'restaurant_etl_pipeline' retrieved from /opt/airflow/dags/restaurant_etl_dag.py
[2025-06-27T00:03:31.510+0000] {logging_mixin.py:188} INFO - [2025-06-27T00:03:31.510+0000] {dag.py:3036} INFO - Sync 1 DAGs
[2025-06-27T00:03:31.524+0000] {logging_mixin.py:188} INFO - [2025-06-27T00:03:31.524+0000] {dag.py:3823} INFO - Setting next_dagrun for restaurant_etl_pipeline to 2025-06-27 00:00:00+00:00, run_after=2025-06-27 06:00:00+00:00
[2025-06-27T00:03:31.538+0000] {processor.py:183} INFO - Processing /opt/airflow/dags/restaurant_etl_dag.py took 0.069 seconds
[2025-06-27T00:04:01.839+0000] {processor.py:161} INFO - Started process (PID=3075) to work on /opt/airflow/dags/restaurant_etl_dag.py
[2025-06-27T00:04:01.839+0000] {processor.py:830} INFO - Processing file /opt/airflow/dags/restaurant_etl_dag.py for tasks to queue
[2025-06-27T00:04:01.840+0000] {logging_mixin.py:188} INFO - [2025-06-27T00:04:01.840+0000] {dagbag.py:538} INFO - Filling up the DagBag from /opt/airflow/dags/restaurant_etl_dag.py
[2025-06-27T00:04:01.857+0000] {processor.py:840} INFO - DAG(s) 'restaurant_etl_pipeline' retrieved from /opt/airflow/dags/restaurant_etl_dag.py
[2025-06-27T00:04:01.879+0000] {logging_mixin.py:188} INFO - [2025-06-27T00:04:01.879+0000] {dag.py:3036} INFO - Sync 1 DAGs
[2025-06-27T00:04:01.896+0000] {logging_mixin.py:188} INFO - [2025-06-27T00:04:01.896+0000] {dag.py:3823} INFO - Setting next_dagrun for restaurant_etl_pipeline to 2025-06-27 00:00:00+00:00, run_after=2025-06-27 06:00:00+00:00
[2025-06-27T00:04:01.912+0000] {processor.py:183} INFO - Processing /opt/airflow/dags/restaurant_etl_dag.py took 0.077 seconds
[2025-06-27T00:04:32.083+0000] {processor.py:161} INFO - Started process (PID=3090) to work on /opt/airflow/dags/restaurant_etl_dag.py
[2025-06-27T00:04:32.083+0000] {processor.py:830} INFO - Processing file /opt/airflow/dags/restaurant_etl_dag.py for tasks to queue
[2025-06-27T00:04:32.084+0000] {logging_mixin.py:188} INFO - [2025-06-27T00:04:32.084+0000] {dagbag.py:538} INFO - Filling up the DagBag from /opt/airflow/dags/restaurant_etl_dag.py
[2025-06-27T00:04:32.100+0000] {processor.py:840} INFO - DAG(s) 'restaurant_etl_pipeline' retrieved from /opt/airflow/dags/restaurant_etl_dag.py
[2025-06-27T00:04:32.123+0000] {logging_mixin.py:188} INFO - [2025-06-27T00:04:32.123+0000] {dag.py:3036} INFO - Sync 1 DAGs
[2025-06-27T00:04:32.139+0000] {logging_mixin.py:188} INFO - [2025-06-27T00:04:32.139+0000] {dag.py:3823} INFO - Setting next_dagrun for restaurant_etl_pipeline to 2025-06-27 00:00:00+00:00, run_after=2025-06-27 06:00:00+00:00
[2025-06-27T00:04:32.155+0000] {processor.py:183} INFO - Processing /opt/airflow/dags/restaurant_etl_dag.py took 0.075 seconds
[2025-06-27T00:05:02.374+0000] {processor.py:161} INFO - Started process (PID=3106) to work on /opt/airflow/dags/restaurant_etl_dag.py
[2025-06-27T00:05:02.375+0000] {processor.py:830} INFO - Processing file /opt/airflow/dags/restaurant_etl_dag.py for tasks to queue
[2025-06-27T00:05:02.376+0000] {logging_mixin.py:188} INFO - [2025-06-27T00:05:02.375+0000] {dagbag.py:538} INFO - Filling up the DagBag from /opt/airflow/dags/restaurant_etl_dag.py
[2025-06-27T00:05:02.391+0000] {processor.py:840} INFO - DAG(s) 'restaurant_etl_pipeline' retrieved from /opt/airflow/dags/restaurant_etl_dag.py
[2025-06-27T00:05:02.413+0000] {logging_mixin.py:188} INFO - [2025-06-27T00:05:02.413+0000] {dag.py:3036} INFO - Sync 1 DAGs
[2025-06-27T00:05:02.430+0000] {logging_mixin.py:188} INFO - [2025-06-27T00:05:02.430+0000] {dag.py:3823} INFO - Setting next_dagrun for restaurant_etl_pipeline to 2025-06-27 00:00:00+00:00, run_after=2025-06-27 06:00:00+00:00
[2025-06-27T00:05:02.448+0000] {processor.py:183} INFO - Processing /opt/airflow/dags/restaurant_etl_dag.py took 0.077 seconds
[2025-06-27T00:05:32.626+0000] {processor.py:161} INFO - Started process (PID=3122) to work on /opt/airflow/dags/restaurant_etl_dag.py
[2025-06-27T00:05:32.627+0000] {processor.py:830} INFO - Processing file /opt/airflow/dags/restaurant_etl_dag.py for tasks to queue
[2025-06-27T00:05:32.628+0000] {logging_mixin.py:188} INFO - [2025-06-27T00:05:32.628+0000] {dagbag.py:538} INFO - Filling up the DagBag from /opt/airflow/dags/restaurant_etl_dag.py
[2025-06-27T00:05:32.647+0000] {processor.py:840} INFO - DAG(s) 'restaurant_etl_pipeline' retrieved from /opt/airflow/dags/restaurant_etl_dag.py
[2025-06-27T00:05:32.672+0000] {logging_mixin.py:188} INFO - [2025-06-27T00:05:32.672+0000] {dag.py:3036} INFO - Sync 1 DAGs
[2025-06-27T00:05:32.694+0000] {logging_mixin.py:188} INFO - [2025-06-27T00:05:32.694+0000] {dag.py:3823} INFO - Setting next_dagrun for restaurant_etl_pipeline to 2025-06-27 00:00:00+00:00, run_after=2025-06-27 06:00:00+00:00
[2025-06-27T00:05:32.713+0000] {processor.py:183} INFO - Processing /opt/airflow/dags/restaurant_etl_dag.py took 0.089 seconds
[2025-06-27T00:06:02.931+0000] {processor.py:161} INFO - Started process (PID=3138) to work on /opt/airflow/dags/restaurant_etl_dag.py
[2025-06-27T00:06:02.932+0000] {processor.py:830} INFO - Processing file /opt/airflow/dags/restaurant_etl_dag.py for tasks to queue
[2025-06-27T00:06:02.932+0000] {logging_mixin.py:188} INFO - [2025-06-27T00:06:02.932+0000] {dagbag.py:538} INFO - Filling up the DagBag from /opt/airflow/dags/restaurant_etl_dag.py
[2025-06-27T00:06:02.951+0000] {processor.py:840} INFO - DAG(s) 'restaurant_etl_pipeline' retrieved from /opt/airflow/dags/restaurant_etl_dag.py
[2025-06-27T00:06:02.973+0000] {logging_mixin.py:188} INFO - [2025-06-27T00:06:02.973+0000] {dag.py:3036} INFO - Sync 1 DAGs
[2025-06-27T00:06:02.990+0000] {logging_mixin.py:188} INFO - [2025-06-27T00:06:02.989+0000] {dag.py:3823} INFO - Setting next_dagrun for restaurant_etl_pipeline to 2025-06-27 00:00:00+00:00, run_after=2025-06-27 06:00:00+00:00
[2025-06-27T00:06:03.006+0000] {processor.py:183} INFO - Processing /opt/airflow/dags/restaurant_etl_dag.py took 0.077 seconds
[2025-06-27T00:06:33.308+0000] {processor.py:161} INFO - Started process (PID=3154) to work on /opt/airflow/dags/restaurant_etl_dag.py
[2025-06-27T00:06:33.309+0000] {processor.py:830} INFO - Processing file /opt/airflow/dags/restaurant_etl_dag.py for tasks to queue
[2025-06-27T00:06:33.310+0000] {logging_mixin.py:188} INFO - [2025-06-27T00:06:33.310+0000] {dagbag.py:538} INFO - Filling up the DagBag from /opt/airflow/dags/restaurant_etl_dag.py
[2025-06-27T00:06:33.324+0000] {processor.py:840} INFO - DAG(s) 'restaurant_etl_pipeline' retrieved from /opt/airflow/dags/restaurant_etl_dag.py
[2025-06-27T00:06:33.348+0000] {logging_mixin.py:188} INFO - [2025-06-27T00:06:33.348+0000] {dag.py:3036} INFO - Sync 1 DAGs
[2025-06-27T00:06:33.369+0000] {logging_mixin.py:188} INFO - [2025-06-27T00:06:33.369+0000] {dag.py:3823} INFO - Setting next_dagrun for restaurant_etl_pipeline to 2025-06-27 00:00:00+00:00, run_after=2025-06-27 06:00:00+00:00
[2025-06-27T00:06:33.383+0000] {processor.py:183} INFO - Processing /opt/airflow/dags/restaurant_etl_dag.py took 0.077 seconds
[2025-06-27T00:07:03.563+0000] {processor.py:161} INFO - Started process (PID=3170) to work on /opt/airflow/dags/restaurant_etl_dag.py
[2025-06-27T00:07:03.564+0000] {processor.py:830} INFO - Processing file /opt/airflow/dags/restaurant_etl_dag.py for tasks to queue
[2025-06-27T00:07:03.564+0000] {logging_mixin.py:188} INFO - [2025-06-27T00:07:03.564+0000] {dagbag.py:538} INFO - Filling up the DagBag from /opt/airflow/dags/restaurant_etl_dag.py
[2025-06-27T00:07:03.583+0000] {processor.py:840} INFO - DAG(s) 'restaurant_etl_pipeline' retrieved from /opt/airflow/dags/restaurant_etl_dag.py
[2025-06-27T00:07:03.606+0000] {logging_mixin.py:188} INFO - [2025-06-27T00:07:03.606+0000] {dag.py:3036} INFO - Sync 1 DAGs
[2025-06-27T00:07:03.625+0000] {logging_mixin.py:188} INFO - [2025-06-27T00:07:03.625+0000] {dag.py:3823} INFO - Setting next_dagrun for restaurant_etl_pipeline to 2025-06-27 00:00:00+00:00, run_after=2025-06-27 06:00:00+00:00
[2025-06-27T00:07:03.643+0000] {processor.py:183} INFO - Processing /opt/airflow/dags/restaurant_etl_dag.py took 0.082 seconds
[2025-06-27T00:07:33.852+0000] {processor.py:161} INFO - Started process (PID=3186) to work on /opt/airflow/dags/restaurant_etl_dag.py
[2025-06-27T00:07:33.852+0000] {processor.py:830} INFO - Processing file /opt/airflow/dags/restaurant_etl_dag.py for tasks to queue
[2025-06-27T00:07:33.853+0000] {logging_mixin.py:188} INFO - [2025-06-27T00:07:33.853+0000] {dagbag.py:538} INFO - Filling up the DagBag from /opt/airflow/dags/restaurant_etl_dag.py
[2025-06-27T00:07:33.870+0000] {processor.py:840} INFO - DAG(s) 'restaurant_etl_pipeline' retrieved from /opt/airflow/dags/restaurant_etl_dag.py
[2025-06-27T00:07:33.891+0000] {logging_mixin.py:188} INFO - [2025-06-27T00:07:33.891+0000] {dag.py:3036} INFO - Sync 1 DAGs
[2025-06-27T00:07:33.906+0000] {logging_mixin.py:188} INFO - [2025-06-27T00:07:33.906+0000] {dag.py:3823} INFO - Setting next_dagrun for restaurant_etl_pipeline to 2025-06-27 00:00:00+00:00, run_after=2025-06-27 06:00:00+00:00
[2025-06-27T00:07:33.922+0000] {processor.py:183} INFO - Processing /opt/airflow/dags/restaurant_etl_dag.py took 0.072 seconds
[2025-06-27T00:08:04.232+0000] {processor.py:161} INFO - Started process (PID=3202) to work on /opt/airflow/dags/restaurant_etl_dag.py
[2025-06-27T00:08:04.234+0000] {processor.py:830} INFO - Processing file /opt/airflow/dags/restaurant_etl_dag.py for tasks to queue
[2025-06-27T00:08:04.238+0000] {logging_mixin.py:188} INFO - [2025-06-27T00:08:04.236+0000] {dagbag.py:538} INFO - Filling up the DagBag from /opt/airflow/dags/restaurant_etl_dag.py
[2025-06-27T00:08:04.302+0000] {processor.py:840} INFO - DAG(s) 'restaurant_etl_pipeline' retrieved from /opt/airflow/dags/restaurant_etl_dag.py
[2025-06-27T00:08:04.347+0000] {logging_mixin.py:188} INFO - [2025-06-27T00:08:04.347+0000] {dag.py:3036} INFO - Sync 1 DAGs
[2025-06-27T00:08:04.365+0000] {logging_mixin.py:188} INFO - [2025-06-27T00:08:04.365+0000] {dag.py:3823} INFO - Setting next_dagrun for restaurant_etl_pipeline to 2025-06-27 00:00:00+00:00, run_after=2025-06-27 06:00:00+00:00
[2025-06-27T00:08:04.382+0000] {processor.py:183} INFO - Processing /opt/airflow/dags/restaurant_etl_dag.py took 0.170 seconds
[2025-06-27T00:08:34.440+0000] {processor.py:161} INFO - Started process (PID=3218) to work on /opt/airflow/dags/restaurant_etl_dag.py
[2025-06-27T00:08:34.441+0000] {processor.py:830} INFO - Processing file /opt/airflow/dags/restaurant_etl_dag.py for tasks to queue
[2025-06-27T00:08:34.441+0000] {logging_mixin.py:188} INFO - [2025-06-27T00:08:34.441+0000] {dagbag.py:538} INFO - Filling up the DagBag from /opt/airflow/dags/restaurant_etl_dag.py
[2025-06-27T00:08:34.458+0000] {processor.py:840} INFO - DAG(s) 'restaurant_etl_pipeline' retrieved from /opt/airflow/dags/restaurant_etl_dag.py
[2025-06-27T00:08:34.479+0000] {logging_mixin.py:188} INFO - [2025-06-27T00:08:34.479+0000] {dag.py:3036} INFO - Sync 1 DAGs
[2025-06-27T00:08:34.495+0000] {logging_mixin.py:188} INFO - [2025-06-27T00:08:34.494+0000] {dag.py:3823} INFO - Setting next_dagrun for restaurant_etl_pipeline to 2025-06-27 00:00:00+00:00, run_after=2025-06-27 06:00:00+00:00
[2025-06-27T00:08:34.510+0000] {processor.py:183} INFO - Processing /opt/airflow/dags/restaurant_etl_dag.py took 0.073 seconds
[2025-06-27T00:09:04.713+0000] {processor.py:161} INFO - Started process (PID=3234) to work on /opt/airflow/dags/restaurant_etl_dag.py
[2025-06-27T00:09:04.714+0000] {processor.py:830} INFO - Processing file /opt/airflow/dags/restaurant_etl_dag.py for tasks to queue
[2025-06-27T00:09:04.714+0000] {logging_mixin.py:188} INFO - [2025-06-27T00:09:04.714+0000] {dagbag.py:538} INFO - Filling up the DagBag from /opt/airflow/dags/restaurant_etl_dag.py
[2025-06-27T00:09:04.730+0000] {processor.py:840} INFO - DAG(s) 'restaurant_etl_pipeline' retrieved from /opt/airflow/dags/restaurant_etl_dag.py
[2025-06-27T00:09:04.751+0000] {logging_mixin.py:188} INFO - [2025-06-27T00:09:04.750+0000] {dag.py:3036} INFO - Sync 1 DAGs
[2025-06-27T00:09:04.766+0000] {logging_mixin.py:188} INFO - [2025-06-27T00:09:04.766+0000] {dag.py:3823} INFO - Setting next_dagrun for restaurant_etl_pipeline to 2025-06-27 00:00:00+00:00, run_after=2025-06-27 06:00:00+00:00
[2025-06-27T00:09:04.782+0000] {processor.py:183} INFO - Processing /opt/airflow/dags/restaurant_etl_dag.py took 0.071 seconds
[2025-06-27T00:09:35.022+0000] {processor.py:161} INFO - Started process (PID=3250) to work on /opt/airflow/dags/restaurant_etl_dag.py
[2025-06-27T00:09:35.023+0000] {processor.py:830} INFO - Processing file /opt/airflow/dags/restaurant_etl_dag.py for tasks to queue
[2025-06-27T00:09:35.024+0000] {logging_mixin.py:188} INFO - [2025-06-27T00:09:35.024+0000] {dagbag.py:538} INFO - Filling up the DagBag from /opt/airflow/dags/restaurant_etl_dag.py
[2025-06-27T00:09:35.044+0000] {processor.py:840} INFO - DAG(s) 'restaurant_etl_pipeline' retrieved from /opt/airflow/dags/restaurant_etl_dag.py
[2025-06-27T00:09:35.066+0000] {logging_mixin.py:188} INFO - [2025-06-27T00:09:35.065+0000] {dag.py:3036} INFO - Sync 1 DAGs
[2025-06-27T00:09:35.081+0000] {logging_mixin.py:188} INFO - [2025-06-27T00:09:35.081+0000] {dag.py:3823} INFO - Setting next_dagrun for restaurant_etl_pipeline to 2025-06-27 00:00:00+00:00, run_after=2025-06-27 06:00:00+00:00
[2025-06-27T00:09:35.094+0000] {processor.py:183} INFO - Processing /opt/airflow/dags/restaurant_etl_dag.py took 0.074 seconds
[2025-06-27T00:10:05.236+0000] {processor.py:161} INFO - Started process (PID=3272) to work on /opt/airflow/dags/restaurant_etl_dag.py
[2025-06-27T00:10:05.237+0000] {processor.py:830} INFO - Processing file /opt/airflow/dags/restaurant_etl_dag.py for tasks to queue
[2025-06-27T00:10:05.238+0000] {logging_mixin.py:188} INFO - [2025-06-27T00:10:05.238+0000] {dagbag.py:538} INFO - Filling up the DagBag from /opt/airflow/dags/restaurant_etl_dag.py
[2025-06-27T00:10:05.254+0000] {processor.py:840} INFO - DAG(s) 'restaurant_etl_pipeline' retrieved from /opt/airflow/dags/restaurant_etl_dag.py
[2025-06-27T00:10:05.278+0000] {logging_mixin.py:188} INFO - [2025-06-27T00:10:05.277+0000] {dag.py:3036} INFO - Sync 1 DAGs
[2025-06-27T00:10:05.293+0000] {logging_mixin.py:188} INFO - [2025-06-27T00:10:05.293+0000] {dag.py:3823} INFO - Setting next_dagrun for restaurant_etl_pipeline to 2025-06-27 00:00:00+00:00, run_after=2025-06-27 06:00:00+00:00
[2025-06-27T00:10:05.308+0000] {processor.py:183} INFO - Processing /opt/airflow/dags/restaurant_etl_dag.py took 0.075 seconds
[2025-06-27T00:10:35.570+0000] {processor.py:161} INFO - Started process (PID=3288) to work on /opt/airflow/dags/restaurant_etl_dag.py
[2025-06-27T00:10:35.571+0000] {processor.py:830} INFO - Processing file /opt/airflow/dags/restaurant_etl_dag.py for tasks to queue
[2025-06-27T00:10:35.572+0000] {logging_mixin.py:188} INFO - [2025-06-27T00:10:35.572+0000] {dagbag.py:538} INFO - Filling up the DagBag from /opt/airflow/dags/restaurant_etl_dag.py
[2025-06-27T00:10:35.589+0000] {processor.py:840} INFO - DAG(s) 'restaurant_etl_pipeline' retrieved from /opt/airflow/dags/restaurant_etl_dag.py
[2025-06-27T00:10:35.616+0000] {logging_mixin.py:188} INFO - [2025-06-27T00:10:35.615+0000] {dag.py:3036} INFO - Sync 1 DAGs
[2025-06-27T00:10:35.633+0000] {logging_mixin.py:188} INFO - [2025-06-27T00:10:35.633+0000] {dag.py:3823} INFO - Setting next_dagrun for restaurant_etl_pipeline to 2025-06-27 00:00:00+00:00, run_after=2025-06-27 06:00:00+00:00
[2025-06-27T00:10:35.652+0000] {processor.py:183} INFO - Processing /opt/airflow/dags/restaurant_etl_dag.py took 0.085 seconds
[2025-06-27T00:11:05.866+0000] {processor.py:161} INFO - Started process (PID=3301) to work on /opt/airflow/dags/restaurant_etl_dag.py
[2025-06-27T00:11:05.867+0000] {processor.py:830} INFO - Processing file /opt/airflow/dags/restaurant_etl_dag.py for tasks to queue
[2025-06-27T00:11:05.868+0000] {logging_mixin.py:188} INFO - [2025-06-27T00:11:05.868+0000] {dagbag.py:538} INFO - Filling up the DagBag from /opt/airflow/dags/restaurant_etl_dag.py
[2025-06-27T00:11:05.884+0000] {processor.py:840} INFO - DAG(s) 'restaurant_etl_pipeline' retrieved from /opt/airflow/dags/restaurant_etl_dag.py
[2025-06-27T00:11:05.903+0000] {logging_mixin.py:188} INFO - [2025-06-27T00:11:05.903+0000] {dag.py:3036} INFO - Sync 1 DAGs
[2025-06-27T00:11:05.917+0000] {logging_mixin.py:188} INFO - [2025-06-27T00:11:05.917+0000] {dag.py:3823} INFO - Setting next_dagrun for restaurant_etl_pipeline to 2025-06-27 00:00:00+00:00, run_after=2025-06-27 06:00:00+00:00
[2025-06-27T00:11:05.932+0000] {processor.py:183} INFO - Processing /opt/airflow/dags/restaurant_etl_dag.py took 0.069 seconds
[2025-06-27T00:11:36.160+0000] {processor.py:161} INFO - Started process (PID=3317) to work on /opt/airflow/dags/restaurant_etl_dag.py
[2025-06-27T00:11:36.161+0000] {processor.py:830} INFO - Processing file /opt/airflow/dags/restaurant_etl_dag.py for tasks to queue
[2025-06-27T00:11:36.162+0000] {logging_mixin.py:188} INFO - [2025-06-27T00:11:36.162+0000] {dagbag.py:538} INFO - Filling up the DagBag from /opt/airflow/dags/restaurant_etl_dag.py
[2025-06-27T00:11:36.179+0000] {processor.py:840} INFO - DAG(s) 'restaurant_etl_pipeline' retrieved from /opt/airflow/dags/restaurant_etl_dag.py
[2025-06-27T00:11:36.201+0000] {logging_mixin.py:188} INFO - [2025-06-27T00:11:36.201+0000] {dag.py:3036} INFO - Sync 1 DAGs
[2025-06-27T00:11:36.216+0000] {logging_mixin.py:188} INFO - [2025-06-27T00:11:36.216+0000] {dag.py:3823} INFO - Setting next_dagrun for restaurant_etl_pipeline to 2025-06-27 00:00:00+00:00, run_after=2025-06-27 06:00:00+00:00
[2025-06-27T00:11:36.230+0000] {processor.py:183} INFO - Processing /opt/airflow/dags/restaurant_etl_dag.py took 0.072 seconds
[2025-06-27T00:12:06.440+0000] {processor.py:161} INFO - Started process (PID=3333) to work on /opt/airflow/dags/restaurant_etl_dag.py
[2025-06-27T00:12:06.441+0000] {processor.py:830} INFO - Processing file /opt/airflow/dags/restaurant_etl_dag.py for tasks to queue
[2025-06-27T00:12:06.441+0000] {logging_mixin.py:188} INFO - [2025-06-27T00:12:06.441+0000] {dagbag.py:538} INFO - Filling up the DagBag from /opt/airflow/dags/restaurant_etl_dag.py
[2025-06-27T00:12:06.455+0000] {processor.py:840} INFO - DAG(s) 'restaurant_etl_pipeline' retrieved from /opt/airflow/dags/restaurant_etl_dag.py
[2025-06-27T00:12:06.573+0000] {logging_mixin.py:188} INFO - [2025-06-27T00:12:06.573+0000] {dag.py:3036} INFO - Sync 1 DAGs
[2025-06-27T00:12:06.586+0000] {logging_mixin.py:188} INFO - [2025-06-27T00:12:06.586+0000] {dag.py:3823} INFO - Setting next_dagrun for restaurant_etl_pipeline to 2025-06-27 00:00:00+00:00, run_after=2025-06-27 06:00:00+00:00
[2025-06-27T00:12:06.602+0000] {processor.py:183} INFO - Processing /opt/airflow/dags/restaurant_etl_dag.py took 0.164 seconds
[2025-06-27T00:12:36.837+0000] {processor.py:161} INFO - Started process (PID=3349) to work on /opt/airflow/dags/restaurant_etl_dag.py
[2025-06-27T00:12:36.838+0000] {processor.py:830} INFO - Processing file /opt/airflow/dags/restaurant_etl_dag.py for tasks to queue
[2025-06-27T00:12:36.839+0000] {logging_mixin.py:188} INFO - [2025-06-27T00:12:36.839+0000] {dagbag.py:538} INFO - Filling up the DagBag from /opt/airflow/dags/restaurant_etl_dag.py
[2025-06-27T00:12:36.854+0000] {processor.py:840} INFO - DAG(s) 'restaurant_etl_pipeline' retrieved from /opt/airflow/dags/restaurant_etl_dag.py
[2025-06-27T00:12:36.873+0000] {logging_mixin.py:188} INFO - [2025-06-27T00:12:36.872+0000] {dag.py:3036} INFO - Sync 1 DAGs
[2025-06-27T00:12:36.978+0000] {logging_mixin.py:188} INFO - [2025-06-27T00:12:36.978+0000] {dag.py:3823} INFO - Setting next_dagrun for restaurant_etl_pipeline to 2025-06-27 00:00:00+00:00, run_after=2025-06-27 06:00:00+00:00
[2025-06-27T00:12:36.992+0000] {processor.py:183} INFO - Processing /opt/airflow/dags/restaurant_etl_dag.py took 0.157 seconds
[2025-06-27T00:13:07.387+0000] {processor.py:161} INFO - Started process (PID=3366) to work on /opt/airflow/dags/restaurant_etl_dag.py
[2025-06-27T00:13:07.388+0000] {processor.py:830} INFO - Processing file /opt/airflow/dags/restaurant_etl_dag.py for tasks to queue
[2025-06-27T00:13:07.389+0000] {logging_mixin.py:188} INFO - [2025-06-27T00:13:07.388+0000] {dagbag.py:538} INFO - Filling up the DagBag from /opt/airflow/dags/restaurant_etl_dag.py
[2025-06-27T00:13:07.404+0000] {processor.py:840} INFO - DAG(s) 'restaurant_etl_pipeline' retrieved from /opt/airflow/dags/restaurant_etl_dag.py
[2025-06-27T00:13:07.425+0000] {logging_mixin.py:188} INFO - [2025-06-27T00:13:07.425+0000] {dag.py:3036} INFO - Sync 1 DAGs
[2025-06-27T00:13:07.440+0000] {logging_mixin.py:188} INFO - [2025-06-27T00:13:07.440+0000] {dag.py:3823} INFO - Setting next_dagrun for restaurant_etl_pipeline to 2025-06-27 00:00:00+00:00, run_after=2025-06-27 06:00:00+00:00
[2025-06-27T00:13:07.456+0000] {processor.py:183} INFO - Processing /opt/airflow/dags/restaurant_etl_dag.py took 0.072 seconds
[2025-06-27T00:13:37.705+0000] {processor.py:161} INFO - Started process (PID=3382) to work on /opt/airflow/dags/restaurant_etl_dag.py
[2025-06-27T00:13:37.706+0000] {processor.py:830} INFO - Processing file /opt/airflow/dags/restaurant_etl_dag.py for tasks to queue
[2025-06-27T00:13:37.707+0000] {logging_mixin.py:188} INFO - [2025-06-27T00:13:37.707+0000] {dagbag.py:538} INFO - Filling up the DagBag from /opt/airflow/dags/restaurant_etl_dag.py
[2025-06-27T00:13:37.723+0000] {processor.py:840} INFO - DAG(s) 'restaurant_etl_pipeline' retrieved from /opt/airflow/dags/restaurant_etl_dag.py
[2025-06-27T00:13:37.745+0000] {logging_mixin.py:188} INFO - [2025-06-27T00:13:37.745+0000] {dag.py:3036} INFO - Sync 1 DAGs
[2025-06-27T00:13:37.760+0000] {logging_mixin.py:188} INFO - [2025-06-27T00:13:37.760+0000] {dag.py:3823} INFO - Setting next_dagrun for restaurant_etl_pipeline to 2025-06-27 00:00:00+00:00, run_after=2025-06-27 06:00:00+00:00
[2025-06-27T00:13:37.773+0000] {processor.py:183} INFO - Processing /opt/airflow/dags/restaurant_etl_dag.py took 0.070 seconds
[2025-06-27T00:14:08.008+0000] {processor.py:161} INFO - Started process (PID=3398) to work on /opt/airflow/dags/restaurant_etl_dag.py
[2025-06-27T00:14:08.010+0000] {processor.py:830} INFO - Processing file /opt/airflow/dags/restaurant_etl_dag.py for tasks to queue
[2025-06-27T00:14:08.011+0000] {logging_mixin.py:188} INFO - [2025-06-27T00:14:08.010+0000] {dagbag.py:538} INFO - Filling up the DagBag from /opt/airflow/dags/restaurant_etl_dag.py
[2025-06-27T00:14:08.030+0000] {processor.py:840} INFO - DAG(s) 'restaurant_etl_pipeline' retrieved from /opt/airflow/dags/restaurant_etl_dag.py
[2025-06-27T00:14:08.052+0000] {logging_mixin.py:188} INFO - [2025-06-27T00:14:08.051+0000] {dag.py:3036} INFO - Sync 1 DAGs
[2025-06-27T00:14:08.067+0000] {logging_mixin.py:188} INFO - [2025-06-27T00:14:08.067+0000] {dag.py:3823} INFO - Setting next_dagrun for restaurant_etl_pipeline to 2025-06-27 00:00:00+00:00, run_after=2025-06-27 06:00:00+00:00
[2025-06-27T00:14:08.082+0000] {processor.py:183} INFO - Processing /opt/airflow/dags/restaurant_etl_dag.py took 0.077 seconds
[2025-06-27T00:14:38.302+0000] {processor.py:161} INFO - Started process (PID=3414) to work on /opt/airflow/dags/restaurant_etl_dag.py
[2025-06-27T00:14:38.303+0000] {processor.py:830} INFO - Processing file /opt/airflow/dags/restaurant_etl_dag.py for tasks to queue
[2025-06-27T00:14:38.303+0000] {logging_mixin.py:188} INFO - [2025-06-27T00:14:38.303+0000] {dagbag.py:538} INFO - Filling up the DagBag from /opt/airflow/dags/restaurant_etl_dag.py
[2025-06-27T00:14:38.331+0000] {processor.py:840} INFO - DAG(s) 'restaurant_etl_pipeline' retrieved from /opt/airflow/dags/restaurant_etl_dag.py
[2025-06-27T00:14:38.353+0000] {logging_mixin.py:188} INFO - [2025-06-27T00:14:38.352+0000] {dag.py:3036} INFO - Sync 1 DAGs
[2025-06-27T00:14:38.368+0000] {logging_mixin.py:188} INFO - [2025-06-27T00:14:38.368+0000] {dag.py:3823} INFO - Setting next_dagrun for restaurant_etl_pipeline to 2025-06-27 00:00:00+00:00, run_after=2025-06-27 06:00:00+00:00
[2025-06-27T00:14:38.381+0000] {processor.py:183} INFO - Processing /opt/airflow/dags/restaurant_etl_dag.py took 0.082 seconds
[2025-06-27T00:15:08.624+0000] {processor.py:161} INFO - Started process (PID=3430) to work on /opt/airflow/dags/restaurant_etl_dag.py
[2025-06-27T00:15:08.626+0000] {processor.py:830} INFO - Processing file /opt/airflow/dags/restaurant_etl_dag.py for tasks to queue
[2025-06-27T00:15:08.628+0000] {logging_mixin.py:188} INFO - [2025-06-27T00:15:08.627+0000] {dagbag.py:538} INFO - Filling up the DagBag from /opt/airflow/dags/restaurant_etl_dag.py
[2025-06-27T00:15:08.679+0000] {processor.py:840} INFO - DAG(s) 'restaurant_etl_pipeline' retrieved from /opt/airflow/dags/restaurant_etl_dag.py
[2025-06-27T00:15:08.714+0000] {logging_mixin.py:188} INFO - [2025-06-27T00:15:08.714+0000] {dag.py:3036} INFO - Sync 1 DAGs
[2025-06-27T00:15:08.735+0000] {logging_mixin.py:188} INFO - [2025-06-27T00:15:08.734+0000] {dag.py:3823} INFO - Setting next_dagrun for restaurant_etl_pipeline to 2025-06-27 00:00:00+00:00, run_after=2025-06-27 06:00:00+00:00
[2025-06-27T00:15:08.752+0000] {processor.py:183} INFO - Processing /opt/airflow/dags/restaurant_etl_dag.py took 0.135 seconds
[2025-06-27T00:15:38.839+0000] {processor.py:161} INFO - Started process (PID=3446) to work on /opt/airflow/dags/restaurant_etl_dag.py
[2025-06-27T00:15:38.840+0000] {processor.py:830} INFO - Processing file /opt/airflow/dags/restaurant_etl_dag.py for tasks to queue
[2025-06-27T00:15:38.841+0000] {logging_mixin.py:188} INFO - [2025-06-27T00:15:38.841+0000] {dagbag.py:538} INFO - Filling up the DagBag from /opt/airflow/dags/restaurant_etl_dag.py
[2025-06-27T00:15:38.864+0000] {processor.py:840} INFO - DAG(s) 'restaurant_etl_pipeline' retrieved from /opt/airflow/dags/restaurant_etl_dag.py
[2025-06-27T00:15:38.886+0000] {logging_mixin.py:188} INFO - [2025-06-27T00:15:38.886+0000] {dag.py:3036} INFO - Sync 1 DAGs
[2025-06-27T00:15:38.905+0000] {logging_mixin.py:188} INFO - [2025-06-27T00:15:38.905+0000] {dag.py:3823} INFO - Setting next_dagrun for restaurant_etl_pipeline to 2025-06-27 00:00:00+00:00, run_after=2025-06-27 06:00:00+00:00
[2025-06-27T00:15:38.918+0000] {processor.py:183} INFO - Processing /opt/airflow/dags/restaurant_etl_dag.py took 0.081 seconds
[2025-06-27T00:16:09.159+0000] {processor.py:161} INFO - Started process (PID=3462) to work on /opt/airflow/dags/restaurant_etl_dag.py
[2025-06-27T00:16:09.160+0000] {processor.py:830} INFO - Processing file /opt/airflow/dags/restaurant_etl_dag.py for tasks to queue
[2025-06-27T00:16:09.161+0000] {logging_mixin.py:188} INFO - [2025-06-27T00:16:09.160+0000] {dagbag.py:538} INFO - Filling up the DagBag from /opt/airflow/dags/restaurant_etl_dag.py
[2025-06-27T00:16:09.175+0000] {processor.py:840} INFO - DAG(s) 'restaurant_etl_pipeline' retrieved from /opt/airflow/dags/restaurant_etl_dag.py
[2025-06-27T00:16:09.195+0000] {logging_mixin.py:188} INFO - [2025-06-27T00:16:09.195+0000] {dag.py:3036} INFO - Sync 1 DAGs
[2025-06-27T00:16:09.210+0000] {logging_mixin.py:188} INFO - [2025-06-27T00:16:09.210+0000] {dag.py:3823} INFO - Setting next_dagrun for restaurant_etl_pipeline to 2025-06-27 00:00:00+00:00, run_after=2025-06-27 06:00:00+00:00
[2025-06-27T00:16:09.227+0000] {processor.py:183} INFO - Processing /opt/airflow/dags/restaurant_etl_dag.py took 0.070 seconds
[2025-06-27T00:16:39.440+0000] {processor.py:161} INFO - Started process (PID=3478) to work on /opt/airflow/dags/restaurant_etl_dag.py
[2025-06-27T00:16:39.441+0000] {processor.py:830} INFO - Processing file /opt/airflow/dags/restaurant_etl_dag.py for tasks to queue
[2025-06-27T00:16:39.442+0000] {logging_mixin.py:188} INFO - [2025-06-27T00:16:39.441+0000] {dagbag.py:538} INFO - Filling up the DagBag from /opt/airflow/dags/restaurant_etl_dag.py
[2025-06-27T00:16:39.464+0000] {processor.py:840} INFO - DAG(s) 'restaurant_etl_pipeline' retrieved from /opt/airflow/dags/restaurant_etl_dag.py
[2025-06-27T00:16:39.495+0000] {logging_mixin.py:188} INFO - [2025-06-27T00:16:39.495+0000] {dag.py:3036} INFO - Sync 1 DAGs
[2025-06-27T00:16:39.511+0000] {logging_mixin.py:188} INFO - [2025-06-27T00:16:39.511+0000] {dag.py:3823} INFO - Setting next_dagrun for restaurant_etl_pipeline to 2025-06-27 00:00:00+00:00, run_after=2025-06-27 06:00:00+00:00
[2025-06-27T00:16:39.527+0000] {processor.py:183} INFO - Processing /opt/airflow/dags/restaurant_etl_dag.py took 0.090 seconds
[2025-06-27T00:17:09.628+0000] {processor.py:161} INFO - Started process (PID=3494) to work on /opt/airflow/dags/restaurant_etl_dag.py
[2025-06-27T00:17:09.629+0000] {processor.py:830} INFO - Processing file /opt/airflow/dags/restaurant_etl_dag.py for tasks to queue
[2025-06-27T00:17:09.629+0000] {logging_mixin.py:188} INFO - [2025-06-27T00:17:09.629+0000] {dagbag.py:538} INFO - Filling up the DagBag from /opt/airflow/dags/restaurant_etl_dag.py
[2025-06-27T00:17:09.643+0000] {processor.py:840} INFO - DAG(s) 'restaurant_etl_pipeline' retrieved from /opt/airflow/dags/restaurant_etl_dag.py
[2025-06-27T00:17:09.665+0000] {logging_mixin.py:188} INFO - [2025-06-27T00:17:09.665+0000] {dag.py:3036} INFO - Sync 1 DAGs
[2025-06-27T00:17:09.681+0000] {logging_mixin.py:188} INFO - [2025-06-27T00:17:09.681+0000] {dag.py:3823} INFO - Setting next_dagrun for restaurant_etl_pipeline to 2025-06-27 00:00:00+00:00, run_after=2025-06-27 06:00:00+00:00
[2025-06-27T00:17:09.697+0000] {processor.py:183} INFO - Processing /opt/airflow/dags/restaurant_etl_dag.py took 0.072 seconds
[2025-06-27T00:17:39.936+0000] {processor.py:161} INFO - Started process (PID=3510) to work on /opt/airflow/dags/restaurant_etl_dag.py
[2025-06-27T00:17:39.937+0000] {processor.py:830} INFO - Processing file /opt/airflow/dags/restaurant_etl_dag.py for tasks to queue
[2025-06-27T00:17:39.938+0000] {logging_mixin.py:188} INFO - [2025-06-27T00:17:39.938+0000] {dagbag.py:538} INFO - Filling up the DagBag from /opt/airflow/dags/restaurant_etl_dag.py
[2025-06-27T00:17:39.953+0000] {processor.py:840} INFO - DAG(s) 'restaurant_etl_pipeline' retrieved from /opt/airflow/dags/restaurant_etl_dag.py
[2025-06-27T00:17:39.972+0000] {logging_mixin.py:188} INFO - [2025-06-27T00:17:39.972+0000] {dag.py:3036} INFO - Sync 1 DAGs
[2025-06-27T00:17:39.986+0000] {logging_mixin.py:188} INFO - [2025-06-27T00:17:39.985+0000] {dag.py:3823} INFO - Setting next_dagrun for restaurant_etl_pipeline to 2025-06-27 00:00:00+00:00, run_after=2025-06-27 06:00:00+00:00
[2025-06-27T00:17:40.002+0000] {processor.py:183} INFO - Processing /opt/airflow/dags/restaurant_etl_dag.py took 0.068 seconds
[2025-06-27T00:18:10.229+0000] {processor.py:161} INFO - Started process (PID=3526) to work on /opt/airflow/dags/restaurant_etl_dag.py
[2025-06-27T00:18:10.230+0000] {processor.py:830} INFO - Processing file /opt/airflow/dags/restaurant_etl_dag.py for tasks to queue
[2025-06-27T00:18:10.231+0000] {logging_mixin.py:188} INFO - [2025-06-27T00:18:10.230+0000] {dagbag.py:538} INFO - Filling up the DagBag from /opt/airflow/dags/restaurant_etl_dag.py
[2025-06-27T00:18:10.244+0000] {processor.py:840} INFO - DAG(s) 'restaurant_etl_pipeline' retrieved from /opt/airflow/dags/restaurant_etl_dag.py
[2025-06-27T00:18:10.264+0000] {logging_mixin.py:188} INFO - [2025-06-27T00:18:10.263+0000] {dag.py:3036} INFO - Sync 1 DAGs
[2025-06-27T00:18:10.277+0000] {logging_mixin.py:188} INFO - [2025-06-27T00:18:10.277+0000] {dag.py:3823} INFO - Setting next_dagrun for restaurant_etl_pipeline to 2025-06-27 00:00:00+00:00, run_after=2025-06-27 06:00:00+00:00
[2025-06-27T00:18:10.294+0000] {processor.py:183} INFO - Processing /opt/airflow/dags/restaurant_etl_dag.py took 0.067 seconds
[2025-06-27T00:18:40.547+0000] {processor.py:161} INFO - Started process (PID=3542) to work on /opt/airflow/dags/restaurant_etl_dag.py
[2025-06-27T00:18:40.548+0000] {processor.py:830} INFO - Processing file /opt/airflow/dags/restaurant_etl_dag.py for tasks to queue
[2025-06-27T00:18:40.549+0000] {logging_mixin.py:188} INFO - [2025-06-27T00:18:40.548+0000] {dagbag.py:538} INFO - Filling up the DagBag from /opt/airflow/dags/restaurant_etl_dag.py
[2025-06-27T00:18:40.562+0000] {processor.py:840} INFO - DAG(s) 'restaurant_etl_pipeline' retrieved from /opt/airflow/dags/restaurant_etl_dag.py
[2025-06-27T00:18:40.581+0000] {logging_mixin.py:188} INFO - [2025-06-27T00:18:40.581+0000] {dag.py:3036} INFO - Sync 1 DAGs
[2025-06-27T00:18:40.595+0000] {logging_mixin.py:188} INFO - [2025-06-27T00:18:40.595+0000] {dag.py:3823} INFO - Setting next_dagrun for restaurant_etl_pipeline to 2025-06-27 00:00:00+00:00, run_after=2025-06-27 06:00:00+00:00
[2025-06-27T00:18:40.614+0000] {processor.py:183} INFO - Processing /opt/airflow/dags/restaurant_etl_dag.py took 0.069 seconds
[2025-06-27T00:19:10.831+0000] {processor.py:161} INFO - Started process (PID=3558) to work on /opt/airflow/dags/restaurant_etl_dag.py
[2025-06-27T00:19:10.832+0000] {processor.py:830} INFO - Processing file /opt/airflow/dags/restaurant_etl_dag.py for tasks to queue
[2025-06-27T00:19:10.833+0000] {logging_mixin.py:188} INFO - [2025-06-27T00:19:10.833+0000] {dagbag.py:538} INFO - Filling up the DagBag from /opt/airflow/dags/restaurant_etl_dag.py
[2025-06-27T00:19:10.847+0000] {processor.py:840} INFO - DAG(s) 'restaurant_etl_pipeline' retrieved from /opt/airflow/dags/restaurant_etl_dag.py
[2025-06-27T00:19:10.866+0000] {logging_mixin.py:188} INFO - [2025-06-27T00:19:10.866+0000] {dag.py:3036} INFO - Sync 1 DAGs
[2025-06-27T00:19:10.883+0000] {logging_mixin.py:188} INFO - [2025-06-27T00:19:10.882+0000] {dag.py:3823} INFO - Setting next_dagrun for restaurant_etl_pipeline to 2025-06-27 00:00:00+00:00, run_after=2025-06-27 06:00:00+00:00
[2025-06-27T00:19:10.899+0000] {processor.py:183} INFO - Processing /opt/airflow/dags/restaurant_etl_dag.py took 0.070 seconds
[2025-06-27T00:19:41.118+0000] {processor.py:161} INFO - Started process (PID=3574) to work on /opt/airflow/dags/restaurant_etl_dag.py
[2025-06-27T00:19:41.118+0000] {processor.py:830} INFO - Processing file /opt/airflow/dags/restaurant_etl_dag.py for tasks to queue
[2025-06-27T00:19:41.119+0000] {logging_mixin.py:188} INFO - [2025-06-27T00:19:41.119+0000] {dagbag.py:538} INFO - Filling up the DagBag from /opt/airflow/dags/restaurant_etl_dag.py
[2025-06-27T00:19:41.134+0000] {processor.py:840} INFO - DAG(s) 'restaurant_etl_pipeline' retrieved from /opt/airflow/dags/restaurant_etl_dag.py
[2025-06-27T00:19:41.152+0000] {logging_mixin.py:188} INFO - [2025-06-27T00:19:41.153+0000] {dag.py:3036} INFO - Sync 1 DAGs
[2025-06-27T00:19:41.166+0000] {logging_mixin.py:188} INFO - [2025-06-27T00:19:41.166+0000] {dag.py:3823} INFO - Setting next_dagrun for restaurant_etl_pipeline to 2025-06-27 00:00:00+00:00, run_after=2025-06-27 06:00:00+00:00
[2025-06-27T00:19:41.181+0000] {processor.py:183} INFO - Processing /opt/airflow/dags/restaurant_etl_dag.py took 0.067 seconds
[2025-06-27T00:20:11.388+0000] {processor.py:161} INFO - Started process (PID=3590) to work on /opt/airflow/dags/restaurant_etl_dag.py
[2025-06-27T00:20:11.389+0000] {processor.py:830} INFO - Processing file /opt/airflow/dags/restaurant_etl_dag.py for tasks to queue
[2025-06-27T00:20:11.389+0000] {logging_mixin.py:188} INFO - [2025-06-27T00:20:11.389+0000] {dagbag.py:538} INFO - Filling up the DagBag from /opt/airflow/dags/restaurant_etl_dag.py
[2025-06-27T00:20:11.403+0000] {processor.py:840} INFO - DAG(s) 'restaurant_etl_pipeline' retrieved from /opt/airflow/dags/restaurant_etl_dag.py
[2025-06-27T00:20:11.423+0000] {logging_mixin.py:188} INFO - [2025-06-27T00:20:11.423+0000] {dag.py:3036} INFO - Sync 1 DAGs
[2025-06-27T00:20:11.438+0000] {logging_mixin.py:188} INFO - [2025-06-27T00:20:11.437+0000] {dag.py:3823} INFO - Setting next_dagrun for restaurant_etl_pipeline to 2025-06-27 00:00:00+00:00, run_after=2025-06-27 06:00:00+00:00
[2025-06-27T00:20:11.452+0000] {processor.py:183} INFO - Processing /opt/airflow/dags/restaurant_etl_dag.py took 0.066 seconds
[2025-06-27T00:20:41.627+0000] {processor.py:161} INFO - Started process (PID=3606) to work on /opt/airflow/dags/restaurant_etl_dag.py
[2025-06-27T00:20:41.628+0000] {processor.py:830} INFO - Processing file /opt/airflow/dags/restaurant_etl_dag.py for tasks to queue
[2025-06-27T00:20:41.629+0000] {logging_mixin.py:188} INFO - [2025-06-27T00:20:41.628+0000] {dagbag.py:538} INFO - Filling up the DagBag from /opt/airflow/dags/restaurant_etl_dag.py
[2025-06-27T00:20:41.654+0000] {processor.py:840} INFO - DAG(s) 'restaurant_etl_pipeline' retrieved from /opt/airflow/dags/restaurant_etl_dag.py
[2025-06-27T00:20:41.680+0000] {logging_mixin.py:188} INFO - [2025-06-27T00:20:41.679+0000] {dag.py:3036} INFO - Sync 1 DAGs
[2025-06-27T00:20:41.697+0000] {logging_mixin.py:188} INFO - [2025-06-27T00:20:41.697+0000] {dag.py:3823} INFO - Setting next_dagrun for restaurant_etl_pipeline to 2025-06-27 00:00:00+00:00, run_after=2025-06-27 06:00:00+00:00
[2025-06-27T00:20:41.711+0000] {processor.py:183} INFO - Processing /opt/airflow/dags/restaurant_etl_dag.py took 0.088 seconds
[2025-06-27T00:21:11.879+0000] {processor.py:161} INFO - Started process (PID=3622) to work on /opt/airflow/dags/restaurant_etl_dag.py
[2025-06-27T00:21:11.880+0000] {processor.py:830} INFO - Processing file /opt/airflow/dags/restaurant_etl_dag.py for tasks to queue
[2025-06-27T00:21:11.880+0000] {logging_mixin.py:188} INFO - [2025-06-27T00:21:11.880+0000] {dagbag.py:538} INFO - Filling up the DagBag from /opt/airflow/dags/restaurant_etl_dag.py
[2025-06-27T00:21:11.895+0000] {processor.py:840} INFO - DAG(s) 'restaurant_etl_pipeline' retrieved from /opt/airflow/dags/restaurant_etl_dag.py
[2025-06-27T00:21:11.914+0000] {logging_mixin.py:188} INFO - [2025-06-27T00:21:11.914+0000] {dag.py:3036} INFO - Sync 1 DAGs
[2025-06-27T00:21:11.929+0000] {logging_mixin.py:188} INFO - [2025-06-27T00:21:11.929+0000] {dag.py:3823} INFO - Setting next_dagrun for restaurant_etl_pipeline to 2025-06-27 00:00:00+00:00, run_after=2025-06-27 06:00:00+00:00
[2025-06-27T00:21:11.946+0000] {processor.py:183} INFO - Processing /opt/airflow/dags/restaurant_etl_dag.py took 0.070 seconds
[2025-06-27T00:21:42.169+0000] {processor.py:161} INFO - Started process (PID=3638) to work on /opt/airflow/dags/restaurant_etl_dag.py
[2025-06-27T00:21:42.170+0000] {processor.py:830} INFO - Processing file /opt/airflow/dags/restaurant_etl_dag.py for tasks to queue
[2025-06-27T00:21:42.171+0000] {logging_mixin.py:188} INFO - [2025-06-27T00:21:42.171+0000] {dagbag.py:538} INFO - Filling up the DagBag from /opt/airflow/dags/restaurant_etl_dag.py
[2025-06-27T00:21:42.189+0000] {processor.py:840} INFO - DAG(s) 'restaurant_etl_pipeline' retrieved from /opt/airflow/dags/restaurant_etl_dag.py
[2025-06-27T00:21:42.208+0000] {logging_mixin.py:188} INFO - [2025-06-27T00:21:42.207+0000] {dag.py:3036} INFO - Sync 1 DAGs
[2025-06-27T00:21:42.221+0000] {logging_mixin.py:188} INFO - [2025-06-27T00:21:42.221+0000] {dag.py:3823} INFO - Setting next_dagrun for restaurant_etl_pipeline to 2025-06-27 00:00:00+00:00, run_after=2025-06-27 06:00:00+00:00
[2025-06-27T00:21:42.238+0000] {processor.py:183} INFO - Processing /opt/airflow/dags/restaurant_etl_dag.py took 0.072 seconds
[2025-06-27T00:22:12.450+0000] {processor.py:161} INFO - Started process (PID=3654) to work on /opt/airflow/dags/restaurant_etl_dag.py
[2025-06-27T00:22:12.450+0000] {processor.py:830} INFO - Processing file /opt/airflow/dags/restaurant_etl_dag.py for tasks to queue
[2025-06-27T00:22:12.451+0000] {logging_mixin.py:188} INFO - [2025-06-27T00:22:12.451+0000] {dagbag.py:538} INFO - Filling up the DagBag from /opt/airflow/dags/restaurant_etl_dag.py
[2025-06-27T00:22:12.464+0000] {processor.py:840} INFO - DAG(s) 'restaurant_etl_pipeline' retrieved from /opt/airflow/dags/restaurant_etl_dag.py
[2025-06-27T00:22:12.484+0000] {logging_mixin.py:188} INFO - [2025-06-27T00:22:12.484+0000] {dag.py:3036} INFO - Sync 1 DAGs
[2025-06-27T00:22:12.497+0000] {logging_mixin.py:188} INFO - [2025-06-27T00:22:12.497+0000] {dag.py:3823} INFO - Setting next_dagrun for restaurant_etl_pipeline to 2025-06-27 00:00:00+00:00, run_after=2025-06-27 06:00:00+00:00
[2025-06-27T00:22:12.514+0000] {processor.py:183} INFO - Processing /opt/airflow/dags/restaurant_etl_dag.py took 0.067 seconds
[2025-06-27T00:22:42.732+0000] {processor.py:161} INFO - Started process (PID=3670) to work on /opt/airflow/dags/restaurant_etl_dag.py
[2025-06-27T00:22:42.732+0000] {processor.py:830} INFO - Processing file /opt/airflow/dags/restaurant_etl_dag.py for tasks to queue
[2025-06-27T00:22:42.733+0000] {logging_mixin.py:188} INFO - [2025-06-27T00:22:42.733+0000] {dagbag.py:538} INFO - Filling up the DagBag from /opt/airflow/dags/restaurant_etl_dag.py
[2025-06-27T00:22:42.747+0000] {processor.py:840} INFO - DAG(s) 'restaurant_etl_pipeline' retrieved from /opt/airflow/dags/restaurant_etl_dag.py
[2025-06-27T00:22:42.766+0000] {logging_mixin.py:188} INFO - [2025-06-27T00:22:42.765+0000] {dag.py:3036} INFO - Sync 1 DAGs
[2025-06-27T00:22:42.780+0000] {logging_mixin.py:188} INFO - [2025-06-27T00:22:42.780+0000] {dag.py:3823} INFO - Setting next_dagrun for restaurant_etl_pipeline to 2025-06-27 00:00:00+00:00, run_after=2025-06-27 06:00:00+00:00
[2025-06-27T00:22:42.795+0000] {processor.py:183} INFO - Processing /opt/airflow/dags/restaurant_etl_dag.py took 0.066 seconds
[2025-06-27T00:23:13.047+0000] {processor.py:161} INFO - Started process (PID=3686) to work on /opt/airflow/dags/restaurant_etl_dag.py
[2025-06-27T00:23:13.048+0000] {processor.py:830} INFO - Processing file /opt/airflow/dags/restaurant_etl_dag.py for tasks to queue
[2025-06-27T00:23:13.048+0000] {logging_mixin.py:188} INFO - [2025-06-27T00:23:13.048+0000] {dagbag.py:538} INFO - Filling up the DagBag from /opt/airflow/dags/restaurant_etl_dag.py
[2025-06-27T00:23:13.062+0000] {processor.py:840} INFO - DAG(s) 'restaurant_etl_pipeline' retrieved from /opt/airflow/dags/restaurant_etl_dag.py
[2025-06-27T00:23:13.083+0000] {logging_mixin.py:188} INFO - [2025-06-27T00:23:13.082+0000] {dag.py:3036} INFO - Sync 1 DAGs
[2025-06-27T00:23:13.103+0000] {logging_mixin.py:188} INFO - [2025-06-27T00:23:13.102+0000] {dag.py:3823} INFO - Setting next_dagrun for restaurant_etl_pipeline to 2025-06-27 00:00:00+00:00, run_after=2025-06-27 06:00:00+00:00
[2025-06-27T00:23:13.123+0000] {processor.py:183} INFO - Processing /opt/airflow/dags/restaurant_etl_dag.py took 0.079 seconds
[2025-06-27T00:23:43.350+0000] {processor.py:161} INFO - Started process (PID=3702) to work on /opt/airflow/dags/restaurant_etl_dag.py
[2025-06-27T00:23:43.351+0000] {processor.py:830} INFO - Processing file /opt/airflow/dags/restaurant_etl_dag.py for tasks to queue
[2025-06-27T00:23:43.352+0000] {logging_mixin.py:188} INFO - [2025-06-27T00:23:43.352+0000] {dagbag.py:538} INFO - Filling up the DagBag from /opt/airflow/dags/restaurant_etl_dag.py
[2025-06-27T00:23:43.368+0000] {processor.py:840} INFO - DAG(s) 'restaurant_etl_pipeline' retrieved from /opt/airflow/dags/restaurant_etl_dag.py
[2025-06-27T00:23:43.387+0000] {logging_mixin.py:188} INFO - [2025-06-27T00:23:43.387+0000] {dag.py:3036} INFO - Sync 1 DAGs
[2025-06-27T00:23:43.402+0000] {logging_mixin.py:188} INFO - [2025-06-27T00:23:43.402+0000] {dag.py:3823} INFO - Setting next_dagrun for restaurant_etl_pipeline to 2025-06-27 00:00:00+00:00, run_after=2025-06-27 06:00:00+00:00
[2025-06-27T00:23:43.418+0000] {processor.py:183} INFO - Processing /opt/airflow/dags/restaurant_etl_dag.py took 0.069 seconds
[2025-06-27T00:24:13.651+0000] {processor.py:161} INFO - Started process (PID=3718) to work on /opt/airflow/dags/restaurant_etl_dag.py
[2025-06-27T00:24:13.652+0000] {processor.py:830} INFO - Processing file /opt/airflow/dags/restaurant_etl_dag.py for tasks to queue
[2025-06-27T00:24:13.652+0000] {logging_mixin.py:188} INFO - [2025-06-27T00:24:13.652+0000] {dagbag.py:538} INFO - Filling up the DagBag from /opt/airflow/dags/restaurant_etl_dag.py
[2025-06-27T00:24:13.666+0000] {processor.py:840} INFO - DAG(s) 'restaurant_etl_pipeline' retrieved from /opt/airflow/dags/restaurant_etl_dag.py
[2025-06-27T00:24:13.685+0000] {logging_mixin.py:188} INFO - [2025-06-27T00:24:13.685+0000] {dag.py:3036} INFO - Sync 1 DAGs
[2025-06-27T00:24:13.699+0000] {logging_mixin.py:188} INFO - [2025-06-27T00:24:13.699+0000] {dag.py:3823} INFO - Setting next_dagrun for restaurant_etl_pipeline to 2025-06-27 00:00:00+00:00, run_after=2025-06-27 06:00:00+00:00
[2025-06-27T00:24:13.714+0000] {processor.py:183} INFO - Processing /opt/airflow/dags/restaurant_etl_dag.py took 0.065 seconds
[2025-06-27T00:24:43.939+0000] {processor.py:161} INFO - Started process (PID=3734) to work on /opt/airflow/dags/restaurant_etl_dag.py
[2025-06-27T00:24:43.940+0000] {processor.py:830} INFO - Processing file /opt/airflow/dags/restaurant_etl_dag.py for tasks to queue
[2025-06-27T00:24:43.941+0000] {logging_mixin.py:188} INFO - [2025-06-27T00:24:43.941+0000] {dagbag.py:538} INFO - Filling up the DagBag from /opt/airflow/dags/restaurant_etl_dag.py
[2025-06-27T00:24:43.955+0000] {processor.py:840} INFO - DAG(s) 'restaurant_etl_pipeline' retrieved from /opt/airflow/dags/restaurant_etl_dag.py
[2025-06-27T00:24:43.974+0000] {logging_mixin.py:188} INFO - [2025-06-27T00:24:43.974+0000] {dag.py:3036} INFO - Sync 1 DAGs
[2025-06-27T00:24:43.993+0000] {logging_mixin.py:188} INFO - [2025-06-27T00:24:43.992+0000] {dag.py:3823} INFO - Setting next_dagrun for restaurant_etl_pipeline to 2025-06-27 00:00:00+00:00, run_after=2025-06-27 06:00:00+00:00
[2025-06-27T00:24:44.008+0000] {processor.py:183} INFO - Processing /opt/airflow/dags/restaurant_etl_dag.py took 0.071 seconds
[2025-06-27T00:25:14.232+0000] {processor.py:161} INFO - Started process (PID=3750) to work on /opt/airflow/dags/restaurant_etl_dag.py
[2025-06-27T00:25:14.233+0000] {processor.py:830} INFO - Processing file /opt/airflow/dags/restaurant_etl_dag.py for tasks to queue
[2025-06-27T00:25:14.234+0000] {logging_mixin.py:188} INFO - [2025-06-27T00:25:14.234+0000] {dagbag.py:538} INFO - Filling up the DagBag from /opt/airflow/dags/restaurant_etl_dag.py
[2025-06-27T00:25:14.248+0000] {processor.py:840} INFO - DAG(s) 'restaurant_etl_pipeline' retrieved from /opt/airflow/dags/restaurant_etl_dag.py
[2025-06-27T00:25:14.270+0000] {logging_mixin.py:188} INFO - [2025-06-27T00:25:14.270+0000] {dag.py:3036} INFO - Sync 1 DAGs
[2025-06-27T00:25:14.284+0000] {logging_mixin.py:188} INFO - [2025-06-27T00:25:14.284+0000] {dag.py:3823} INFO - Setting next_dagrun for restaurant_etl_pipeline to 2025-06-27 00:00:00+00:00, run_after=2025-06-27 06:00:00+00:00
[2025-06-27T00:25:14.300+0000] {processor.py:183} INFO - Processing /opt/airflow/dags/restaurant_etl_dag.py took 0.069 seconds
[2025-06-27T00:25:44.512+0000] {processor.py:161} INFO - Started process (PID=3766) to work on /opt/airflow/dags/restaurant_etl_dag.py
[2025-06-27T00:25:44.513+0000] {processor.py:830} INFO - Processing file /opt/airflow/dags/restaurant_etl_dag.py for tasks to queue
[2025-06-27T00:25:44.513+0000] {logging_mixin.py:188} INFO - [2025-06-27T00:25:44.513+0000] {dagbag.py:538} INFO - Filling up the DagBag from /opt/airflow/dags/restaurant_etl_dag.py
[2025-06-27T00:25:44.528+0000] {processor.py:840} INFO - DAG(s) 'restaurant_etl_pipeline' retrieved from /opt/airflow/dags/restaurant_etl_dag.py
[2025-06-27T00:25:44.549+0000] {logging_mixin.py:188} INFO - [2025-06-27T00:25:44.549+0000] {dag.py:3036} INFO - Sync 1 DAGs
[2025-06-27T00:25:44.566+0000] {logging_mixin.py:188} INFO - [2025-06-27T00:25:44.566+0000] {dag.py:3823} INFO - Setting next_dagrun for restaurant_etl_pipeline to 2025-06-27 00:00:00+00:00, run_after=2025-06-27 06:00:00+00:00
[2025-06-27T00:25:44.580+0000] {processor.py:183} INFO - Processing /opt/airflow/dags/restaurant_etl_dag.py took 0.070 seconds
[2025-06-27T00:26:14.818+0000] {processor.py:161} INFO - Started process (PID=3782) to work on /opt/airflow/dags/restaurant_etl_dag.py
[2025-06-27T00:26:14.819+0000] {processor.py:830} INFO - Processing file /opt/airflow/dags/restaurant_etl_dag.py for tasks to queue
[2025-06-27T00:26:14.819+0000] {logging_mixin.py:188} INFO - [2025-06-27T00:26:14.819+0000] {dagbag.py:538} INFO - Filling up the DagBag from /opt/airflow/dags/restaurant_etl_dag.py
[2025-06-27T00:26:14.833+0000] {processor.py:840} INFO - DAG(s) 'restaurant_etl_pipeline' retrieved from /opt/airflow/dags/restaurant_etl_dag.py
[2025-06-27T00:26:14.851+0000] {logging_mixin.py:188} INFO - [2025-06-27T00:26:14.851+0000] {dag.py:3036} INFO - Sync 1 DAGs
[2025-06-27T00:26:14.864+0000] {logging_mixin.py:188} INFO - [2025-06-27T00:26:14.864+0000] {dag.py:3823} INFO - Setting next_dagrun for restaurant_etl_pipeline to 2025-06-27 00:00:00+00:00, run_after=2025-06-27 06:00:00+00:00
[2025-06-27T00:26:14.881+0000] {processor.py:183} INFO - Processing /opt/airflow/dags/restaurant_etl_dag.py took 0.065 seconds
[2025-06-27T00:26:45.107+0000] {processor.py:161} INFO - Started process (PID=3798) to work on /opt/airflow/dags/restaurant_etl_dag.py
[2025-06-27T00:26:45.108+0000] {processor.py:830} INFO - Processing file /opt/airflow/dags/restaurant_etl_dag.py for tasks to queue
[2025-06-27T00:26:45.108+0000] {logging_mixin.py:188} INFO - [2025-06-27T00:26:45.108+0000] {dagbag.py:538} INFO - Filling up the DagBag from /opt/airflow/dags/restaurant_etl_dag.py
[2025-06-27T00:26:45.122+0000] {processor.py:840} INFO - DAG(s) 'restaurant_etl_pipeline' retrieved from /opt/airflow/dags/restaurant_etl_dag.py
[2025-06-27T00:26:45.141+0000] {logging_mixin.py:188} INFO - [2025-06-27T00:26:45.140+0000] {dag.py:3036} INFO - Sync 1 DAGs
[2025-06-27T00:26:45.154+0000] {logging_mixin.py:188} INFO - [2025-06-27T00:26:45.154+0000] {dag.py:3823} INFO - Setting next_dagrun for restaurant_etl_pipeline to 2025-06-27 00:00:00+00:00, run_after=2025-06-27 06:00:00+00:00
[2025-06-27T00:26:45.170+0000] {processor.py:183} INFO - Processing /opt/airflow/dags/restaurant_etl_dag.py took 0.065 seconds
[2025-06-27T00:27:15.406+0000] {processor.py:161} INFO - Started process (PID=3814) to work on /opt/airflow/dags/restaurant_etl_dag.py
[2025-06-27T00:27:15.406+0000] {processor.py:830} INFO - Processing file /opt/airflow/dags/restaurant_etl_dag.py for tasks to queue
[2025-06-27T00:27:15.407+0000] {logging_mixin.py:188} INFO - [2025-06-27T00:27:15.407+0000] {dagbag.py:538} INFO - Filling up the DagBag from /opt/airflow/dags/restaurant_etl_dag.py
[2025-06-27T00:27:15.424+0000] {processor.py:840} INFO - DAG(s) 'restaurant_etl_pipeline' retrieved from /opt/airflow/dags/restaurant_etl_dag.py
[2025-06-27T00:27:15.443+0000] {logging_mixin.py:188} INFO - [2025-06-27T00:27:15.443+0000] {dag.py:3036} INFO - Sync 1 DAGs
[2025-06-27T00:27:15.457+0000] {logging_mixin.py:188} INFO - [2025-06-27T00:27:15.457+0000] {dag.py:3823} INFO - Setting next_dagrun for restaurant_etl_pipeline to 2025-06-27 00:00:00+00:00, run_after=2025-06-27 06:00:00+00:00
[2025-06-27T00:27:15.472+0000] {processor.py:183} INFO - Processing /opt/airflow/dags/restaurant_etl_dag.py took 0.068 seconds
[2025-06-27T00:27:45.701+0000] {processor.py:161} INFO - Started process (PID=3830) to work on /opt/airflow/dags/restaurant_etl_dag.py
[2025-06-27T00:27:45.703+0000] {processor.py:830} INFO - Processing file /opt/airflow/dags/restaurant_etl_dag.py for tasks to queue
[2025-06-27T00:27:45.703+0000] {logging_mixin.py:188} INFO - [2025-06-27T00:27:45.703+0000] {dagbag.py:538} INFO - Filling up the DagBag from /opt/airflow/dags/restaurant_etl_dag.py
[2025-06-27T00:27:45.717+0000] {processor.py:840} INFO - DAG(s) 'restaurant_etl_pipeline' retrieved from /opt/airflow/dags/restaurant_etl_dag.py
[2025-06-27T00:27:45.736+0000] {logging_mixin.py:188} INFO - [2025-06-27T00:27:45.736+0000] {dag.py:3036} INFO - Sync 1 DAGs
[2025-06-27T00:27:45.750+0000] {logging_mixin.py:188} INFO - [2025-06-27T00:27:45.750+0000] {dag.py:3823} INFO - Setting next_dagrun for restaurant_etl_pipeline to 2025-06-27 00:00:00+00:00, run_after=2025-06-27 06:00:00+00:00
[2025-06-27T00:27:45.767+0000] {processor.py:183} INFO - Processing /opt/airflow/dags/restaurant_etl_dag.py took 0.067 seconds
[2025-06-27T00:28:15.921+0000] {processor.py:161} INFO - Started process (PID=3846) to work on /opt/airflow/dags/restaurant_etl_dag.py
[2025-06-27T00:28:15.921+0000] {processor.py:830} INFO - Processing file /opt/airflow/dags/restaurant_etl_dag.py for tasks to queue
[2025-06-27T00:28:15.922+0000] {logging_mixin.py:188} INFO - [2025-06-27T00:28:15.922+0000] {dagbag.py:538} INFO - Filling up the DagBag from /opt/airflow/dags/restaurant_etl_dag.py
[2025-06-27T00:28:15.938+0000] {processor.py:840} INFO - DAG(s) 'restaurant_etl_pipeline' retrieved from /opt/airflow/dags/restaurant_etl_dag.py
[2025-06-27T00:28:15.958+0000] {logging_mixin.py:188} INFO - [2025-06-27T00:28:15.958+0000] {dag.py:3036} INFO - Sync 1 DAGs
[2025-06-27T00:28:15.972+0000] {logging_mixin.py:188} INFO - [2025-06-27T00:28:15.972+0000] {dag.py:3823} INFO - Setting next_dagrun for restaurant_etl_pipeline to 2025-06-27 00:00:00+00:00, run_after=2025-06-27 06:00:00+00:00
[2025-06-27T00:28:15.989+0000] {processor.py:183} INFO - Processing /opt/airflow/dags/restaurant_etl_dag.py took 0.071 seconds
[2025-06-27T00:28:46.251+0000] {processor.py:161} INFO - Started process (PID=3862) to work on /opt/airflow/dags/restaurant_etl_dag.py
[2025-06-27T00:28:46.252+0000] {processor.py:830} INFO - Processing file /opt/airflow/dags/restaurant_etl_dag.py for tasks to queue
[2025-06-27T00:28:46.253+0000] {logging_mixin.py:188} INFO - [2025-06-27T00:28:46.252+0000] {dagbag.py:538} INFO - Filling up the DagBag from /opt/airflow/dags/restaurant_etl_dag.py
[2025-06-27T00:28:46.266+0000] {processor.py:840} INFO - DAG(s) 'restaurant_etl_pipeline' retrieved from /opt/airflow/dags/restaurant_etl_dag.py
[2025-06-27T00:28:46.289+0000] {logging_mixin.py:188} INFO - [2025-06-27T00:28:46.289+0000] {dag.py:3036} INFO - Sync 1 DAGs
[2025-06-27T00:28:46.308+0000] {logging_mixin.py:188} INFO - [2025-06-27T00:28:46.308+0000] {dag.py:3823} INFO - Setting next_dagrun for restaurant_etl_pipeline to 2025-06-27 00:00:00+00:00, run_after=2025-06-27 06:00:00+00:00
[2025-06-27T00:28:46.323+0000] {processor.py:183} INFO - Processing /opt/airflow/dags/restaurant_etl_dag.py took 0.074 seconds
[2025-06-27T00:29:16.550+0000] {processor.py:161} INFO - Started process (PID=3878) to work on /opt/airflow/dags/restaurant_etl_dag.py
[2025-06-27T00:29:16.551+0000] {processor.py:830} INFO - Processing file /opt/airflow/dags/restaurant_etl_dag.py for tasks to queue
[2025-06-27T00:29:16.552+0000] {logging_mixin.py:188} INFO - [2025-06-27T00:29:16.552+0000] {dagbag.py:538} INFO - Filling up the DagBag from /opt/airflow/dags/restaurant_etl_dag.py
[2025-06-27T00:29:16.565+0000] {processor.py:840} INFO - DAG(s) 'restaurant_etl_pipeline' retrieved from /opt/airflow/dags/restaurant_etl_dag.py
[2025-06-27T00:29:16.585+0000] {logging_mixin.py:188} INFO - [2025-06-27T00:29:16.585+0000] {dag.py:3036} INFO - Sync 1 DAGs
[2025-06-27T00:29:16.609+0000] {logging_mixin.py:188} INFO - [2025-06-27T00:29:16.609+0000] {dag.py:3823} INFO - Setting next_dagrun for restaurant_etl_pipeline to 2025-06-27 00:00:00+00:00, run_after=2025-06-27 06:00:00+00:00
[2025-06-27T00:29:16.631+0000] {processor.py:183} INFO - Processing /opt/airflow/dags/restaurant_etl_dag.py took 0.083 seconds
[2025-06-27T00:29:46.891+0000] {processor.py:161} INFO - Started process (PID=3893) to work on /opt/airflow/dags/restaurant_etl_dag.py
[2025-06-27T00:29:46.892+0000] {processor.py:830} INFO - Processing file /opt/airflow/dags/restaurant_etl_dag.py for tasks to queue
[2025-06-27T00:29:46.893+0000] {logging_mixin.py:188} INFO - [2025-06-27T00:29:46.893+0000] {dagbag.py:538} INFO - Filling up the DagBag from /opt/airflow/dags/restaurant_etl_dag.py
[2025-06-27T00:29:46.909+0000] {processor.py:840} INFO - DAG(s) 'restaurant_etl_pipeline' retrieved from /opt/airflow/dags/restaurant_etl_dag.py
[2025-06-27T00:29:46.932+0000] {logging_mixin.py:188} INFO - [2025-06-27T00:29:46.931+0000] {dag.py:3036} INFO - Sync 1 DAGs
[2025-06-27T00:29:46.947+0000] {logging_mixin.py:188} INFO - [2025-06-27T00:29:46.947+0000] {dag.py:3823} INFO - Setting next_dagrun for restaurant_etl_pipeline to 2025-06-27 00:00:00+00:00, run_after=2025-06-27 06:00:00+00:00
[2025-06-27T00:29:46.961+0000] {processor.py:183} INFO - Processing /opt/airflow/dags/restaurant_etl_dag.py took 0.072 seconds
[2025-06-27T00:30:17.100+0000] {processor.py:161} INFO - Started process (PID=3909) to work on /opt/airflow/dags/restaurant_etl_dag.py
[2025-06-27T00:30:17.101+0000] {processor.py:830} INFO - Processing file /opt/airflow/dags/restaurant_etl_dag.py for tasks to queue
[2025-06-27T00:30:17.101+0000] {logging_mixin.py:188} INFO - [2025-06-27T00:30:17.101+0000] {dagbag.py:538} INFO - Filling up the DagBag from /opt/airflow/dags/restaurant_etl_dag.py
[2025-06-27T00:30:17.115+0000] {processor.py:840} INFO - DAG(s) 'restaurant_etl_pipeline' retrieved from /opt/airflow/dags/restaurant_etl_dag.py
[2025-06-27T00:30:17.134+0000] {logging_mixin.py:188} INFO - [2025-06-27T00:30:17.134+0000] {dag.py:3036} INFO - Sync 1 DAGs
[2025-06-27T00:30:17.149+0000] {logging_mixin.py:188} INFO - [2025-06-27T00:30:17.149+0000] {dag.py:3823} INFO - Setting next_dagrun for restaurant_etl_pipeline to 2025-06-27 00:00:00+00:00, run_after=2025-06-27 06:00:00+00:00
[2025-06-27T00:30:17.161+0000] {processor.py:183} INFO - Processing /opt/airflow/dags/restaurant_etl_dag.py took 0.064 seconds
[2025-06-27T00:30:47.380+0000] {processor.py:161} INFO - Started process (PID=3925) to work on /opt/airflow/dags/restaurant_etl_dag.py
[2025-06-27T00:30:47.381+0000] {processor.py:830} INFO - Processing file /opt/airflow/dags/restaurant_etl_dag.py for tasks to queue
[2025-06-27T00:30:47.382+0000] {logging_mixin.py:188} INFO - [2025-06-27T00:30:47.381+0000] {dagbag.py:538} INFO - Filling up the DagBag from /opt/airflow/dags/restaurant_etl_dag.py
[2025-06-27T00:30:47.394+0000] {processor.py:840} INFO - DAG(s) 'restaurant_etl_pipeline' retrieved from /opt/airflow/dags/restaurant_etl_dag.py
[2025-06-27T00:30:47.413+0000] {logging_mixin.py:188} INFO - [2025-06-27T00:30:47.413+0000] {dag.py:3036} INFO - Sync 1 DAGs
[2025-06-27T00:30:47.428+0000] {logging_mixin.py:188} INFO - [2025-06-27T00:30:47.427+0000] {dag.py:3823} INFO - Setting next_dagrun for restaurant_etl_pipeline to 2025-06-27 00:00:00+00:00, run_after=2025-06-27 06:00:00+00:00
[2025-06-27T00:30:47.442+0000] {processor.py:183} INFO - Processing /opt/airflow/dags/restaurant_etl_dag.py took 0.064 seconds
[2025-06-27T02:06:26.509+0000] {processor.py:161} INFO - Started process (PID=3941) to work on /opt/airflow/dags/restaurant_etl_dag.py
[2025-06-27T02:06:26.512+0000] {processor.py:830} INFO - Processing file /opt/airflow/dags/restaurant_etl_dag.py for tasks to queue
[2025-06-27T02:06:26.514+0000] {logging_mixin.py:188} INFO - [2025-06-27T02:06:26.514+0000] {dagbag.py:538} INFO - Filling up the DagBag from /opt/airflow/dags/restaurant_etl_dag.py
[2025-06-27T02:06:26.569+0000] {processor.py:840} INFO - DAG(s) 'restaurant_etl_pipeline' retrieved from /opt/airflow/dags/restaurant_etl_dag.py
[2025-06-27T02:06:26.596+0000] {logging_mixin.py:188} INFO - [2025-06-27T02:06:26.596+0000] {dag.py:3036} INFO - Sync 1 DAGs
[2025-06-27T02:06:26.618+0000] {logging_mixin.py:188} INFO - [2025-06-27T02:06:26.618+0000] {dag.py:3823} INFO - Setting next_dagrun for restaurant_etl_pipeline to 2025-06-27 00:00:00+00:00, run_after=2025-06-27 06:00:00+00:00
[2025-06-27T02:06:26.643+0000] {processor.py:183} INFO - Processing /opt/airflow/dags/restaurant_etl_dag.py took 0.137 seconds
[2025-06-27T02:06:57.007+0000] {processor.py:161} INFO - Started process (PID=3971) to work on /opt/airflow/dags/restaurant_etl_dag.py
[2025-06-27T02:06:57.008+0000] {processor.py:830} INFO - Processing file /opt/airflow/dags/restaurant_etl_dag.py for tasks to queue
[2025-06-27T02:06:57.009+0000] {logging_mixin.py:188} INFO - [2025-06-27T02:06:57.009+0000] {dagbag.py:538} INFO - Filling up the DagBag from /opt/airflow/dags/restaurant_etl_dag.py
[2025-06-27T02:06:57.138+0000] {processor.py:840} INFO - DAG(s) 'restaurant_etl_pipeline' retrieved from /opt/airflow/dags/restaurant_etl_dag.py
[2025-06-27T02:06:57.168+0000] {logging_mixin.py:188} INFO - [2025-06-27T02:06:57.168+0000] {dag.py:3036} INFO - Sync 1 DAGs
[2025-06-27T02:06:57.189+0000] {logging_mixin.py:188} INFO - [2025-06-27T02:06:57.189+0000] {dag.py:3823} INFO - Setting next_dagrun for restaurant_etl_pipeline to 2025-06-27 00:00:00+00:00, run_after=2025-06-27 06:00:00+00:00
[2025-06-27T02:06:57.264+0000] {processor.py:183} INFO - Processing /opt/airflow/dags/restaurant_etl_dag.py took 0.259 seconds
[2025-06-27T02:11:57.102+0000] {processor.py:161} INFO - Started process (PID=226) to work on /opt/airflow/dags/restaurant_etl_dag.py
[2025-06-27T02:11:57.103+0000] {processor.py:830} INFO - Processing file /opt/airflow/dags/restaurant_etl_dag.py for tasks to queue
[2025-06-27T02:11:57.105+0000] {logging_mixin.py:188} INFO - [2025-06-27T02:11:57.104+0000] {dagbag.py:538} INFO - Filling up the DagBag from /opt/airflow/dags/restaurant_etl_dag.py
[2025-06-27T02:11:57.136+0000] {processor.py:840} INFO - DAG(s) 'restaurant_etl_pipeline' retrieved from /opt/airflow/dags/restaurant_etl_dag.py
[2025-06-27T02:11:57.170+0000] {logging_mixin.py:188} INFO - [2025-06-27T02:11:57.170+0000] {dag.py:3036} INFO - Sync 1 DAGs
[2025-06-27T02:11:57.193+0000] {logging_mixin.py:188} INFO - [2025-06-27T02:11:57.193+0000] {dag.py:3823} INFO - Setting next_dagrun for restaurant_etl_pipeline to 2025-06-26 00:00:00+00:00, run_after=2025-06-26 06:00:00+00:00
[2025-06-27T02:11:57.218+0000] {processor.py:183} INFO - Processing /opt/airflow/dags/restaurant_etl_dag.py took 0.119 seconds
[2025-06-27T02:12:27.468+0000] {processor.py:161} INFO - Started process (PID=242) to work on /opt/airflow/dags/restaurant_etl_dag.py
[2025-06-27T02:12:27.470+0000] {processor.py:830} INFO - Processing file /opt/airflow/dags/restaurant_etl_dag.py for tasks to queue
[2025-06-27T02:12:27.474+0000] {logging_mixin.py:188} INFO - [2025-06-27T02:12:27.472+0000] {dagbag.py:538} INFO - Filling up the DagBag from /opt/airflow/dags/restaurant_etl_dag.py
[2025-06-27T02:12:27.537+0000] {processor.py:840} INFO - DAG(s) 'restaurant_etl_pipeline' retrieved from /opt/airflow/dags/restaurant_etl_dag.py
[2025-06-27T02:12:28.072+0000] {logging_mixin.py:188} INFO - [2025-06-27T02:12:28.072+0000] {dag.py:3036} INFO - Sync 1 DAGs
[2025-06-27T02:12:28.104+0000] {logging_mixin.py:188} INFO - [2025-06-27T02:12:28.104+0000] {dag.py:3823} INFO - Setting next_dagrun for restaurant_etl_pipeline to 2025-06-26 00:00:00+00:00, run_after=2025-06-26 06:00:00+00:00
[2025-06-27T02:12:28.158+0000] {processor.py:183} INFO - Processing /opt/airflow/dags/restaurant_etl_dag.py took 0.697 seconds
[2025-06-27T02:12:58.547+0000] {processor.py:161} INFO - Started process (PID=258) to work on /opt/airflow/dags/restaurant_etl_dag.py
[2025-06-27T02:12:58.550+0000] {processor.py:830} INFO - Processing file /opt/airflow/dags/restaurant_etl_dag.py for tasks to queue
[2025-06-27T02:12:58.551+0000] {logging_mixin.py:188} INFO - [2025-06-27T02:12:58.551+0000] {dagbag.py:538} INFO - Filling up the DagBag from /opt/airflow/dags/restaurant_etl_dag.py
[2025-06-27T02:12:58.609+0000] {processor.py:840} INFO - DAG(s) 'restaurant_etl_pipeline' retrieved from /opt/airflow/dags/restaurant_etl_dag.py
[2025-06-27T02:12:58.667+0000] {logging_mixin.py:188} INFO - [2025-06-27T02:12:58.666+0000] {dag.py:3036} INFO - Sync 1 DAGs
[2025-06-27T02:12:58.703+0000] {logging_mixin.py:188} INFO - [2025-06-27T02:12:58.702+0000] {dag.py:3823} INFO - Setting next_dagrun for restaurant_etl_pipeline to 2025-06-26 00:00:00+00:00, run_after=2025-06-26 06:00:00+00:00
[2025-06-27T02:12:58.734+0000] {processor.py:183} INFO - Processing /opt/airflow/dags/restaurant_etl_dag.py took 0.194 seconds
