[2025-06-26T22:26:27.671+0000] {taskinstance.py:1956} INFO - Dependencies all met for dep_context=non-requeueable deps ti=<TaskInstance: restaurant_etl_pipeline.update_olap_views manual__2025-06-26T22:26:02.656132+00:00 [queued]>
[2025-06-26T22:26:27.681+0000] {taskinstance.py:1956} INFO - Dependencies all met for dep_context=requeueable deps ti=<TaskInstance: restaurant_etl_pipeline.update_olap_views manual__2025-06-26T22:26:02.656132+00:00 [queued]>
[2025-06-26T22:26:27.682+0000] {taskinstance.py:2170} INFO - Starting attempt 1 of 3
[2025-06-26T22:26:27.701+0000] {taskinstance.py:2191} INFO - Executing <Task(PythonOperator): update_olap_views> on 2025-06-26 22:26:02.656132+00:00
[2025-06-26T22:26:27.708+0000] {standard_task_runner.py:60} INFO - Started process 417 to run task
[2025-06-26T22:26:27.710+0000] {standard_task_runner.py:87} INFO - Running: ['airflow', 'tasks', 'run', 'restaurant_etl_pipeline', 'update_olap_views', 'manual__2025-06-26T22:26:02.656132+00:00', '--job-id', '63', '--raw', '--subdir', 'DAGS_FOLDER/restaurant_etl_dag.py', '--cfg-path', '/tmp/tmpwjatt0oc']
[2025-06-26T22:26:27.712+0000] {standard_task_runner.py:88} INFO - Job 63: Subtask update_olap_views
[2025-06-26T22:26:27.753+0000] {task_command.py:423} INFO - Running <TaskInstance: restaurant_etl_pipeline.update_olap_views manual__2025-06-26T22:26:02.656132+00:00 [running]> on host d3028e9b49fd
[2025-06-26T22:26:27.816+0000] {taskinstance.py:2480} INFO - Exporting env vars: AIRFLOW_CTX_DAG_OWNER='restaurant-analytics' AIRFLOW_CTX_DAG_ID='restaurant_etl_pipeline' AIRFLOW_CTX_TASK_ID='update_olap_views' AIRFLOW_CTX_EXECUTION_DATE='2025-06-26T22:26:02.656132+00:00' AIRFLOW_CTX_TRY_NUMBER='1' AIRFLOW_CTX_DAG_RUN_ID='manual__2025-06-26T22:26:02.656132+00:00'
[2025-06-26T22:26:27.817+0000] {restaurant_etl_dag.py:466} INFO - 🔄 Actualizando vistas OLAP...
[2025-06-26T22:26:27.824+0000] {restaurant_etl_dag.py:494} INFO - ✅ Estadísticas de tablas actualizadas
[2025-06-26T22:26:27.826+0000] {restaurant_etl_dag.py:506} INFO - 📊 Vistas OLAP disponibles: 7
[2025-06-26T22:26:27.827+0000] {restaurant_etl_dag.py:508} INFO -    - vista_actividad_clientes_zona
[2025-06-26T22:26:27.827+0000] {restaurant_etl_dag.py:508} INFO -    - vista_dashboard_actividad_zona
[2025-06-26T22:26:27.828+0000] {restaurant_etl_dag.py:508} INFO -    - vista_dashboard_estadisticas_pedidos
[2025-06-26T22:26:27.828+0000] {restaurant_etl_dag.py:508} INFO -    - vista_dashboard_ingresos_categoria
[2025-06-26T22:26:27.829+0000] {restaurant_etl_dag.py:508} INFO -    - vista_estadisticas_pedidos
[2025-06-26T22:26:27.829+0000] {restaurant_etl_dag.py:508} INFO -    - vista_estadisticas_reservas
[2025-06-26T22:26:27.829+0000] {restaurant_etl_dag.py:508} INFO -    - vista_ingresos_mes_categoria
[2025-06-26T22:26:27.829+0000] {restaurant_etl_dag.py:513} INFO - ✅ Vistas OLAP actualizadas
[2025-06-26T22:26:27.830+0000] {python.py:201} INFO - Done. Returned value was: {'status': 'success', 'views_count': 7}
[2025-06-26T22:26:27.847+0000] {taskinstance.py:1138} INFO - Marking task as SUCCESS. dag_id=restaurant_etl_pipeline, task_id=update_olap_views, execution_date=20250626T222602, start_date=20250626T222627, end_date=20250626T222627
[2025-06-26T22:26:27.884+0000] {local_task_job_runner.py:234} INFO - Task exited with return code 0
[2025-06-26T22:26:27.900+0000] {taskinstance.py:3280} INFO - 0 downstream tasks scheduled from follow-on schedule check
