[2025-06-27T02:06:26.269+0000] {taskinstance.py:1956} INFO - Dependencies all met for dep_context=non-requeueable deps ti=<TaskInstance: restaurant_maintenance.system_health_check scheduled__2025-06-26T02:00:00+00:00 [queued]>
[2025-06-27T02:06:26.293+0000] {taskinstance.py:1956} INFO - Dependencies all met for dep_context=requeueable deps ti=<TaskInstance: restaurant_maintenance.system_health_check scheduled__2025-06-26T02:00:00+00:00 [queued]>
[2025-06-27T02:06:26.300+0000] {taskinstance.py:2170} INFO - Starting attempt 1 of 2
[2025-06-27T02:06:26.374+0000] {taskinstance.py:2191} INFO - Executing <Task(PythonOperator): system_health_check> on 2025-06-26 02:00:00+00:00
[2025-06-27T02:06:26.411+0000] {standard_task_runner.py:60} INFO - Started process 3944 to run task
[2025-06-27T02:06:26.414+0000] {standard_task_runner.py:87} INFO - Running: ['airflow', 'tasks', 'run', 'restaurant_maintenance', 'system_health_check', 'scheduled__2025-06-26T02:00:00+00:00', '--job-id', '92', '--raw', '--subdir', 'DAGS_FOLDER/maintenance_dag.py', '--cfg-path', '/tmp/tmpub8hnhuw']
[2025-06-27T02:06:26.464+0000] {standard_task_runner.py:88} INFO - Job 92: Subtask system_health_check
[2025-06-27T02:06:26.548+0000] {task_command.py:423} INFO - Running <TaskInstance: restaurant_maintenance.system_health_check scheduled__2025-06-26T02:00:00+00:00 [running]> on host d3028e9b49fd
[2025-06-27T02:06:26.624+0000] {taskinstance.py:2480} INFO - Exporting env vars: AIRFLOW_CTX_DAG_OWNER='restaurant-admin' AIRFLOW_CTX_DAG_ID='restaurant_maintenance' AIRFLOW_CTX_TASK_ID='system_health_check' AIRFLOW_CTX_EXECUTION_DATE='2025-06-26T02:00:00+00:00' AIRFLOW_CTX_TRY_NUMBER='1' AIRFLOW_CTX_DAG_RUN_ID='scheduled__2025-06-26T02:00:00+00:00'
[2025-06-27T02:06:26.626+0000] {maintenance_dag.py:37} INFO - 🏥 Verificando salud del sistema...
[2025-06-27T02:06:26.639+0000] {maintenance_dag.py:73} INFO - 📊 Actividad hoy: 0 pedidos
[2025-06-27T02:06:26.643+0000] {maintenance_dag.py:74} INFO - 📅 Último pedido: None
[2025-06-27T02:06:26.648+0000] {maintenance_dag.py:87} INFO - 📈 Estadísticas generales:
[2025-06-27T02:06:26.654+0000] {maintenance_dag.py:88} INFO -    Total pedidos: 45
[2025-06-27T02:06:26.673+0000] {maintenance_dag.py:89} INFO -    Completados: 27
[2025-06-27T02:06:26.686+0000] {maintenance_dag.py:90} INFO -    Cancelados: 15
[2025-06-27T02:06:26.688+0000] {maintenance_dag.py:91} INFO -    Clientes únicos: 15
[2025-06-27T02:06:26.708+0000] {maintenance_dag.py:102} INFO - 🔍 ElasticSearch: yellow
[2025-06-27T02:06:26.722+0000] {maintenance_dag.py:110} INFO - ✅ Reporte de salud completo: {'timestamp': '2025-06-27T02:06:26.627734', 'postgres': 'healthy', 'elasticsearch': 'yellow', 'data_freshness': 'Último pedido: None, Pedidos hoy: 0'}
[2025-06-27T02:06:26.724+0000] {python.py:201} INFO - Done. Returned value was: {'timestamp': '2025-06-27T02:06:26.627734', 'postgres': 'healthy', 'elasticsearch': 'yellow', 'data_freshness': 'Último pedido: None, Pedidos hoy: 0'}
[2025-06-27T02:06:26.745+0000] {taskinstance.py:1138} INFO - Marking task as SUCCESS. dag_id=restaurant_maintenance, task_id=system_health_check, execution_date=20250626T020000, start_date=20250627T020626, end_date=20250627T020626
[2025-06-27T02:06:26.798+0000] {local_task_job_runner.py:234} INFO - Task exited with return code 0
[2025-06-27T02:06:26.820+0000] {taskinstance.py:3280} INFO - 3 downstream tasks scheduled from follow-on schedule check
