[2025-06-26T04:46:09.305+0000] {processor.py:161} INFO - Started process (PID=235) to work on /opt/airflow/dags/restaurant_etl_dag.py
[2025-06-26T04:46:09.306+0000] {processor.py:830} INFO - Processing file /opt/airflow/dags/restaurant_etl_dag.py for tasks to queue
[2025-06-26T04:46:09.308+0000] {logging_mixin.py:188} INFO - [2025-06-26T04:46:09.307+0000] {dagbag.py:538} INFO - Filling up the DagBag from /opt/airflow/dags/restaurant_etl_dag.py
[2025-06-26T04:46:10.256+0000] {processor.py:840} INFO - DAG(s) 'restaurant_etl_pipeline' retrieved from /opt/airflow/dags/restaurant_etl_dag.py
[2025-06-26T04:46:10.278+0000] {logging_mixin.py:188} INFO - [2025-06-26T04:46:10.278+0000] {dag.py:3036} INFO - Sync 1 DAGs
[2025-06-26T04:46:10.295+0000] {logging_mixin.py:188} INFO - [2025-06-26T04:46:10.295+0000] {dag.py:3823} INFO - Setting next_dagrun for restaurant_etl_pipeline to 2025-06-25 00:00:00+00:00, run_after=2025-06-25 06:00:00+00:00
[2025-06-26T04:46:10.312+0000] {processor.py:183} INFO - Processing /opt/airflow/dags/restaurant_etl_dag.py took 1.009 seconds
[2025-06-26T04:46:40.689+0000] {processor.py:161} INFO - Started process (PID=257) to work on /opt/airflow/dags/restaurant_etl_dag.py
[2025-06-26T04:46:40.690+0000] {processor.py:830} INFO - Processing file /opt/airflow/dags/restaurant_etl_dag.py for tasks to queue
[2025-06-26T04:46:40.691+0000] {logging_mixin.py:188} INFO - [2025-06-26T04:46:40.690+0000] {dagbag.py:538} INFO - Filling up the DagBag from /opt/airflow/dags/restaurant_etl_dag.py
[2025-06-26T04:46:40.924+0000] {processor.py:840} INFO - DAG(s) 'restaurant_etl_pipeline' retrieved from /opt/airflow/dags/restaurant_etl_dag.py
[2025-06-26T04:46:41.009+0000] {logging_mixin.py:188} INFO - [2025-06-26T04:46:41.009+0000] {dag.py:3036} INFO - Sync 1 DAGs
[2025-06-26T04:46:41.026+0000] {logging_mixin.py:188} INFO - [2025-06-26T04:46:41.026+0000] {dag.py:3823} INFO - Setting next_dagrun for restaurant_etl_pipeline to 2025-06-25 00:00:00+00:00, run_after=2025-06-25 06:00:00+00:00
[2025-06-26T04:46:41.042+0000] {processor.py:183} INFO - Processing /opt/airflow/dags/restaurant_etl_dag.py took 0.356 seconds
[2025-06-26T04:47:11.182+0000] {processor.py:161} INFO - Started process (PID=274) to work on /opt/airflow/dags/restaurant_etl_dag.py
[2025-06-26T04:47:11.182+0000] {processor.py:830} INFO - Processing file /opt/airflow/dags/restaurant_etl_dag.py for tasks to queue
[2025-06-26T04:47:11.183+0000] {logging_mixin.py:188} INFO - [2025-06-26T04:47:11.183+0000] {dagbag.py:538} INFO - Filling up the DagBag from /opt/airflow/dags/restaurant_etl_dag.py
[2025-06-26T04:47:11.392+0000] {processor.py:840} INFO - DAG(s) 'restaurant_etl_pipeline' retrieved from /opt/airflow/dags/restaurant_etl_dag.py
[2025-06-26T04:47:11.418+0000] {logging_mixin.py:188} INFO - [2025-06-26T04:47:11.418+0000] {dag.py:3036} INFO - Sync 1 DAGs
[2025-06-26T04:47:11.444+0000] {logging_mixin.py:188} INFO - [2025-06-26T04:47:11.444+0000] {dag.py:3823} INFO - Setting next_dagrun for restaurant_etl_pipeline to 2025-06-25 00:00:00+00:00, run_after=2025-06-25 06:00:00+00:00
[2025-06-26T04:47:11.460+0000] {processor.py:183} INFO - Processing /opt/airflow/dags/restaurant_etl_dag.py took 0.281 seconds
[2025-06-26T04:47:42.385+0000] {processor.py:161} INFO - Started process (PID=291) to work on /opt/airflow/dags/restaurant_etl_dag.py
[2025-06-26T04:47:42.385+0000] {processor.py:830} INFO - Processing file /opt/airflow/dags/restaurant_etl_dag.py for tasks to queue
[2025-06-26T04:47:42.386+0000] {logging_mixin.py:188} INFO - [2025-06-26T04:47:42.386+0000] {dagbag.py:538} INFO - Filling up the DagBag from /opt/airflow/dags/restaurant_etl_dag.py
[2025-06-26T04:47:42.600+0000] {processor.py:840} INFO - DAG(s) 'restaurant_etl_pipeline' retrieved from /opt/airflow/dags/restaurant_etl_dag.py
[2025-06-26T04:47:42.641+0000] {logging_mixin.py:188} INFO - [2025-06-26T04:47:42.641+0000] {dag.py:3036} INFO - Sync 1 DAGs
[2025-06-26T04:47:42.665+0000] {logging_mixin.py:188} INFO - [2025-06-26T04:47:42.665+0000] {dag.py:3823} INFO - Setting next_dagrun for restaurant_etl_pipeline to 2025-06-25 00:00:00+00:00, run_after=2025-06-25 06:00:00+00:00
[2025-06-26T04:47:42.687+0000] {processor.py:183} INFO - Processing /opt/airflow/dags/restaurant_etl_dag.py took 0.305 seconds
[2025-06-26T04:48:12.813+0000] {processor.py:161} INFO - Started process (PID=308) to work on /opt/airflow/dags/restaurant_etl_dag.py
[2025-06-26T04:48:12.814+0000] {processor.py:830} INFO - Processing file /opt/airflow/dags/restaurant_etl_dag.py for tasks to queue
[2025-06-26T04:48:12.815+0000] {logging_mixin.py:188} INFO - [2025-06-26T04:48:12.814+0000] {dagbag.py:538} INFO - Filling up the DagBag from /opt/airflow/dags/restaurant_etl_dag.py
[2025-06-26T04:48:13.053+0000] {processor.py:840} INFO - DAG(s) 'restaurant_etl_pipeline' retrieved from /opt/airflow/dags/restaurant_etl_dag.py
[2025-06-26T04:48:13.093+0000] {logging_mixin.py:188} INFO - [2025-06-26T04:48:13.092+0000] {dag.py:3036} INFO - Sync 1 DAGs
[2025-06-26T04:48:13.108+0000] {logging_mixin.py:188} INFO - [2025-06-26T04:48:13.108+0000] {dag.py:3823} INFO - Setting next_dagrun for restaurant_etl_pipeline to 2025-06-25 00:00:00+00:00, run_after=2025-06-25 06:00:00+00:00
[2025-06-26T04:48:13.128+0000] {processor.py:183} INFO - Processing /opt/airflow/dags/restaurant_etl_dag.py took 0.318 seconds
[2025-06-26T04:48:44.026+0000] {processor.py:161} INFO - Started process (PID=325) to work on /opt/airflow/dags/restaurant_etl_dag.py
[2025-06-26T04:48:44.027+0000] {processor.py:830} INFO - Processing file /opt/airflow/dags/restaurant_etl_dag.py for tasks to queue
[2025-06-26T04:48:44.028+0000] {logging_mixin.py:188} INFO - [2025-06-26T04:48:44.028+0000] {dagbag.py:538} INFO - Filling up the DagBag from /opt/airflow/dags/restaurant_etl_dag.py
[2025-06-26T04:48:44.236+0000] {processor.py:840} INFO - DAG(s) 'restaurant_etl_pipeline' retrieved from /opt/airflow/dags/restaurant_etl_dag.py
[2025-06-26T04:48:44.274+0000] {logging_mixin.py:188} INFO - [2025-06-26T04:48:44.273+0000] {dag.py:3036} INFO - Sync 1 DAGs
[2025-06-26T04:48:44.291+0000] {logging_mixin.py:188} INFO - [2025-06-26T04:48:44.291+0000] {dag.py:3823} INFO - Setting next_dagrun for restaurant_etl_pipeline to 2025-06-25 00:00:00+00:00, run_after=2025-06-25 06:00:00+00:00
[2025-06-26T04:48:44.305+0000] {processor.py:183} INFO - Processing /opt/airflow/dags/restaurant_etl_dag.py took 0.281 seconds
[2025-06-26T04:49:14.444+0000] {processor.py:161} INFO - Started process (PID=342) to work on /opt/airflow/dags/restaurant_etl_dag.py
[2025-06-26T04:49:14.446+0000] {processor.py:830} INFO - Processing file /opt/airflow/dags/restaurant_etl_dag.py for tasks to queue
[2025-06-26T04:49:14.446+0000] {logging_mixin.py:188} INFO - [2025-06-26T04:49:14.446+0000] {dagbag.py:538} INFO - Filling up the DagBag from /opt/airflow/dags/restaurant_etl_dag.py
[2025-06-26T04:49:14.699+0000] {processor.py:840} INFO - DAG(s) 'restaurant_etl_pipeline' retrieved from /opt/airflow/dags/restaurant_etl_dag.py
[2025-06-26T04:49:14.723+0000] {logging_mixin.py:188} INFO - [2025-06-26T04:49:14.723+0000] {dag.py:3036} INFO - Sync 1 DAGs
[2025-06-26T04:49:14.742+0000] {logging_mixin.py:188} INFO - [2025-06-26T04:49:14.741+0000] {dag.py:3823} INFO - Setting next_dagrun for restaurant_etl_pipeline to 2025-06-25 00:00:00+00:00, run_after=2025-06-25 06:00:00+00:00
[2025-06-26T04:49:14.760+0000] {processor.py:183} INFO - Processing /opt/airflow/dags/restaurant_etl_dag.py took 0.318 seconds
[2025-06-26T04:49:44.801+0000] {processor.py:161} INFO - Started process (PID=366) to work on /opt/airflow/dags/restaurant_etl_dag.py
[2025-06-26T04:49:44.802+0000] {processor.py:830} INFO - Processing file /opt/airflow/dags/restaurant_etl_dag.py for tasks to queue
[2025-06-26T04:49:44.803+0000] {logging_mixin.py:188} INFO - [2025-06-26T04:49:44.803+0000] {dagbag.py:538} INFO - Filling up the DagBag from /opt/airflow/dags/restaurant_etl_dag.py
[2025-06-26T04:49:45.054+0000] {processor.py:840} INFO - DAG(s) 'restaurant_etl_pipeline' retrieved from /opt/airflow/dags/restaurant_etl_dag.py
[2025-06-26T04:49:45.089+0000] {logging_mixin.py:188} INFO - [2025-06-26T04:49:45.089+0000] {dag.py:3036} INFO - Sync 1 DAGs
[2025-06-26T04:49:45.148+0000] {processor.py:183} INFO - Processing /opt/airflow/dags/restaurant_etl_dag.py took 0.349 seconds
[2025-06-26T04:50:16.026+0000] {processor.py:161} INFO - Started process (PID=385) to work on /opt/airflow/dags/restaurant_etl_dag.py
[2025-06-26T04:50:16.027+0000] {processor.py:830} INFO - Processing file /opt/airflow/dags/restaurant_etl_dag.py for tasks to queue
[2025-06-26T04:50:16.028+0000] {logging_mixin.py:188} INFO - [2025-06-26T04:50:16.028+0000] {dagbag.py:538} INFO - Filling up the DagBag from /opt/airflow/dags/restaurant_etl_dag.py
[2025-06-26T04:50:16.278+0000] {processor.py:840} INFO - DAG(s) 'restaurant_etl_pipeline' retrieved from /opt/airflow/dags/restaurant_etl_dag.py
[2025-06-26T04:50:16.314+0000] {logging_mixin.py:188} INFO - [2025-06-26T04:50:16.313+0000] {dag.py:3036} INFO - Sync 1 DAGs
[2025-06-26T04:50:16.346+0000] {processor.py:183} INFO - Processing /opt/airflow/dags/restaurant_etl_dag.py took 0.324 seconds
[2025-06-26T04:50:46.443+0000] {processor.py:161} INFO - Started process (PID=402) to work on /opt/airflow/dags/restaurant_etl_dag.py
[2025-06-26T04:50:46.445+0000] {processor.py:830} INFO - Processing file /opt/airflow/dags/restaurant_etl_dag.py for tasks to queue
[2025-06-26T04:50:46.446+0000] {logging_mixin.py:188} INFO - [2025-06-26T04:50:46.446+0000] {dagbag.py:538} INFO - Filling up the DagBag from /opt/airflow/dags/restaurant_etl_dag.py
[2025-06-26T04:50:46.682+0000] {processor.py:840} INFO - DAG(s) 'restaurant_etl_pipeline' retrieved from /opt/airflow/dags/restaurant_etl_dag.py
[2025-06-26T04:50:46.709+0000] {logging_mixin.py:188} INFO - [2025-06-26T04:50:46.708+0000] {dag.py:3036} INFO - Sync 1 DAGs
[2025-06-26T04:50:46.745+0000] {processor.py:183} INFO - Processing /opt/airflow/dags/restaurant_etl_dag.py took 0.305 seconds
[2025-06-26T04:51:16.839+0000] {processor.py:161} INFO - Started process (PID=419) to work on /opt/airflow/dags/restaurant_etl_dag.py
[2025-06-26T04:51:16.840+0000] {processor.py:830} INFO - Processing file /opt/airflow/dags/restaurant_etl_dag.py for tasks to queue
[2025-06-26T04:51:16.841+0000] {logging_mixin.py:188} INFO - [2025-06-26T04:51:16.840+0000] {dagbag.py:538} INFO - Filling up the DagBag from /opt/airflow/dags/restaurant_etl_dag.py
[2025-06-26T04:51:17.128+0000] {processor.py:840} INFO - DAG(s) 'restaurant_etl_pipeline' retrieved from /opt/airflow/dags/restaurant_etl_dag.py
[2025-06-26T04:51:17.199+0000] {logging_mixin.py:188} INFO - [2025-06-26T04:51:17.198+0000] {dag.py:3036} INFO - Sync 1 DAGs
[2025-06-26T04:51:17.346+0000] {processor.py:183} INFO - Processing /opt/airflow/dags/restaurant_etl_dag.py took 0.510 seconds
[2025-06-26T04:51:48.044+0000] {processor.py:161} INFO - Started process (PID=436) to work on /opt/airflow/dags/restaurant_etl_dag.py
[2025-06-26T04:51:48.045+0000] {processor.py:830} INFO - Processing file /opt/airflow/dags/restaurant_etl_dag.py for tasks to queue
[2025-06-26T04:51:48.046+0000] {logging_mixin.py:188} INFO - [2025-06-26T04:51:48.045+0000] {dagbag.py:538} INFO - Filling up the DagBag from /opt/airflow/dags/restaurant_etl_dag.py
[2025-06-26T04:51:48.245+0000] {processor.py:840} INFO - DAG(s) 'restaurant_etl_pipeline' retrieved from /opt/airflow/dags/restaurant_etl_dag.py
[2025-06-26T04:51:48.268+0000] {logging_mixin.py:188} INFO - [2025-06-26T04:51:48.267+0000] {dag.py:3036} INFO - Sync 1 DAGs
[2025-06-26T04:51:48.297+0000] {processor.py:183} INFO - Processing /opt/airflow/dags/restaurant_etl_dag.py took 0.256 seconds
[2025-06-26T04:52:18.529+0000] {processor.py:161} INFO - Started process (PID=453) to work on /opt/airflow/dags/restaurant_etl_dag.py
[2025-06-26T04:52:18.530+0000] {processor.py:830} INFO - Processing file /opt/airflow/dags/restaurant_etl_dag.py for tasks to queue
[2025-06-26T04:52:18.531+0000] {logging_mixin.py:188} INFO - [2025-06-26T04:52:18.530+0000] {dagbag.py:538} INFO - Filling up the DagBag from /opt/airflow/dags/restaurant_etl_dag.py
[2025-06-26T04:52:18.755+0000] {processor.py:840} INFO - DAG(s) 'restaurant_etl_pipeline' retrieved from /opt/airflow/dags/restaurant_etl_dag.py
[2025-06-26T04:52:18.776+0000] {logging_mixin.py:188} INFO - [2025-06-26T04:52:18.776+0000] {dag.py:3036} INFO - Sync 1 DAGs
[2025-06-26T04:52:18.809+0000] {processor.py:183} INFO - Processing /opt/airflow/dags/restaurant_etl_dag.py took 0.282 seconds
