[2025-06-26T04:46:08.790+0000] {manager.py:469} INFO - Processing files using up to 2 processes at a time 
[2025-06-26T04:46:08.792+0000] {manager.py:470} INFO - Process each file at most once every 30 seconds
[2025-06-26T04:46:08.793+0000] {manager.py:471} INFO - Checking for new files in /opt/airflow/dags every 300 seconds
[2025-06-26T04:46:08.794+0000] {manager.py:738} INFO - Searching for files in /opt/airflow/dags
[2025-06-26T04:46:08.823+0000] {manager.py:741} INFO - There are 2 files in /opt/airflow/dags
[2025-06-26T04:46:09.356+0000] {manager.py:879} INFO - 
================================================================================
DAG File Processing Stats

File Path                                  PID  Runtime      # DAGs    # Errors  Last Runtime    Last Run
---------------------------------------  -----  ---------  --------  ----------  --------------  ----------
/opt/airflow/dags/maintenance_dag.py       238  0.06s             0           0
/opt/airflow/dags/restaurant_etl_dag.py    235  0.08s             0           0
================================================================================
[2025-06-26T04:46:39.562+0000] {manager.py:879} INFO - 
================================================================================
DAG File Processing Stats

File Path                                  PID  Runtime      # DAGs    # Errors  Last Runtime    Last Run
---------------------------------------  -----  ---------  --------  ----------  --------------  -------------------
/opt/airflow/dags/maintenance_dag.py       252  0.01s             1           0  0.20s           2025-06-26T04:46:09
/opt/airflow/dags/restaurant_etl_dag.py                           1           0  1.05s           2025-06-26T04:46:10
================================================================================
[2025-06-26T04:47:10.018+0000] {manager.py:879} INFO - 
================================================================================
DAG File Processing Stats

File Path                                  PID  Runtime      # DAGs    # Errors  Last Runtime    Last Run
---------------------------------------  -----  ---------  --------  ----------  --------------  -------------------
/opt/airflow/dags/maintenance_dag.py       269  0.01s             1           0  0.27s           2025-06-26T04:46:39
/opt/airflow/dags/restaurant_etl_dag.py                           1           0  0.38s           2025-06-26T04:46:41
================================================================================
[2025-06-26T04:47:40.351+0000] {manager.py:879} INFO - 
================================================================================
DAG File Processing Stats

File Path                                  PID  Runtime      # DAGs    # Errors  Last Runtime    Last Run
---------------------------------------  -----  ---------  --------  ----------  --------------  -------------------
/opt/airflow/dags/maintenance_dag.py       286  0.01s             1           0  0.14s           2025-06-26T04:47:10
/opt/airflow/dags/restaurant_etl_dag.py                           1           0  0.31s           2025-06-26T04:47:11
================================================================================
[2025-06-26T04:48:10.651+0000] {manager.py:879} INFO - 
================================================================================
DAG File Processing Stats

File Path                                  PID  Runtime      # DAGs    # Errors  Last Runtime    Last Run
---------------------------------------  -----  ---------  --------  ----------  --------------  -------------------
/opt/airflow/dags/maintenance_dag.py       303  0.01s             1           0  0.12s           2025-06-26T04:47:40
/opt/airflow/dags/restaurant_etl_dag.py                           1           0  0.33s           2025-06-26T04:47:42
================================================================================
[2025-06-26T04:48:40.987+0000] {manager.py:879} INFO - 
================================================================================
DAG File Processing Stats

File Path                                  PID  Runtime      # DAGs    # Errors  Last Runtime    Last Run
---------------------------------------  -----  ---------  --------  ----------  --------------  -------------------
/opt/airflow/dags/maintenance_dag.py       320  0.01s             1           0  0.14s           2025-06-26T04:48:10
/opt/airflow/dags/restaurant_etl_dag.py                           1           0  0.34s           2025-06-26T04:48:13
================================================================================
[2025-06-26T04:49:11.290+0000] {manager.py:879} INFO - 
================================================================================
DAG File Processing Stats

File Path                                  PID  Runtime      # DAGs    # Errors  Last Runtime    Last Run
---------------------------------------  -----  ---------  --------  ----------  --------------  -------------------
/opt/airflow/dags/maintenance_dag.py       337  0.01s             1           0  0.10s           2025-06-26T04:48:41
/opt/airflow/dags/restaurant_etl_dag.py                           1           0  0.31s           2025-06-26T04:48:44
================================================================================
[2025-06-26T04:49:41.653+0000] {manager.py:879} INFO - 
================================================================================
DAG File Processing Stats

File Path                                  PID  Runtime      # DAGs    # Errors  Last Runtime    Last Run
---------------------------------------  -----  ---------  --------  ----------  --------------  -------------------
/opt/airflow/dags/maintenance_dag.py       361  0.01s             1           0  0.12s           2025-06-26T04:49:11
/opt/airflow/dags/restaurant_etl_dag.py                           1           0  0.34s           2025-06-26T04:49:14
================================================================================
[2025-06-26T04:50:11.967+0000] {manager.py:879} INFO - 
================================================================================
DAG File Processing Stats

File Path                                  PID  Runtime      # DAGs    # Errors  Last Runtime    Last Run
---------------------------------------  -----  ---------  --------  ----------  --------------  -------------------
/opt/airflow/dags/maintenance_dag.py       380  0.01s             1           0  0.11s           2025-06-26T04:49:41
/opt/airflow/dags/restaurant_etl_dag.py                           1           0  0.37s           2025-06-26T04:49:45
================================================================================
[2025-06-26T04:50:42.293+0000] {manager.py:879} INFO - 
================================================================================
DAG File Processing Stats

File Path                                  PID  Runtime      # DAGs    # Errors  Last Runtime    Last Run
---------------------------------------  -----  ---------  --------  ----------  --------------  -------------------
/opt/airflow/dags/maintenance_dag.py       397  0.01s             1           0  0.15s           2025-06-26T04:50:12
/opt/airflow/dags/restaurant_etl_dag.py                           1           0  0.35s           2025-06-26T04:50:16
================================================================================
[2025-06-26T04:51:08.873+0000] {manager.py:738} INFO - Searching for files in /opt/airflow/dags
[2025-06-26T04:51:08.900+0000] {manager.py:741} INFO - There are 2 files in /opt/airflow/dags
[2025-06-26T04:51:12.599+0000] {manager.py:879} INFO - 
================================================================================
DAG File Processing Stats

File Path                                  PID  Runtime      # DAGs    # Errors  Last Runtime    Last Run
---------------------------------------  -----  ---------  --------  ----------  --------------  -------------------
/opt/airflow/dags/maintenance_dag.py       414  0.01s             1           0  0.11s           2025-06-26T04:50:42
/opt/airflow/dags/restaurant_etl_dag.py                           1           0  0.33s           2025-06-26T04:50:46
================================================================================
[2025-06-26T04:51:42.985+0000] {manager.py:879} INFO - 
================================================================================
DAG File Processing Stats

File Path                                  PID  Runtime      # DAGs    # Errors  Last Runtime    Last Run
---------------------------------------  -----  ---------  --------  ----------  --------------  -------------------
/opt/airflow/dags/maintenance_dag.py       431  0.01s             1           0  0.20s           2025-06-26T04:51:12
/opt/airflow/dags/restaurant_etl_dag.py                           1           0  0.54s           2025-06-26T04:51:17
================================================================================
[2025-06-26T04:52:13.400+0000] {manager.py:879} INFO - 
================================================================================
DAG File Processing Stats

File Path                                  PID  Runtime      # DAGs    # Errors  Last Runtime    Last Run
---------------------------------------  -----  ---------  --------  ----------  --------------  -------------------
/opt/airflow/dags/maintenance_dag.py       448  0.01s             1           0  0.21s           2025-06-26T04:51:43
/opt/airflow/dags/restaurant_etl_dag.py                           1           0  0.28s           2025-06-26T04:51:48
================================================================================
