[2025-06-26T22:36:55.234+0000] {taskinstance.py:1956} INFO - Dependencies all met for dep_context=non-requeueable deps ti=<TaskInstance: restaurant_maintenance.system_health_check manual__2025-06-26T22:36:54.444308+00:00 [queued]>
[2025-06-26T22:36:55.240+0000] {taskinstance.py:1956} INFO - Dependencies all met for dep_context=requeueable deps ti=<TaskInstance: restaurant_maintenance.system_health_check manual__2025-06-26T22:36:54.444308+00:00 [queued]>
[2025-06-26T22:36:55.241+0000] {taskinstance.py:2170} INFO - Starting attempt 1 of 2
[2025-06-26T22:36:55.252+0000] {taskinstance.py:2191} INFO - Executing <Task(PythonOperator): system_health_check> on 2025-06-26 22:36:54.444308+00:00
[2025-06-26T22:36:55.258+0000] {standard_task_runner.py:60} INFO - Started process 313 to run task
[2025-06-26T22:36:55.260+0000] {standard_task_runner.py:87} INFO - Running: ['airflow', 'tasks', 'run', 'restaurant_maintenance', 'system_health_check', 'manual__2025-06-26T22:36:54.444308+00:00', '--job-id', '66', '--raw', '--subdir', 'DAGS_FOLDER/maintenance_dag.py', '--cfg-path', '/tmp/tmph4w5x9zq']
[2025-06-26T22:36:55.262+0000] {standard_task_runner.py:88} INFO - Job 66: Subtask system_health_check
[2025-06-26T22:36:55.303+0000] {task_command.py:423} INFO - Running <TaskInstance: restaurant_maintenance.system_health_check manual__2025-06-26T22:36:54.444308+00:00 [running]> on host d3028e9b49fd
[2025-06-26T22:36:55.361+0000] {taskinstance.py:2480} INFO - Exporting env vars: AIRFLOW_CTX_DAG_OWNER='restaurant-admin' AIRFLOW_CTX_DAG_ID='restaurant_maintenance' AIRFLOW_CTX_TASK_ID='system_health_check' AIRFLOW_CTX_EXECUTION_DATE='2025-06-26T22:36:54.444308+00:00' AIRFLOW_CTX_TRY_NUMBER='1' AIRFLOW_CTX_DAG_RUN_ID='manual__2025-06-26T22:36:54.444308+00:00'
[2025-06-26T22:36:55.363+0000] {maintenance_dag.py:37} INFO - 🏥 Verificando salud del sistema...
[2025-06-26T22:36:55.372+0000] {maintenance_dag.py:73} INFO - 📊 Actividad hoy: 0 pedidos
[2025-06-26T22:36:55.373+0000] {maintenance_dag.py:74} INFO - 📅 Último pedido: None
[2025-06-26T22:36:55.374+0000] {maintenance_dag.py:87} INFO - 📈 Estadísticas generales:
[2025-06-26T22:36:55.375+0000] {maintenance_dag.py:88} INFO -    Total pedidos: 30
[2025-06-26T22:36:55.375+0000] {maintenance_dag.py:89} INFO -    Completados: 27
[2025-06-26T22:36:55.375+0000] {maintenance_dag.py:90} INFO -    Cancelados: 3
[2025-06-26T22:36:55.376+0000] {maintenance_dag.py:91} INFO -    Clientes únicos: 15
[2025-06-26T22:36:55.386+0000] {maintenance_dag.py:102} INFO - 🔍 ElasticSearch: yellow
[2025-06-26T22:36:55.387+0000] {maintenance_dag.py:110} INFO - ✅ Reporte de salud completo: {'timestamp': '2025-06-26T22:36:55.363868', 'postgres': 'healthy', 'elasticsearch': 'yellow', 'data_freshness': 'Último pedido: None, Pedidos hoy: 0'}
[2025-06-26T22:36:55.387+0000] {python.py:201} INFO - Done. Returned value was: {'timestamp': '2025-06-26T22:36:55.363868', 'postgres': 'healthy', 'elasticsearch': 'yellow', 'data_freshness': 'Último pedido: None, Pedidos hoy: 0'}
[2025-06-26T22:36:55.409+0000] {taskinstance.py:1138} INFO - Marking task as SUCCESS. dag_id=restaurant_maintenance, task_id=system_health_check, execution_date=20250626T223654, start_date=20250626T223655, end_date=20250626T223655
[2025-06-26T22:36:55.433+0000] {local_task_job_runner.py:234} INFO - Task exited with return code 0
[2025-06-26T22:36:55.453+0000] {taskinstance.py:3280} INFO - 3 downstream tasks scheduled from follow-on schedule check
